Component: ARM Compiler 5.06 update 7 (build 960) Tool: armlink [4d3601]

==============================================================================

Section Cross References

    startup_stm32f427xx.o(RESET) refers to startup_stm32f427xx.o(STACK) for __initial_sp
    startup_stm32f427xx.o(RESET) refers to startup_stm32f427xx.o(.text) for Reset_Handler
    startup_stm32f427xx.o(RESET) refers to stm32f4xx_it.o(i.NMI_Handler) for NMI_Handler
    startup_stm32f427xx.o(RESET) refers to stm32f4xx_it.o(i.HardFault_Handler) for HardFault_Handler
    startup_stm32f427xx.o(RESET) refers to stm32f4xx_it.o(i.MemManage_Handler) for MemManage_Handler
    startup_stm32f427xx.o(RESET) refers to stm32f4xx_it.o(i.BusFault_Handler) for BusFault_Handler
    startup_stm32f427xx.o(RESET) refers to stm32f4xx_it.o(i.UsageFault_Handler) for UsageFault_Handler
    startup_stm32f427xx.o(RESET) refers to port.o(.emb_text) for SVC_Handler
    startup_stm32f427xx.o(RESET) refers to stm32f4xx_it.o(i.DebugMon_Handler) for DebugMon_Handler
    startup_stm32f427xx.o(RESET) refers to cmsis_os2.o(i.SysTick_Handler) for SysTick_Handler
    startup_stm32f427xx.o(RESET) refers to stm32f4xx_it.o(i.CAN1_RX0_IRQHandler) for CAN1_RX0_IRQHandler
    startup_stm32f427xx.o(RESET) refers to stm32f4xx_it.o(i.USART1_IRQHandler) for USART1_IRQHandler
    startup_stm32f427xx.o(RESET) refers to stm32f4xx_it.o(i.TIM8_TRG_COM_TIM14_IRQHandler) for TIM8_TRG_COM_TIM14_IRQHandler
    startup_stm32f427xx.o(RESET) refers to stm32f4xx_it.o(i.DMA2_Stream1_IRQHandler) for DMA2_Stream1_IRQHandler
    startup_stm32f427xx.o(RESET) refers to stm32f4xx_it.o(i.DMA2_Stream2_IRQHandler) for DMA2_Stream2_IRQHandler
    startup_stm32f427xx.o(RESET) refers to stm32f4xx_it.o(i.CAN2_RX0_IRQHandler) for CAN2_RX0_IRQHandler
    startup_stm32f427xx.o(RESET) refers to stm32f4xx_it.o(i.DMA2_Stream6_IRQHandler) for DMA2_Stream6_IRQHandler
    startup_stm32f427xx.o(RESET) refers to stm32f4xx_it.o(i.USART6_IRQHandler) for USART6_IRQHandler
    startup_stm32f427xx.o(.text) refers to system_stm32f4xx.o(i.SystemInit) for SystemInit
    startup_stm32f427xx.o(.text) refers to entry.o(.ARM.Collect$$$$00000000) for __main
    main.o(i.HAL_TIM_PeriodElapsedCallback) refers to stm32f4xx_hal.o(i.HAL_IncTick) for HAL_IncTick
    main.o(i.SystemClock_Config) refers to memseta.o(.text) for __aeabi_memclr4
    main.o(i.SystemClock_Config) refers to stm32f4xx_hal_rcc.o(i.HAL_RCC_OscConfig) for HAL_RCC_OscConfig
    main.o(i.SystemClock_Config) refers to stm32f4xx_hal_rcc.o(i.HAL_RCC_ClockConfig) for HAL_RCC_ClockConfig
    main.o(i.main) refers to stm32f4xx_hal.o(i.HAL_Init) for HAL_Init
    main.o(i.main) refers to main.o(i.SystemClock_Config) for SystemClock_Config
    main.o(i.main) refers to gpio.o(i.MX_GPIO_Init) for MX_GPIO_Init
    main.o(i.main) refers to dma.o(i.MX_DMA_Init) for MX_DMA_Init
    main.o(i.main) refers to can.o(i.MX_CAN1_Init) for MX_CAN1_Init
    main.o(i.main) refers to can.o(i.MX_CAN2_Init) for MX_CAN2_Init
    main.o(i.main) refers to usart.o(i.MX_USART1_UART_Init) for MX_USART1_UART_Init
    main.o(i.main) refers to tim.o(i.MX_TIM5_Init) for MX_TIM5_Init
    main.o(i.main) refers to usart.o(i.MX_USART6_UART_Init) for MX_USART6_UART_Init
    main.o(i.main) refers to remote.o(i.Remote_init) for Remote_init
    main.o(i.main) refers to bsp_can.o(i.CanFilterInit) for CanFilterInit
    main.o(i.main) refers to cmsis_os2.o(i.osKernelInitialize) for osKernelInitialize
    main.o(i.main) refers to freertos.o(i.MX_FREERTOS_Init) for MX_FREERTOS_Init
    main.o(i.main) refers to cmsis_os2.o(i.osKernelStart) for osKernelStart
    main.o(i.main) refers to can.o(.bss) for hcan1
    gpio.o(i.MX_GPIO_Init) refers to memseta.o(.text) for __aeabi_memclr4
    gpio.o(i.MX_GPIO_Init) refers to stm32f4xx_hal_gpio.o(i.HAL_GPIO_WritePin) for HAL_GPIO_WritePin
    gpio.o(i.MX_GPIO_Init) refers to stm32f4xx_hal_gpio.o(i.HAL_GPIO_Init) for HAL_GPIO_Init
    freertos.o(i.MX_FREERTOS_Init) refers to cmsis_os2.o(i.osTimerNew) for osTimerNew
    freertos.o(i.MX_FREERTOS_Init) refers to cmsis_os2.o(i.osTimerStart) for osTimerStart
    freertos.o(i.MX_FREERTOS_Init) refers to cmsis_os2.o(i.osThreadNew) for osThreadNew
    freertos.o(i.MX_FREERTOS_Init) refers to freertos.o(.constdata) for .constdata
    freertos.o(i.MX_FREERTOS_Init) refers to freertos.o(i.SuperviseTimer) for SuperviseTimer
    freertos.o(i.MX_FREERTOS_Init) refers to freertos.o(.data) for .data
    freertos.o(i.MX_FREERTOS_Init) refers to freertos.o(i.StartShootTask) for StartShootTask
    freertos.o(i.MX_FREERTOS_Init) refers to freertos.o(i.StartPositionTask) for StartPositionTask
    freertos.o(i.MX_FREERTOS_Init) refers to freertos.o(i.StartUserCmdTask) for StartUserCmdTask
    freertos.o(i.MX_FREERTOS_Init) refers to freertos.o(i.StartRefereeTask) for StartRefereeTask
    freertos.o(i.StartPositionTask) refers to position.o(i.PositionParamChange) for PositionParamChange
[...]
    .bss                                     0x200001c0   Section       72  tim.o(.bss)
    .bss                                     0x20000208   Section      424  usart.o(.bss)
    .bss                                     0x200003b0   Section       72  stm32f4xx_hal_timebase_tim.o(.bss)
    .bss                                     0x200003f8   Section       64  queue.o(.bss)
    .bss                                     0x20000438   Section     1220  tasks.o(.bss)
    pxReadyTasksLists                        0x20000438   Data        1120  tasks.o(.bss)
    xDelayedTaskList1                        0x20000898   Data          20  tasks.o(.bss)
    xDelayedTaskList2                        0x200008ac   Data          20  tasks.o(.bss)
    xPendingReadyList                        0x200008c0   Data          20  tasks.o(.bss)
    xTasksWaitingTermination                 0x200008d4   Data          20  tasks.o(.bss)
    xSuspendedTaskList                       0x200008e8   Data          20  tasks.o(.bss)
    .bss                                     0x200008fc   Section      280  timers.o(.bss)
    xStaticTimerQueue                        0x200008fc   Data          80  timers.o(.bss)
    ucStaticTimerQueueStorage                0x2000094c   Data         160  timers.o(.bss)
    xActiveTimerList1                        0x200009ec   Data          20  timers.o(.bss)
    xActiveTimerList2                        0x20000a00   Data          20  timers.o(.bss)
    .bss                                     0x20000a14   Section     1720  cmsis_os2.o(.bss)
    Idle_TCB                                 0x20000a14   Data          92  cmsis_os2.o(.bss)
    Idle_Stack                               0x20000a70   Data         512  cmsis_os2.o(.bss)
    Timer_TCB                                0x20000c70   Data          92  cmsis_os2.o(.bss)
    Timer_Stack                              0x20000ccc   Data        1024  cmsis_os2.o(.bss)
    .bss                                     0x200010cc   Section    15360  heap_4.o(.bss)
    ucHeap                                   0x200010cc   Data       15360  heap_4.o(.bss)
    .bss                                     0x20004ccc   Section      272  motor.o(.bss)
    .bss                                     0x20004ddc   Section      272  motor.o(.bss)
    .bss                                     0x20004eec   Section      272  motor.o(.bss)
    .bss                                     0x20004ffc   Section      272  motor.o(.bss)
    .bss                                     0x2000510c   Section      272  motor.o(.bss)
    .bss                                     0x2000521c   Section      272  motor.o(.bss)
    .bss                                     0x2000532c   Section      272  motor.o(.bss)
    .bss                                     0x2000543c   Section      272  motor.o(.bss)
    .bss                                     0x2000554c   Section      272  motor.o(.bss)
    .bss                                     0x2000565c   Section      272  motor.o(.bss)
    .bss                                     0x2000576c   Section      272  motor.o(.bss)
    .bss                                     0x2000587c   Section      272  motor.o(.bss)
    .bss                                     0x2000598c   Section      272  motor.o(.bss)
    .bss                                     0x20005a9c   Section      272  motor.o(.bss)
    .bss                                     0x20005bac   Section      272  motor.o(.bss)
    .bss                                     0x20005cbc   Section      272  motor.o(.bss)
    .bss                                     0x20005dcc   Section      132  remote.o(.bss)
    .bss                                     0x20005e50   Section       48  supervise.o(.bss)
    .bss                                     0x20005e80   Section       60  robot.o(.bss)
    .bss                                     0x20005ebc   Section      102  referee_solve.o(.bss)
    .bss                                     0x20005f24   Section     1185  referee_usart.o(.bss)
    .bss                                     0x200063c5   Section     1024  referee_usart.o(.bss)
    STACK                                    0x200067c8   Section     1024  startup_stm32f427xx.o(STACK)

    Global Symbols

    Symbol Name                              Value     Ov Type        Size  Object(Section)

    BuildAttributes$$THM_ISAv4$E$P$D$K$B$S$7EM$VFPi3$EXTD16$VFPS$VFMA$PE$A:L22UL41UL21$X:L11$S22US41US21$IEEE1$IW$USESV6$~STKCKD$USESV7$~SHL$OTIME$ROPI$IEEEJ$EBA8$MICROLIB$REQ8$PRES8$EABIv2 0x00000000   Number         0  anon$$obj.o ABSOLUTE
    __ARM_use_no_argv                        0x00000000   Number         0  main.o ABSOLUTE
    __arm_fini_                               - Undefined Weak Reference
    __cpp_initialize__aeabi_                  - Undefined Weak Reference
    __cxa_finalize                            - Undefined Weak Reference
    _clock_init                               - Undefined Weak Reference
    _microlib_exit                            - Undefined Weak Reference
    __Vectors_Size                           0x000001ac   Number         0  startup_stm32f427xx.o ABSOLUTE
    __Vectors                                0x08000000   Data           4  startup_stm32f427xx.o(RESET)
    __Vectors_End                            0x080001ac   Data           0  startup_stm32f427xx.o(RESET)
    __main                                   0x080001ad   Thumb Code     0  entry.o(.ARM.Collect$$$$00000000)
    _main_stk                                0x080001ad   Thumb Code     0  entry2.o(.ARM.Collect$$$$00000001)
    _main_scatterload                        0x080001b1   Thumb Code     0  entry5.o(.ARM.Collect$$$$00000004)
    __main_after_scatterload                 0x080001b5   Thumb Code     0  entry5.o(.ARM.Collect$$$$00000004)
    _main_clock                              0x080001b5   Thumb Code     0  entry7b.o(.ARM.Collect$$$$00000008)
    _main_cpp_init                           0x080001b5   Thumb Code     0  entry8b.o(.ARM.Collect$$$$0000000A)
    _main_init                               0x080001b5   Thumb Code     0  entry9a.o(.ARM.Collect$$$$0000000B)
    __rt_lib_shutdown_fini                   0x080001bd   Thumb Code     0  entry12b.o(.ARM.Collect$$$$0000000E)
    __rt_final_cpp                           0x080001c1   Thumb Code     0  entry10a.o(.ARM.Collect$$$$0000000F)
    __rt_final_exit                          0x080001c1   Thumb Code     0  entry11a.o(.ARM.Collect$$$$00000011)
    SVC_Handler                              0x080001c5   Thumb Code    28  port.o(.emb_text)
    __asm___6_port_c_39a90d8d__prvStartFirstTask 0x080001e5   Thumb Code    36  port.o(.emb_text)
    __asm___6_port_c_39a90d8d__prvEnableVFP  0x0800020d   Thumb Code    16  port.o(.emb_text)
    PendSV_Handler                           0x08000221   Thumb Code    88  port.o(.emb_text)
    vPortGetIPSR                             0x0800027d   Thumb Code     6  port.o(.emb_text)
    Reset_Handler                            0x08000285   Thumb Code     8  startup_stm32f427xx.o(.text)
    ADC_IRQHandler                           0x0800029f   Thumb Code     0  startup_stm32f427xx.o(.text)
    CAN1_RX1_IRQHandler                      0x0800029f   Thumb Code     0  startup_stm32f427xx.o(.text)
    CAN1_SCE_IRQHandler                      0x0800029f   Thumb Code     0  startup_stm32f427xx.o(.text)
    CAN1_TX_IRQHandler                       0x0800029f   Thumb Code     0  startup_stm32f427xx.o(.text)
    CAN2_RX1_IRQHandler                      0x0800029f   Thumb Code     0  startup_stm32f427xx.o(.text)
    CAN2_SCE_IRQHandler                      0x0800029f   Thumb Code     0  startup_stm32f427xx.o(.text)
    CAN2_TX_IRQHandler                       0x0800029f   Thumb Code     0  startup_stm32f427xx.o(.text)
    DCMI_IRQHandler                          0x0800029f   Thumb Code     0  startup_stm32f427xx.o(.text)
    DMA1_Stream0_IRQHandler                  0x0800029f   Thumb Code     0  startup_stm32f427xx.o(.text)
    DMA1_Stream1_IRQHandler                  0x0800029f   Thumb Code     0  startup_stm32f427xx.o(.text)
    DMA1_Stream2_IRQHandler                  0x0800029f   Thumb Code     0  startup_stm32f427xx.o(.text)
    DMA1_Stream3_IRQHandler                  0x0800029f   Thumb Code     0  startup_stm32f427xx.o(.text)
    DMA1_Stream4_IRQHandler                  0x0800029f   Thumb Code     0  startup_stm32f427xx.o(.text)
    DMA1_Stream5_IRQHandler                  0x0800029f   Thumb Code     0  startup_stm32f427xx.o(.text)
    DMA1_Stream6_IRQHandler                  0x0800029f   Thumb Code     0  startup_stm32f427xx.o(.text)
    DMA1_Stream7_IRQHandler                  0x0800029f   Thumb Code     0  startup_stm32f427xx.o(.text)
    DMA2D_IRQHandler                         0x0800029f   Thumb Code     0  startup_stm32f427xx.o(.text)
    DMA2_Stream0_IRQHandler                  0x0800029f   Thumb Code     0  startup_stm32f427xx.o(.text)
    DMA2_Stream3_IRQHandler                  0x0800029f   Thumb Code     0  startup_stm32f427xx.o(.text)
    DMA2_Stream4_IRQHandler                  0x0800029f   Thumb Code     0  startup_stm32f427xx.o(.text)
    DMA2_Stream5_IRQHandler                  0x0800029f   Thumb Code     0  startup_stm32f427xx.o(.text)
    DMA2_Stream7_IRQHandler                  0x0800029f   Thumb Code     0  startup_stm32f427xx.o(.text)
    ETH_IRQHandler                           0x0800029f   Thumb Code     0  startup_stm32f427xx.o(.text)
    ETH_WKUP_IRQHandler                      0x0800029f   Thumb Code     0  startup_stm32f427xx.o(.text)
    EXTI0_IRQHandler                         0x0800029f   Thumb Code     0  startup_stm32f427xx.o(.text)
    EXTI15_10_IRQHandler                     0x0800029f   Thumb Code     0  startup_stm32f427xx.o(.text)
    EXTI1_IRQHandler                         0x0800029f   Thumb Code     0  startup_stm32f427xx.o(.text)
    EXTI2_IRQHandler                         0x0800029f   Thumb Code     0  startup_stm32f427xx.o(.text)
    EXTI3_IRQHandler                         0x0800029f   Thumb Code     0  startup_stm32f427xx.o(.text)
    EXTI4_IRQHandler                         0x0800029f   Thumb Code     0  startup_stm32f427xx.o(.text)
    EXTI9_5_IRQHandler                       0x0800029f   Thumb Code     0  startup_stm32f427xx.o(.text)
    FLASH_IRQHandler                         0x0800029f   Thumb Code     0  startup_stm32f427xx.o(.text)
    FMC_IRQHandler                           0x0800029f   Thumb Code     0  startup_stm32f427xx.o(.text)
    FPU_IRQHandler                           0x0800029f   Thumb Code     0  startup_stm32f427xx.o(.text)
    HASH_RNG_IRQHandler                      0x0800029f   Thumb Code     0  startup_stm32f427xx.o(.text)
    I2C1_ER_IRQHandler                       0x0800029f   Thumb Code     0  startup_stm32f427xx.o(.text)
    I2C1_EV_IRQHandler                       0x0800029f   Thumb Code     0  startup_stm32f427xx.o(.text)
    I2C2_ER_IRQHandler                       0x0800029f   Thumb Code     0  startup_stm32f427xx.o(.text)
    I2C2_EV_IRQHandler                       0x0800029f   Thumb Code     0  startup_stm32f427xx.o(.text)
    I2C3_ER_IRQHandler                       0x0800029f   Thumb Code     0  startup_stm32f427xx.o(.text)
    I2C3_EV_IRQHandler                       0x0800029f   Thumb Code     0  startup_stm32f427xx.o(.text)
    OTG_FS_IRQHandler                        0x0800029f   Thumb Code     0  startup_stm32f427xx.o(.text)
    OTG_FS_WKUP_IRQHandler                   0x0800029f   Thumb Code     0  startup_stm32f427xx.o(.text)
    OTG_HS_EP1_IN_IRQHandler                 0x0800029f   Thumb Code     0  startup_stm32f427xx.o(.text)
    OTG_HS_EP1_OUT_IRQHandler                0x0800029f   Thumb Code     0  startup_stm32f427xx.o(.text)
    OTG_HS_IRQHandler                        0x0800029f   Thumb Code     0  startup_stm32f427xx.o(.text)
    OTG_HS_WKUP_IRQHandler                   0x0800029f   Thumb Code     0  startup_stm32f427xx.o(.text)
    PVD_IRQHandler                           0x0800029f   Thumb Code     0  startup_stm32f427xx.o(.text)
    RCC_IRQHandler                           0x0800029f   Thumb Code     0  startup_stm32f427xx.o(.text)
    RTC_Alarm_IRQHandler                     0x0800029f   Thumb Code     0  startup_stm32f427xx.o(.text)
    RTC_WKUP_IRQHandler                      0x0800029f   Thumb Code     0  startup_stm32f427xx.o(.text)
    SAI1_IRQHandler                          0x0800029f   Thumb Code     0  startup_stm32f427xx.o(.text)
    SDIO_IRQHandler                          0x0800029f   Thumb Code     0  startup_stm32f427xx.o(.text)
    SPI1_IRQHandler                          0x0800029f   Thumb Code     0  startup_stm32f427xx.o(.text)
    SPI2_IRQHandler                          0x0800029f   Thumb Code     0  startup_stm32f427xx.o(.text)
    SPI3_IRQHandler                          0x0800029f   Thumb Code     0  startup_stm32f427xx.o(.text)
    SPI4_IRQHandler                          0x0800029f   Thumb Code     0  startup_stm32f427xx.o(.text)
    SPI5_IRQHandler                          0x0800029f   Thumb Code     0  startup_stm32f427xx.o(.text)
    SPI6_IRQHandler                          0x0800029f   Thumb Code     0  startup_stm32f427xx.o(.text)
    TAMP_STAMP_IRQHandler                    0x0800029f   Thumb Code     0  startup_stm32f427xx.o(.text)
    TIM1_BRK_TIM9_IRQHandler                 0x0800029f   Thumb Code     0  startup_stm32f427xx.o(.text)
    TIM1_CC_IRQHandler                       0x0800029f   Thumb Code     0  startup_stm32f427xx.o(.text)
    TIM1_TRG_COM_TIM11_IRQHandler            0x0800029f   Thumb Code     0  startup_stm32f427xx.o(.text)
    TIM1_UP_TIM10_IRQHandler                 0x0800029f   Thumb Code     0  startup_stm32f427xx.o(.text)
    TIM2_IRQHandler                          0x0800029f   Thumb Code     0  startup_stm32f427xx.o(.text)
    TIM3_IRQHandler                          0x0800029f   Thumb Code     0  startup_stm32f427xx.o(.text)
    TIM4_IRQHandler                          0x0800029f   Thumb Code     0  startup_stm32f427xx.o(.text)
    TIM5_IRQHandler                          0x0800029f   Thumb Code     0  startup_stm32f427xx.o(.text)
    TIM6_DAC_IRQHandler                      0x0800029f   Thumb Code     0  startup_stm32f427xx.o(.text)
    TIM7_IRQHandler                          0x0800029f   Thumb Code     0  startup_stm32f427xx.o(.text)
    TIM8_BRK_TIM12_IRQHandler                0x0800029f   Thumb Code     0  startup_stm32f427xx.o(.text)
    TIM8_CC_IRQHandler                       0x0800029f   Thumb Code     0  startup_stm32f427xx.o(.text)
    TIM8_UP_TIM13_IRQHandler                 0x0800029f   Thumb Code     0  startup_stm32f427xx.o(.text)
    UART4_IRQHandler                         0x0800029f   Thumb Code     0  startup_stm32f427xx.o(.text)
    UART5_IRQHandler                         0x0800029f   Thumb Code     0  startup_stm32f427xx.o(.text)
    UART7_IRQHandler                         0x0800029f   Thumb Code     0  startup_stm32f427xx.o(.text)
    UART8_IRQHandler                         0x0800029f   Thumb Code     0  startup_stm32f427xx.o(.text)
    USART2_IRQHandler                        0x0800029f   Thumb Code     0  startup_stm32f427xx.o(.text)
    USART3_IRQHandler                        0x0800029f   Thumb Code     0  startup_stm32f427xx.o(.text)
    WWDG_IRQHandler                          0x0800029f   Thumb Code     0  startup_stm32f427xx.o(.text)
    __aeabi_uldivmod                         0x080002a9   Thumb Code    98  uldiv.o(.text)
    __aeabi_memcpy                           0x0800030b   Thumb Code    36  memcpya.o(.text)
    __aeabi_memcpy4                          0x0800030b   Thumb Code     0  memcpya.o(.text)
    __aeabi_memcpy8                          0x0800030b   Thumb Code     0  memcpya.o(.text)
    __aeabi_memset                           0x0800032f   Thumb Code    14  memseta.o(.text)
    __aeabi_memset4                          0x0800032f   Thumb Code     0  memseta.o(.text)
    __aeabi_memset8                          0x0800032f   Thumb Code     0  memseta.o(.text)
    __aeabi_memclr                           0x0800033d   Thumb Code     4  memseta.o(.text)
    __aeabi_memclr4                          0x0800033d   Thumb Code     0  memseta.o(.text)
    __aeabi_memclr8                          0x0800033d   Thumb Code     0  memseta.o(.text)
    memset                                   0x08000341   Thumb Code    18  memseta.o(.text)
    __aeabi_dmul                             0x08000353   Thumb Code   228  dmul.o(.text)
    __aeabi_i2d                              0x08000437   Thumb Code    34  dflti.o(.text)
    __aeabi_f2d                              0x08000459   Thumb Code    38  f2d.o(.text)
    __aeabi_d2f                              0x0800047f   Thumb Code    56  d2f.o(.text)
    __aeabi_llsl                             0x080004b7   Thumb Code    30  llshl.o(.text)
    _ll_shift_l                              0x080004b7   Thumb Code     0  llshl.o(.text)
    __aeabi_llsr                             0x080004d5   Thumb Code    32  llushr.o(.text)
    _ll_ushift_r                             0x080004d5   Thumb Code     0  llushr.o(.text)
    __I$use$fp                               0x080004f5   Thumb Code     0  iusefp.o(.text)
    _float_round                             0x080004f5   Thumb Code    18  fepilogue.o(.text)
    _float_epilogue                          0x08000507   Thumb Code    92  fepilogue.o(.text)
    _double_round                            0x08000563   Thumb Code    30  depilogue.o(.text)
    _double_epilogue                         0x08000581   Thumb Code   156  depilogue.o(.text)
    __scatterload                            0x0800061d   Thumb Code    28  init.o(.text)
    __scatterload_rt2                        0x0800061d   Thumb Code     0  init.o(.text)
    __decompress                             0x08000641   Thumb Code     0  __dczerorl2.o(.text)
    __decompress1                            0x08000641   Thumb Code    86  __dczerorl2.o(.text)
    ActParamInit                             0x08000699   Thumb Code    44  robot.o(i.ActParamInit)
    AutoShoot                                0x080006d1   Thumb Code    94  shoot.o(i.AutoShoot)
    BusFault_Handler                         0x0800073d   Thumb Code     2  stm32f4xx_it.o(i.BusFault_Handler)
    CAN1_RX0_IRQHandler                      0x08000741   Thumb Code     6  stm32f4xx_it.o(i.CAN1_RX0_IRQHandler)
    CAN2_RX0_IRQHandler                      0x0800074d   Thumb Code     6  stm32f4xx_it.o(i.CAN2_RX0_IRQHandler)
    Can1DataReceive                          0x08000759   Thumb Code   130  bsp_can.o(i.Can1DataReceive)
    Can2DataReceive                          0x080007fd   Thumb Code   130  bsp_can.o(i.Can2DataReceive)
    CanFilterInit                            0x080008a1   Thumb Code   188  bsp_can.o(i.CanFilterInit)
    CanTransmit_1234                         0x08000965   Thumb Code    56  motor.o(i.CanTransmit_1234)
    CanTransmit_5678                         0x080009a1   Thumb Code    56  motor.o(i.CanTransmit_5678)
    ChangeDart                               0x080009dd   Thumb Code    50  shoot.o(i.ChangeDart)
    DMA2_Stream1_IRQHandler                  0x08000a19   Thumb Code     6  stm32f4xx_it.o(i.DMA2_Stream1_IRQHandler)
    DMA2_Stream2_IRQHandler                  0x08000a25   Thumb Code     6  stm32f4xx_it.o(i.DMA2_Stream2_IRQHandler)
    DMA2_Stream6_IRQHandler                  0x08000a31   Thumb Code     6  stm32f4xx_it.o(i.DMA2_Stream6_IRQHandler)
    DartParamInit                            0x08000ae1   Thumb Code   782  robot.o(i.DartParamInit)
    DartStateChange                          0x08000e65   Thumb Code   304  robot.o(i.DartStateChange)
    DebugMon_Handler                         0x08000fd5   Thumb Code     2  stm32f4xx_it.o(i.DebugMon_Handler)
    Error_Handler                            0x08000fd7   Thumb Code     4  main.o(i.Error_Handler)
    HAL_CAN_ActivateNotification             0x08000fdb   Thumb Code    36  stm32f4xx_hal_can.o(i.HAL_CAN_ActivateNotification)
    HAL_CAN_AddTxMessage                     0x08000fff   Thumb Code   220  stm32f4xx_hal_can.o(i.HAL_CAN_AddTxMessage)
    HAL_CAN_ConfigFilter                     0x080010dd   Thumb Code   262  stm32f4xx_hal_can.o(i.HAL_CAN_ConfigFilter)
    HAL_CAN_ErrorCallback                    0x080011e9   Thumb Code     2  stm32f4xx_hal_can.o(i.HAL_CAN_ErrorCallback)
    HAL_CAN_GetRxMessage                     0x080011eb   Thumb Code   232  stm32f4xx_hal_can.o(i.HAL_CAN_GetRxMessage)
    HAL_CAN_IRQHandler                       0x080012d3   Thumb Code   508  stm32f4xx_hal_can.o(i.HAL_CAN_IRQHandler)
    HAL_CAN_Init                             0x080014cf   Thumb Code   282  stm32f4xx_hal_can.o(i.HAL_CAN_Init)
    HAL_CAN_MspInit                          0x080015e9   Thumb Code   228  can.o(i.HAL_CAN_MspInit)
    HAL_CAN_RxFifo0FullCallback              0x080016e5   Thumb Code     2  stm32f4xx_hal_can.o(i.HAL_CAN_RxFifo0FullCallback)
    HAL_CAN_RxFifo0MsgPendingCallback        0x080016e9   Thumb Code    56  bsp_can.o(i.HAL_CAN_RxFifo0MsgPendingCallback)
    HAL_CAN_RxFifo1FullCallback              0x0800172d   Thumb Code     2  stm32f4xx_hal_can.o(i.HAL_CAN_RxFifo1FullCallback)
    HAL_CAN_RxFifo1MsgPendingCallback        0x08001731   Thumb Code    56  bsp_can.o(i.HAL_CAN_RxFifo1MsgPendingCallback)
    HAL_CAN_SleepCallback                    0x08001775   Thumb Code     2  stm32f4xx_hal_can.o(i.HAL_CAN_SleepCallback)
    HAL_CAN_Start                            0x08001779   Thumb Code    88  stm32f4xx_hal_can.o(i.HAL_CAN_Start)
    HAL_CAN_TxMailbox0AbortCallback          0x080017d1   Thumb Code     2  stm32f4xx_hal_can.o(i.HAL_CAN_TxMailbox0AbortCallback)
    HAL_CAN_TxMailbox0CompleteCallback       0x080017d3   Thumb Code     2  stm32f4xx_hal_can.o(i.HAL_CAN_TxMailbox0CompleteCallback)
    HAL_CAN_TxMailbox1AbortCallback          0x080017d5   Thumb Code     2  stm32f4xx_hal_can.o(i.HAL_CAN_TxMailbox1AbortCallback)
    HAL_CAN_TxMailbox1CompleteCallback       0x080017d7   Thumb Code     2  stm32f4xx_hal_can.o(i.HAL_CAN_TxMailbox1CompleteCallback)
    HAL_CAN_TxMailbox2AbortCallback          0x080017d9   Thumb Code     2  stm32f4xx_hal_can.o(i.HAL_CAN_TxMailbox2AbortCallback)
    HAL_CAN_TxMailbox2CompleteCallback       0x080017db   Thumb Code     2  stm32f4xx_hal_can.o(i.HAL_CAN_TxMailbox2CompleteCallback)
    HAL_CAN_WakeUpFromRxMsgCallback          0x080017dd   Thumb Code     2  stm32f4xx_hal_can.o(i.HAL_CAN_WakeUpFromRxMsgCallback)
    HAL_DMA_Abort                            0x080017df   Thumb Code   142  stm32f4xx_hal_dma.o(i.HAL_DMA_Abort)
    HAL_DMA_IRQHandler                       0x0800186d   Thumb Code   412  stm32f4xx_hal_dma.o(i.HAL_DMA_IRQHandler)
    HAL_DMA_Init                             0x08001a0d   Thumb Code   206  stm32f4xx_hal_dma.o(i.HAL_DMA_Init)
    HAL_DMA_Start_IT                         0x08001ae1   Thumb Code   110  stm32f4xx_hal_dma.o(i.HAL_DMA_Start_IT)
    HAL_GPIO_Init                            0x08001b51   Thumb Code   508  stm32f4xx_hal_gpio.o(i.HAL_GPIO_Init)
    HAL_GPIO_ReadPin                         0x08001d81   Thumb Code    10  stm32f4xx_hal_gpio.o(i.HAL_GPIO_ReadPin)
    HAL_GPIO_WritePin                        0x08001d8b   Thumb Code    10  stm32f4xx_hal_gpio.o(i.HAL_GPIO_WritePin)
    HAL_GetTick                              0x08001d95   Thumb Code     6  stm32f4xx_hal.o(i.HAL_GetTick)
    HAL_IncTick                              0x08001da1   Thumb Code    12  stm32f4xx_hal.o(i.HAL_IncTick)
    HAL_Init                                 0x08001db1   Thumb Code    48  stm32f4xx_hal.o(i.HAL_Init)
    HAL_InitTick                             0x08001de5   Thumb Code   100  stm32f4xx_hal_timebase_tim.o(i.HAL_InitTick)
    HAL_MspInit                              0x08001e59   Thumb Code    52  stm32f4xx_hal_msp.o(i.HAL_MspInit)
    HAL_NVIC_EnableIRQ                       0x08001e91   Thumb Code    26  stm32f4xx_hal_cortex.o(i.HAL_NVIC_EnableIRQ)
    HAL_NVIC_SetPriority                     0x08001ead   Thumb Code    60  stm32f4xx_hal_cortex.o(i.HAL_NVIC_SetPriority)
    HAL_NVIC_SetPriorityGrouping             0x08001eed   Thumb Code    26  stm32f4xx_hal_cortex.o(i.HAL_NVIC_SetPriorityGrouping)
    HAL_RCC_ClockConfig                      0x08001f11   Thumb Code   288  stm32f4xx_hal_rcc.o(i.HAL_RCC_ClockConfig)
    HAL_RCC_GetClockConfig                   0x08002045   Thumb Code    54  stm32f4xx_hal_rcc.o(i.HAL_RCC_GetClockConfig)
    HAL_RCC_GetPCLK1Freq                     0x08002085   Thumb Code    20  stm32f4xx_hal_rcc.o(i.HAL_RCC_GetPCLK1Freq)
    HAL_RCC_GetPCLK2Freq                     0x080020a5   Thumb Code    20  stm32f4xx_hal_rcc.o(i.HAL_RCC_GetPCLK2Freq)
    HAL_RCC_GetSysClockFreq                  0x080020c5   Thumb Code    88  stm32f4xx_hal_rcc.o(i.HAL_RCC_GetSysClockFreq)
    HAL_RCC_OscConfig                        0x08002129   Thumb Code   856  stm32f4xx_hal_rcc.o(i.HAL_RCC_OscConfig)
    HAL_TIMEx_BreakCallback                  0x08002495   Thumb Code     2  stm32f4xx_hal_tim_ex.o(i.HAL_TIMEx_BreakCallback)
    HAL_TIMEx_CommutCallback                 0x08002497   Thumb Code     2  stm32f4xx_hal_tim_ex.o(i.HAL_TIMEx_CommutCallback)
    HAL_TIMEx_MasterConfigSynchronization    0x08002499   Thumb Code   116  stm32f4xx_hal_tim_ex.o(i.HAL_TIMEx_MasterConfigSynchronization)
    HAL_TIM_Base_Init                        0x08002529   Thumb Code    90  stm32f4xx_hal_tim.o(i.HAL_TIM_Base_Init)
    HAL_TIM_Base_MspInit                     0x08002585   Thumb Code    30  tim.o(i.HAL_TIM_Base_MspInit)
    HAL_TIM_Base_Start_IT                    0x080025ad   Thumb Code   100  stm32f4xx_hal_tim.o(i.HAL_TIM_Base_Start_IT)
    HAL_TIM_ConfigClockSource                0x0800262d   Thumb Code   214  stm32f4xx_hal_tim.o(i.HAL_TIM_ConfigClockSource)
    HAL_TIM_IC_CaptureCallback               0x08002703   Thumb Code     2  stm32f4xx_hal_tim.o(i.HAL_TIM_IC_CaptureCallback)
    HAL_TIM_IRQHandler                       0x08002705   Thumb Code   358  stm32f4xx_hal_tim.o(i.HAL_TIM_IRQHandler)
    HAL_TIM_MspPostInit                      0x0800286d   Thumb Code   104  tim.o(i.HAL_TIM_MspPostInit)
    HAL_TIM_OC_DelayElapsedCallback          0x080028e5   Thumb Code     2  stm32f4xx_hal_tim.o(i.HAL_TIM_OC_DelayElapsedCallback)
    HAL_TIM_PWM_ConfigChannel                0x080028e7   Thumb Code   198  stm32f4xx_hal_tim.o(i.HAL_TIM_PWM_ConfigChannel)
    HAL_TIM_PWM_Init                         0x080029ad   Thumb Code    90  stm32f4xx_hal_tim.o(i.HAL_TIM_PWM_Init)
    HAL_TIM_PWM_MspInit                      0x08002a07   Thumb Code     2  stm32f4xx_hal_tim.o(i.HAL_TIM_PWM_MspInit)
    HAL_TIM_PWM_PulseFinishedCallback        0x08002a09   Thumb Code     2  stm32f4xx_hal_tim.o(i.HAL_TIM_PWM_PulseFinishedCallback)
    HAL_TIM_PWM_Start                        0x08002a0d   Thumb Code   172  stm32f4xx_hal_tim.o(i.HAL_TIM_PWM_Start)
    HAL_TIM_PeriodElapsedCallback            0x08002ad5   Thumb Code    14  main.o(i.HAL_TIM_PeriodElapsedCallback)
    HAL_TIM_TriggerCallback                  0x08002ae9   Thumb Code     2  stm32f4xx_hal_tim.o(i.HAL_TIM_TriggerCallback)
    HAL_UARTEx_RxEventCallback               0x08002aeb   Thumb Code     2  stm32f4xx_hal_uart.o(i.HAL_UARTEx_RxEventCallback)
    HAL_UART_DMAStop                         0x08002aed   Thumb Code    88  stm32f4xx_hal_uart.o(i.HAL_UART_DMAStop)
    HAL_UART_ErrorCallback                   0x08002b45   Thumb Code     2  stm32f4xx_hal_uart.o(i.HAL_UART_ErrorCallback)
    HAL_UART_Init                            0x08002b47   Thumb Code    98  stm32f4xx_hal_uart.o(i.HAL_UART_Init)
    HAL_UART_MspInit                         0x08002ba9   Thumb Code   330  usart.o(i.HAL_UART_MspInit)
    HAL_UART_Receive_DMA                     0x08002d11   Thumb Code    42  stm32f4xx_hal_uart.o(i.HAL_UART_Receive_DMA)
    HAL_UART_RxCpltCallback                  0x08002d3b   Thumb Code     2  stm32f4xx_hal_uart.o(i.HAL_UART_RxCpltCallback)
    HAL_UART_RxHalfCpltCallback              0x08002d3d   Thumb Code     2  stm32f4xx_hal_uart.o(i.HAL_UART_RxHalfCpltCallback)
    HardFault_Handler                        0x08002d3f   Thumb Code     2  stm32f4xx_it.o(i.HardFault_Handler)
    Is_Error                                 0x08002d41   Thumb Code     8  supervise.o(i.Is_Error)
    KeyStateChange                           0x08002d4d   Thumb Code    34  remote.o(i.KeyStateChange)
    Letdown3510Frictiongear                  0x08002d75   Thumb Code   148  shoot.o(i.Letdown3510Frictiongear)
    LostCounterFeed                          0x08002e1d   Thumb Code    10  supervise.o(i.LostCounterFeed)
    MX_CAN1_Init                             0x08002e2d   Thumb Code    62  can.o(i.MX_CAN1_Init)
    MX_CAN2_Init                             0x08002e75   Thumb Code    62  can.o(i.MX_CAN2_Init)
    MX_DMA_Init                              0x08002ebd   Thumb Code    72  dma.o(i.MX_DMA_Init)
    MX_FREERTOS_Init                         0x08002f09   Thumb Code    82  freertos.o(i.MX_FREERTOS_Init)
    MX_GPIO_Init                             0x08002f79   Thumb Code   196  gpio.o(i.MX_GPIO_Init)
    MX_TIM5_Init                             0x0800304d   Thumb Code   166  tim.o(i.MX_TIM5_Init)
    MX_USART1_UART_Init                      0x080030fd   Thumb Code    54  usart.o(i.MX_USART1_UART_Init)
    MX_USART6_UART_Init                      0x08003141   Thumb Code    48  usart.o(i.MX_USART6_UART_Init)
    MemManage_Handler                        0x08003179   Thumb Code     2  stm32f4xx_it.o(i.MemManage_Handler)
    MotorEncoderProcess                      0x0800317d   Thumb Code   102  motor.o(i.MotorEncoderProcess)
    MotorParamInit                           0x080031ed   Thumb Code    42  motor.o(i.MotorParamInit)
    MotorParamInitFW                         0x08003217   Thumb Code    90  motor.o(i.MotorParamInitFW)
    NMI_Handler                              0x08003271   Thumb Code     2  stm32f4xx_it.o(i.NMI_Handler)
    PID_Calc                                 0x08003275   Thumb Code   440  pid.o(i.PID_Calc)
    PositionCtrl_MouseKey                    0x08003431   Thumb Code     2  position_ctrl.o(i.PositionCtrl_MouseKey)
    PositionCtrl_Remote                      0x08003435   Thumb Code   170  position_ctrl.o(i.PositionCtrl_Remote)
    PositionParamCalculate                   0x080034ed   Thumb Code    84  position.o(i.PositionParamCalculate)
    PositionParamChange                      0x0800354d   Thumb Code   206  position.o(i.PositionParamChange)
    REMOTE_IDLE_Callback                     0x08003639   Thumb Code   112  remote.o(i.REMOTE_IDLE_Callback)
    Raise3510Frictiongear                    0x080036b9   Thumb Code   148  shoot.o(i.Raise3510Frictiongear)
    RaiseFrictiongearSpeed                   0x08003761   Thumb Code   474  shoot.o(i.RaiseFrictiongearSpeed)
    Referee_Data_Init                        0x08003971   Thumb Code   110  referee_solve.o(i.Referee_Data_Init)
    Referee_Data_Solve                       0x080039e9   Thumb Code   286  referee_solve.o(i.Referee_Data_Solve)
    Referee_IDLE_Callback                    0x08003b11   Thumb Code   126  referee_usart.o(i.Referee_IDLE_Callback)
    Referee_Unpack_FIFO_Data                 0x08003ba5   Thumb Code   254  referee_usart.o(i.Referee_Unpack_FIFO_Data)
    Remain2006TwoFrictiongearPosition        0x08003ca9   Thumb Code    66  shoot.o(i.Remain2006TwoFrictiongearPosition)
    Remain35083510FrictiongearSpeed          0x08003cf9   Thumb Code   232  shoot.o(i.Remain35083510FrictiongearSpeed)
    RemoteData                               0x08003e09   Thumb Code   174  remote.o(i.RemoteData)
    Remote_init                              0x08003ebd   Thumb Code    22  remote.o(i.Remote_init)
    ShootCtrl_MouseKey                       0x08003edd   Thumb Code    12  shoot_ctrl.o(i.ShootCtrl_MouseKey)
    ShootCtrl_Remote                         0x08003ef1   Thumb Code    34  shoot_ctrl.o(i.ShootCtrl_Remote)
    ShootParamCalculate                      0x08003f1d   Thumb Code   162  shoot.o(i.ShootParamCalculate)
    ShootParamChange                         0x08003fd9   Thumb Code   372  shoot.o(i.ShootParamChange)
    StartPositionTask                        0x08004181   Thumb Code    16  freertos.o(i.StartPositionTask)
    StartRefereeTask                         0x08004191   Thumb Code    32  freertos.o(i.StartRefereeTask)
    StartShootTask                           0x080041b9   Thumb Code    12  freertos.o(i.StartShootTask)
    StartUserCmdTask                         0x080041c5   Thumb Code    16  freertos.o(i.StartUserCmdTask)
    SuperviseTimer                           0x080041d5   Thumb Code     2  freertos.o(i.SuperviseTimer)
    SysTick_Handler                          0x080041d7   Thumb Code    26  cmsis_os2.o(i.SysTick_Handler)
    SystemClock_Config                       0x080041f1   Thumb Code   140  main.o(i.SystemClock_Config)
    SystemInit                               0x08004285   Thumb Code    22  system_stm32f4xx.o(i.SystemInit)
    TIM8_TRG_COM_TIM14_IRQHandler            0x080042a1   Thumb Code     6  stm32f4xx_it.o(i.TIM8_TRG_COM_TIM14_IRQHandler)
    TIM_Base_SetConfig                       0x080042ad   Thumb Code   156  stm32f4xx_hal_tim.o(i.TIM_Base_SetConfig)
    TIM_CCxChannelCmd                        0x08004375   Thumb Code    26  stm32f4xx_hal_tim.o(i.TIM_CCxChannelCmd)
    TIM_ETR_SetConfig                        0x0800438f   Thumb Code    20  stm32f4xx_hal_tim.o(i.TIM_ETR_SetConfig)
    TIM_OC2_SetConfig                        0x08004415   Thumb Code    98  stm32f4xx_hal_tim.o(i.TIM_OC2_SetConfig)
    UART_Start_Receive_DMA                   0x080047a5   Thumb Code    98  stm32f4xx_hal_uart.o(i.UART_Start_Receive_DMA)
    USART1_IRQHandler                        0x08004815   Thumb Code     6  stm32f4xx_it.o(i.USART1_IRQHandler)
    USART6_IRQHandler                        0x08004821   Thumb Code     4  stm32f4xx_it.o(i.USART6_IRQHandler)
    USART6_Init                              0x08004825   Thumb Code   168  referee_usart.o(i.USART6_Init)
    UsageFault_Handler                       0x080048e9   Thumb Code     2  stm32f4xx_it.o(i.UsageFault_Handler)
    __hardfp_fabs                            0x0800490b   Thumb Code    20  fabs.o(i.__hardfp_fabs)
    __scatterload_copy                       0x0800491f   Thumb Code    14  handlers.o(i.__scatterload_copy)
    __scatterload_null                       0x0800492d   Thumb Code     2  handlers.o(i.__scatterload_null)
    __scatterload_zeroinit                   0x0800492f   Thumb Code    14  handlers.o(i.__scatterload_zeroinit)
    fifo_s_get                               0x0800493d   Thumb Code    44  fifo.o(i.fifo_s_get)
    fifo_s_init                              0x08004969   Thumb Code    22  fifo.o(i.fifo_s_init)
    fifo_s_puts                              0x0800497f   Thumb Code   124  fifo.o(i.fifo_s_puts)
    fifo_s_used                              0x080049fb   Thumb Code     4  fifo.o(i.fifo_s_used)
    fsgn                                     0x08004a01   Thumb Code    38  pid.o(i.fsgn)
    get_CRC16_check_sum                      0x08004a2d   Thumb Code    38  crc8_crc16.o(i.get_CRC16_check_sum)
    get_CRC8_check_sum                       0x08004a59   Thumb Code    24  crc8_crc16.o(i.get_CRC8_check_sum)
    main                                     0x08004a75   Thumb Code    66  main.o(i.main)
    osDelay                                  0x08004ac1   Thumb Code    26  cmsis_os2.o(i.osDelay)
    osKernelInitialize                       0x08004add   Thumb Code    32  cmsis_os2.o(i.osKernelInitialize)
    osKernelStart                            0x08004b01   Thumb Code    48  cmsis_os2.o(i.osKernelStart)
    osThreadNew                              0x08004b39   Thumb Code   138  cmsis_os2.o(i.osThreadNew)
    osTimerNew                               0x08004bc5   Thumb Code   116  cmsis_os2.o(i.osTimerNew)
    osTimerStart                             0x08004c3d   Thumb Code    50  cmsis_os2.o(i.osTimerStart)
    pvPortMalloc                             0x08005455   Thumb Code   216  heap_4.o(i.pvPortMalloc)
    pvTimerGetTimerID                        0x08005531   Thumb Code    36  timers.o(i.pvTimerGetTimerID)
    pxPortInitialiseStack                    0x08005555   Thumb Code    40  port.o(i.pxPortInitialiseStack)
    uxListRemove                             0x08005581   Thumb Code    38  list.o(i.uxListRemove)
    vApplicationGetIdleTaskMemory            0x080055a9   Thumb Code    16  cmsis_os2.o(i.vApplicationGetIdleTaskMemory)
    vApplicationGetTimerTaskMemory           0x080055bd   Thumb Code    18  cmsis_os2.o(i.vApplicationGetTimerTaskMemory)
    vListInitialise                          0x080055d5   Thumb Code    22  list.o(i.vListInitialise)
    vListInitialiseItem                      0x080055eb   Thumb Code     6  list.o(i.vListInitialiseItem)
    vListInsert                              0x080055f1   Thumb Code    48  list.o(i.vListInsert)
    vListInsertEnd                           0x08005621   Thumb Code    24  list.o(i.vListInsertEnd)
    vPortEnterCritical                       0x08005639   Thumb Code    54  port.o(i.vPortEnterCritical)
    vPortExitCritical                        0x08005679   Thumb Code    34  port.o(i.vPortExitCritical)
    vPortFree                                0x080056a1   Thumb Code    94  heap_4.o(i.vPortFree)
    vPortSetupTimerInterrupt                 0x08005705   Thumb Code    32  port.o(i.vPortSetupTimerInterrupt)
    vPortValidateInterruptPriority           0x08005729   Thumb Code    74  port.o(i.vPortValidateInterruptPriority)
    vQueueAddToRegistry                      0x0800577d   Thumb Code    34  queue.o(i.vQueueAddToRegistry)
    vQueueWaitForMessageRestricted           0x080057a5   Thumb Code    68  queue.o(i.vQueueWaitForMessageRestricted)
    vTaskDelay                               0x080057e9   Thumb Code    66  tasks.o(i.vTaskDelay)
    vTaskInternalSetTimeOutState             0x08005835   Thumb Code    12  tasks.o(i.vTaskInternalSetTimeOutState)
    vTaskMissedYield                         0x08005845   Thumb Code     8  tasks.o(i.vTaskMissedYield)
    vTaskPlaceOnEventList                    0x08005851   Thumb Code    44  tasks.o(i.vTaskPlaceOnEventList)
    vTaskPlaceOnEventListRestricted          0x08005881   Thumb Code    52  tasks.o(i.vTaskPlaceOnEventListRestricted)
    vTaskStartScheduler                      0x080058b9   Thumb Code   118  tasks.o(i.vTaskStartScheduler)
    vTaskSuspendAll                          0x08005941   Thumb Code    10  tasks.o(i.vTaskSuspendAll)
    vTaskSwitchContext                       0x08005951   Thumb Code    90  tasks.o(i.vTaskSwitchContext)
    verify_CRC16_check_sum                   0x080059b5   Thumb Code    54  crc8_crc16.o(i.verify_CRC16_check_sum)
    verify_CRC8_check_sum                    0x080059f1   Thumb Code    38  crc8_crc16.o(i.verify_CRC8_check_sum)
    xPortStartScheduler                      0x08005a19   Thumb Code   222  port.o(i.xPortStartScheduler)
    xPortSysTickHandler                      0x08005b0d   Thumb Code    38  port.o(i.xPortSysTickHandler)
    xQueueGenericCreateStatic                0x08005b39   Thumb Code   102  queue.o(i.xQueueGenericCreateStatic)
    xQueueGenericReset                       0x08005ba1   Thumb Code   132  queue.o(i.xQueueGenericReset)
    xQueueGenericSend                        0x08005c29   Thumb Code   346  queue.o(i.xQueueGenericSend)
    xQueueGenericSendFromISR                 0x08005d89   Thumb Code   190  queue.o(i.xQueueGenericSendFromISR)
    xQueueReceive                            0x08005e49   Thumb Code   308  queue.o(i.xQueueReceive)
    xTaskCheckForTimeOut                     0x08005f81   Thumb Code   112  tasks.o(i.xTaskCheckForTimeOut)
    xTaskCreate                              0x08005ff5   Thumb Code    90  tasks.o(i.xTaskCreate)
    xTaskCreateStatic                        0x0800604f   Thumb Code    86  tasks.o(i.xTaskCreateStatic)
    xTaskGetSchedulerState                   0x080060a5   Thumb Code    22  tasks.o(i.xTaskGetSchedulerState)
    xTaskGetTickCount                        0x080060c1   Thumb Code     6  tasks.o(i.xTaskGetTickCount)
    xTaskIncrementTick                       0x080060cd   Thumb Code   192  tasks.o(i.xTaskIncrementTick)
    xTaskPriorityDisinherit                  0x08006195   Thumb Code   118  tasks.o(i.xTaskPriorityDisinherit)
    xTaskRemoveFromEventList                 0x08006215   Thumb Code    98  tasks.o(i.xTaskRemoveFromEventList)
    xTaskResumeAll                           0x08006285   Thumb Code   182  tasks.o(i.xTaskResumeAll)
    xTimerCreate                             0x08006349   Thumb Code    52  timers.o(i.xTimerCreate)
    xTimerCreateStatic                       0x0800637d   Thumb Code    46  timers.o(i.xTimerCreateStatic)
    xTimerCreateTimerTask                    0x080063ad   Thumb Code    78  timers.o(i.xTimerCreateTimerTask)
    xTimerGenericCommand                     0x0800640d   Thumb Code    98  timers.o(i.xTimerGenericCommand)
    ShootTask_attributes                     0x08006474   Data          36  freertos.o(.constdata)
    PositionTask_attributes                  0x08006498   Data          36  freertos.o(.constdata)
    UserCmdTask_attributes                   0x080064bc   Data          36  freertos.o(.constdata)
    RefereeTask_attributes                   0x080064e0   Data          36  freertos.o(.constdata)
    Supervise_Timer_attributes               0x08006504   Data          16  freertos.o(.constdata)
    AHBPrescTable                            0x0800651c   Data          16  system_stm32f4xx.o(.constdata)
    APBPrescTable                            0x0800652c   Data           8  system_stm32f4xx.o(.constdata)
    CRC8_table                               0x08006534   Data         256  crc8_crc16.o(.constdata)
    wCRC_table                               0x08006634   Data         512  crc8_crc16.o(.constdata)
    Region$$Table$$Base                      0x08006878   Number         0  anon$$obj.o(Region$$Table)
    Region$$Table$$Limit                     0x08006898   Number         0  anon$$obj.o(Region$$Table)
    ShootTaskHandle                          0x20000000   Data           4  freertos.o(.data)
    PositionTaskHandle                       0x20000004   Data           4  freertos.o(.data)
    UserCmdTaskHandle                        0x20000008   Data           4  freertos.o(.data)
    RefereeTaskHandle                        0x2000000c   Data           4  freertos.o(.data)
    Supervise_TimerHandle                    0x20000010   Data           4  freertos.o(.data)
    uwTickFreq                               0x20000018   Data           1  stm32f4xx_hal.o(.data)
    uwTickPrio                               0x2000001c   Data           4  stm32f4xx_hal.o(.data)
    uwTick                                   0x20000020   Data           4  stm32f4xx_hal.o(.data)
    SystemCoreClock                          0x20000024   Data           4  system_stm32f4xx.o(.data)
    pxCurrentTCB                             0x20000028   Data           4  tasks.o(.data)
    CanRecvData_FIFO0                        0x200000a8   Data           8  bsp_can.o(.data)
    CanRecvData_FIFO1                        0x200000b0   Data           8  bsp_can.o(.data)
    TxMessage1_4                             0x200000bc   Data          24  motor.o(.data)
    TxMessage5_8                             0x200000d4   Data          24  motor.o(.data)
    TxMessage9_12                            0x200000ec   Data          24  motor.o(.data)
    lost_err                                 0x20000104   Data           4  supervise.o(.data)
    transform                                0x20000110   Data           8  position_ctrl.o(.data)
    dart_strike_flag                         0x20000118   Data           4  shoot.o(.data)
    change_dart_flag                         0x2000011c   Data           4  shoot.o(.data)
    raise_frictiongear_speed_flag            0x20000120   Data           4  shoot.o(.data)
    letdown_3510frictiongear_flag            0x20000124   Data           4  shoot.o(.data)
    raise_3510frictiongear_flag              0x20000128   Data           4  shoot.o(.data)
    raise_3510frictiongear_waiting_flag      0x2000012c   Data           4  shoot.o(.data)
    change_dart_time                         0x20000130   Data           4  shoot.o(.data)
    speed_error                              0x20000134   Data           4  shoot.o(.data)
    auto_flag                                0x20000138   Data           4  robot.o(.data)
    CRC16_INIT                               0x2000013c   Data           2  crc8_crc16.o(.data)
    game_result                              0x2000013e   Data           1  referee_solve.o(.data)
    dart_remaining_time_t                    0x2000013f   Data           1  referee_solve.o(.data)
    buff_t                                   0x20000140   Data           1  referee_solve.o(.data)
    UAV_energy_t                             0x20000141   Data           1  referee_solve.o(.data)
    robot_hurt_t                             0x20000142   Data           1  referee_solve.o(.data)
    last_operate_launch_cmd_time             0x20000144   Data           2  referee_solve.o(.data)
    referee_warning_t                        0x20000146   Data           2  referee_solve.o(.data)
    field_event                              0x20000148   Data           4  referee_solve.o(.data)
    supply_projectile_action_t               0x2000014c   Data           4  referee_solve.o(.data)
    referee_receive_header                   0x20000150   Data           5  referee_solve.o(.data)
    referee_send_header                      0x20000155   Data           5  referee_solve.o(.data)
    bullet_remaining_t                       0x2000015a   Data           6  referee_solve.o(.data)
    dart_client_cmd_t                        0x20000160   Data           6  referee_solve.o(.data)
    shoot_data_t                             0x20000166   Data           7  referee_solve.o(.data)
    hcan1                                    0x20000170   Data          40  can.o(.bss)
    hcan2                                    0x20000198   Data          40  can.o(.bss)
    htim5                                    0x200001c0   Data          72  tim.o(.bss)
    huart1                                   0x20000208   Data          68  usart.o(.bss)
    huart6                                   0x2000024c   Data          68  usart.o(.bss)
    hdma_usart1_rx                           0x20000290   Data          96  usart.o(.bss)
    hdma_usart6_rx                           0x200002f0   Data          96  usart.o(.bss)
    hdma_usart6_tx                           0x20000350   Data          96  usart.o(.bss)
    htim14                                   0x200003b0   Data          72  stm32f4xx_hal_timebase_tim.o(.bss)
    xQueueRegistry                           0x200003f8   Data          64  queue.o(.bss)
    can1_motor_1                             0x20004ccc   Data         272  motor.o(.bss)
    can1_motor_2                             0x20004ddc   Data         272  motor.o(.bss)
    can1_motor_3                             0x20004eec   Data         272  motor.o(.bss)
    can1_motor_4                             0x20004ffc   Data         272  motor.o(.bss)
    can1_motor_5                             0x2000510c   Data         272  motor.o(.bss)
    can1_motor_6                             0x2000521c   Data         272  motor.o(.bss)
    can1_motor_7                             0x2000532c   Data         272  motor.o(.bss)
    can1_motor_9                             0x2000543c   Data         272  motor.o(.bss)
    can2_motor_1                             0x2000554c   Data         272  motor.o(.bss)
    can2_motor_2                             0x2000565c   Data         272  motor.o(.bss)
    can2_motor_3                             0x2000576c   Data         272  motor.o(.bss)
    can2_motor_4                             0x2000587c   Data         272  motor.o(.bss)
    can2_motor_5                             0x2000598c   Data         272  motor.o(.bss)
    can2_motor_6                             0x20005a9c   Data         272  motor.o(.bss)
    can2_motor_7                             0x20005bac   Data         272  motor.o(.bss)
    can2_motor_9                             0x20005cbc   Data         272  motor.o(.bss)
    rc_data                                  0x20005dcc   Data          18  remote.o(.bss)
    Remote                                   0x20005de0   Data         112  remote.o(.bss)
    lost_counter                             0x20005e50   Data          48  supervise.o(.bss)
    dart                                     0x20005e80   Data          60  robot.o(.bss)
    game_state                               0x20005ebc   Data          11  referee_solve.o(.bss)
    game_robot_HP_t                          0x20005ec7   Data          32  referee_solve.o(.bss)
    robot_state                              0x20005ee7   Data          27  referee_solve.o(.bss)
    power_heat_data_t                        0x20005f02   Data          16  referee_solve.o(.bss)
    game_robot_pos_t                         0x20005f12   Data          16  referee_solve.o(.bss)
    usart6_buf                               0x20005f24   Data        1024  referee_usart.o(.bss)
    referee_fifo                             0x20006324   Data          24  referee_usart.o(.bss)
    referee_unpack_obj                       0x2000633c   Data         137  referee_usart.o(.bss)
    referee_fifo_buf                         0x200063c5   Data        1024  referee_usart.o(.bss)
    __initial_sp                             0x20006bc8   Data           0  startup_stm32f427xx.o(STACK)



==============================================================================

Memory Map of the image

  Image Entry point : 0x080001ad

  Load Region LR_IROM1 (Base: 0x08000000, Size: 0x00006a08, Max: 0x00200000, ABSOLUTE, COMPRESSED[0x000068c0])

    Execution Region ER_IROM1 (Exec base: 0x08000000, Load base: 0x08000000, Size: 0x00006898, Max: 0x00200000, ABSOLUTE)

    Exec Addr    Load Addr    Size         Type   Attr      Idx    E Section Name        Object

    0x08000000   0x08000000   0x000001ac   Data   RO            3    RESET               startup_stm32f427xx.o
    0x080001ac   0x080001ac   0x00000000   Code   RO         6133  * .ARM.Collect$$$$00000000  mc_w.l(entry.o)
    0x080001ac   0x080001ac   0x00000004   Code   RO         6182    .ARM.Collect$$$$00000001  mc_w.l(entry2.o)
    0x080001b0   0x080001b0   0x00000004   Code   RO         6185    .ARM.Collect$$$$00000004  mc_w.l(entry5.o)
    0x080001b4   0x080001b4   0x00000000   Code   RO         6187    .ARM.Collect$$$$00000008  mc_w.l(entry7b.o)
    0x080001b4   0x080001b4   0x00000000   Code   RO         6189    .ARM.Collect$$$$0000000A  mc_w.l(entry8b.o)
    0x080001b4   0x080001b4   0x00000008   Code   RO         6190    .ARM.Collect$$$$0000000B  mc_w.l(entry9a.o)
    0x080001bc   0x080001bc   0x00000004   Code   RO         6197    .ARM.Collect$$$$0000000E  mc_w.l(entry12b.o)
    0x080001c0   0x080001c0   0x00000000   Code   RO         6192    .ARM.Collect$$$$0000000F  mc_w.l(entry10a.o)
    0x080001c0   0x080001c0   0x00000000   Code   RO         6194    .ARM.Collect$$$$00000011  mc_w.l(entry11a.o)
    0x080001c0   0x080001c0   0x00000004   Code   RO         6183    .ARM.Collect$$$$00002712  mc_w.l(entry2.o)
    0x080001c4   0x080001c4   0x000000be   Code   RO         5183    .emb_text           port.o
    0x08000282   0x08000282   0x00000002   PAD
    0x08000284   0x08000284   0x00000024   Code   RO            4    .text               startup_stm32f427xx.o
    0x080002a8   0x080002a8   0x00000062   Code   RO         6136    .text               mc_w.l(uldiv.o)
    0x0800030a   0x0800030a   0x00000024   Code   RO         6138    .text               mc_w.l(memcpya.o)
    0x0800032e   0x0800032e   0x00000024   Code   RO         6142    .text               mc_w.l(memseta.o)
    0x08000352   0x08000352   0x000000e4   Code   RO         6174    .text               mf_w.l(dmul.o)
    0x08000436   0x08000436   0x00000022   Code   RO         6176    .text               mf_w.l(dflti.o)
    0x08000458   0x08000458   0x00000026   Code   RO         6178    .text               mf_w.l(f2d.o)
    0x0800047e   0x0800047e   0x00000038   Code   RO         6180    .text               mf_w.l(d2f.o)
    0x080004b6   0x080004b6   0x0000001e   Code   RO         6198    .text               mc_w.l(llshl.o)
    0x080004d4   0x080004d4   0x00000020   Code   RO         6200    .text               mc_w.l(llushr.o)
    0x080004f4   0x080004f4   0x00000000   Code   RO         6204    .text               mc_w.l(iusefp.o)
    0x080004f4   0x080004f4   0x0000006e   Code   RO         6205    .text               mf_w.l(fepilogue.o)
    0x08000562   0x08000562   0x000000ba   Code   RO         6207    .text               mf_w.l(depilogue.o)
    0x0800061c   0x0800061c   0x00000024   Code   RO         6209    .text               mc_w.l(init.o)
    0x08000640   0x08000640   0x00000056   Code   RO         6219    .text               mc_w.l(__dczerorl2.o)
    0x08000696   0x08000696   0x00000002   PAD
    0x08000698   0x08000698   0x00000038   Code   RO         5898    i.ActParamInit      robot.o
    0x080006d0   0x080006d0   0x0000006c   Code   RO         5819    i.AutoShoot         shoot.o
    0x0800073c   0x0800073c   0x00000002   Code   RO          516    i.BusFault_Handler  stm32f4xx_it.o
    0x0800073e   0x0800073e   0x00000002   PAD
    0x08000740   0x08000740   0x0000000c   Code   RO          517    i.CAN1_RX0_IRQHandler  stm32f4xx_it.o
    0x0800074c   0x0800074c   0x0000000c   Code   RO          518    i.CAN2_RX0_IRQHandler  stm32f4xx_it.o
    0x08000758   0x08000758   0x000000a4   Code   RO         5507    i.Can1DataReceive   bsp_can.o
    0x080007fc   0x080007fc   0x000000a4   Code   RO         5508    i.Can2DataReceive   bsp_can.o
    0x080008a0   0x080008a0   0x000000c4   Code   RO         5509    i.CanFilterInit     bsp_can.o
    0x08000964   0x08000964   0x0000003c   Code   RO         5565    i.CanTransmit_1234  motor.o
    0x080009a0   0x080009a0   0x0000003c   Code   RO         5566    i.CanTransmit_5678  motor.o
    0x080009dc   0x080009dc   0x0000003c   Code   RO         5820    i.ChangeDart        shoot.o
    0x08000a18   0x08000a18   0x0000000c   Code   RO          519    i.DMA2_Stream1_IRQHandler  stm32f4xx_it.o
    0x08000a24   0x08000a24   0x0000000c   Code   RO          520    i.DMA2_Stream2_IRQHandler  stm32f4xx_it.o
    0x08000a30   0x08000a30   0x0000000c   Code   RO          521    i.DMA2_Stream6_IRQHandler  stm32f4xx_it.o
    0x08000a3c   0x08000a3c   0x00000028   Code   RO         1434    i.DMA_CalcBaseAndBitshift  stm32f4xx_hal_dma.o
    0x08000a64   0x08000a64   0x00000054   Code   RO         1435    i.DMA_CheckFifoParam  stm32f4xx_hal_dma.o
    0x08000ab8   0x08000ab8   0x00000028   Code   RO         1436    i.DMA_SetConfig     stm32f4xx_hal_dma.o
    0x08000ae0   0x08000ae0   0x00000384   Code   RO         5899    i.DartParamInit     robot.o
    0x08000e64   0x08000e64   0x00000170   Code   RO         5900    i.DartStateChange   robot.o
    0x08000fd4   0x08000fd4   0x00000002   Code   RO          522    i.DebugMon_Handler  stm32f4xx_it.o
    0x08000fd6   0x08000fd6   0x00000004   Code   RO           13    i.Error_Handler     main.o
    0x08000fda   0x08000fda   0x00000024   Code   RO          690    i.HAL_CAN_ActivateNotification  stm32f4xx_hal_can.o
    0x08000ffe   0x08000ffe   0x000000dc   Code   RO          691    i.HAL_CAN_AddTxMessage  stm32f4xx_hal_can.o
    0x080010da   0x080010da   0x00000002   PAD
    0x080010dc   0x080010dc   0x0000010c   Code   RO          692    i.HAL_CAN_ConfigFilter  stm32f4xx_hal_can.o
    0x080011e8   0x080011e8   0x00000002   Code   RO          695    i.HAL_CAN_ErrorCallback  stm32f4xx_hal_can.o
    0x080011ea   0x080011ea   0x000000e8   Code   RO          698    i.HAL_CAN_GetRxMessage  stm32f4xx_hal_can.o
    0x080012d2   0x080012d2   0x000001fc   Code   RO          702    i.HAL_CAN_IRQHandler  stm32f4xx_hal_can.o
    0x080014ce   0x080014ce   0x0000011a   Code   RO          703    i.HAL_CAN_Init      stm32f4xx_hal_can.o
    0x080015e8   0x080015e8   0x000000fc   Code   RO          348    i.HAL_CAN_MspInit   can.o
    0x080016e4   0x080016e4   0x00000002   Code   RO          710    i.HAL_CAN_RxFifo0FullCallback  stm32f4xx_hal_can.o
    0x080016e6   0x080016e6   0x00000002   PAD
    0x080016e8   0x080016e8   0x00000044   Code   RO         5510    i.HAL_CAN_RxFifo0MsgPendingCallback  bsp_can.o
    0x0800172c   0x0800172c   0x00000002   Code   RO          712    i.HAL_CAN_RxFifo1FullCallback  stm32f4xx_hal_can.o
    0x0800172e   0x0800172e   0x00000002   PAD
    0x08001730   0x08001730   0x00000044   Code   RO         5511    i.HAL_CAN_RxFifo1MsgPendingCallback  bsp_can.o
    0x08001774   0x08001774   0x00000002   Code   RO          714    i.HAL_CAN_SleepCallback  stm32f4xx_hal_can.o
    0x08001776   0x08001776   0x00000002   PAD
    0x08001778   0x08001778   0x00000058   Code   RO          715    i.HAL_CAN_Start     stm32f4xx_hal_can.o
    0x080017d0   0x080017d0   0x00000002   Code   RO          717    i.HAL_CAN_TxMailbox0AbortCallback  stm32f4xx_hal_can.o
    0x080017d2   0x080017d2   0x00000002   Code   RO          718    i.HAL_CAN_TxMailbox0CompleteCallback  stm32f4xx_hal_can.o
    0x080017d4   0x080017d4   0x00000002   Code   RO          719    i.HAL_CAN_TxMailbox1AbortCallback  stm32f4xx_hal_can.o
    0x080017d6   0x080017d6   0x00000002   Code   RO          720    i.HAL_CAN_TxMailbox1CompleteCallback  stm32f4xx_hal_can.o
    0x080017d8   0x080017d8   0x00000002   Code   RO          721    i.HAL_CAN_TxMailbox2AbortCallback  stm32f4xx_hal_can.o
    0x080017da   0x080017da   0x00000002   Code   RO          722    i.HAL_CAN_TxMailbox2CompleteCallback  stm32f4xx_hal_can.o
    0x080017dc   0x080017dc   0x00000002   Code   RO          724    i.HAL_CAN_WakeUpFromRxMsgCallback  stm32f4xx_hal_can.o
    0x080017de   0x080017de   0x0000008e   Code   RO         1437    i.HAL_DMA_Abort     stm32f4xx_hal_dma.o
    0x0800186c   0x0800186c   0x000001a0   Code   RO         1442    i.HAL_DMA_IRQHandler  stm32f4xx_hal_dma.o
    0x08001a0c   0x08001a0c   0x000000d4   Code   RO         1443    i.HAL_DMA_Init      stm32f4xx_hal_dma.o
    0x08001ae0   0x08001ae0   0x0000006e   Code   RO         1447    i.HAL_DMA_Start_IT  stm32f4xx_hal_dma.o
    0x08001b4e   0x08001b4e   0x00000002   PAD
    0x08001b50   0x08001b50   0x00000230   Code   RO         1330    i.HAL_GPIO_Init     stm32f4xx_hal_gpio.o
    0x08001d80   0x08001d80   0x0000000a   Code   RO         1332    i.HAL_GPIO_ReadPin  stm32f4xx_hal_gpio.o
    0x08001d8a   0x08001d8a   0x0000000a   Code   RO         1334    i.HAL_GPIO_WritePin  stm32f4xx_hal_gpio.o
    0x08001d94   0x08001d94   0x0000000c   Code   RO         1882    i.HAL_GetTick       stm32f4xx_hal.o
    0x08001da0   0x08001da0   0x00000010   Code   RO         1888    i.HAL_IncTick       stm32f4xx_hal.o
    0x08001db0   0x08001db0   0x00000034   Code   RO         1889    i.HAL_Init          stm32f4xx_hal.o
    0x08001de4   0x08001de4   0x00000074   Code   RO          650    i.HAL_InitTick      stm32f4xx_hal_timebase_tim.o
    0x08001e58   0x08001e58   0x00000038   Code   RO          626    i.HAL_MspInit       stm32f4xx_hal_msp.o
    0x08001e90   0x08001e90   0x0000001a   Code   RO         1737    i.HAL_NVIC_EnableIRQ  stm32f4xx_hal_cortex.o
    0x08001eaa   0x08001eaa   0x00000002   PAD
    0x08001eac   0x08001eac   0x00000040   Code   RO         1743    i.HAL_NVIC_SetPriority  stm32f4xx_hal_cortex.o
    0x08001eec   0x08001eec   0x00000024   Code   RO         1744    i.HAL_NVIC_SetPriorityGrouping  stm32f4xx_hal_cortex.o
    0x08001f10   0x08001f10   0x00000134   Code   RO          924    i.HAL_RCC_ClockConfig  stm32f4xx_hal_rcc.o
    0x08002044   0x08002044   0x00000040   Code   RO          928    i.HAL_RCC_GetClockConfig  stm32f4xx_hal_rcc.o
    0x08002084   0x08002084   0x00000020   Code   RO          931    i.HAL_RCC_GetPCLK1Freq  stm32f4xx_hal_rcc.o
    0x080020a4   0x080020a4   0x00000020   Code   RO          932    i.HAL_RCC_GetPCLK2Freq  stm32f4xx_hal_rcc.o
    0x080020c4   0x080020c4   0x00000064   Code   RO          933    i.HAL_RCC_GetSysClockFreq  stm32f4xx_hal_rcc.o
    0x08002128   0x08002128   0x0000036c   Code   RO          936    i.HAL_RCC_OscConfig  stm32f4xx_hal_rcc.o
    0x08002494   0x08002494   0x00000002   Code   RO         2843    i.HAL_TIMEx_BreakCallback  stm32f4xx_hal_tim_ex.o
    0x08002496   0x08002496   0x00000002   Code   RO         2844    i.HAL_TIMEx_CommutCallback  stm32f4xx_hal_tim_ex.o
    0x08002498   0x08002498   0x00000090   Code   RO         2862    i.HAL_TIMEx_MasterConfigSynchronization  stm32f4xx_hal_tim_ex.o
    0x08002528   0x08002528   0x0000005a   Code   RO         2139    i.HAL_TIM_Base_Init  stm32f4xx_hal_tim.o
    0x08002582   0x08002582   0x00000002   PAD
    0x08002584   0x08002584   0x00000028   Code   RO          421    i.HAL_TIM_Base_MspInit  tim.o
    0x080025ac   0x080025ac   0x00000080   Code   RO         2144    i.HAL_TIM_Base_Start_IT  stm32f4xx_hal_tim.o
    0x0800262c   0x0800262c   0x000000d6   Code   RO         2148    i.HAL_TIM_ConfigClockSource  stm32f4xx_hal_tim.o
    0x08002702   0x08002702   0x00000002   Code   RO         2173    i.HAL_TIM_IC_CaptureCallback  stm32f4xx_hal_tim.o
    0x08002704   0x08002704   0x00000166   Code   RO         2187    i.HAL_TIM_IRQHandler  stm32f4xx_hal_tim.o
    0x0800286a   0x0800286a   0x00000002   PAD
    0x0800286c   0x0800286c   0x00000078   Code   RO          422    i.HAL_TIM_MspPostInit  tim.o
    0x080028e4   0x080028e4   0x00000002   Code   RO         2190    i.HAL_TIM_OC_DelayElapsedCallback  stm32f4xx_hal_tim.o
    0x080028e6   0x080028e6   0x000000c6   Code   RO         2211    i.HAL_TIM_PWM_ConfigChannel  stm32f4xx_hal_tim.o
    0x080029ac   0x080029ac   0x0000005a   Code   RO         2214    i.HAL_TIM_PWM_Init  stm32f4xx_hal_tim.o
    0x08002a06   0x08002a06   0x00000002   Code   RO         2216    i.HAL_TIM_PWM_MspInit  stm32f4xx_hal_tim.o
    0x08002a08   0x08002a08   0x00000002   Code   RO         2217    i.HAL_TIM_PWM_PulseFinishedCallback  stm32f4xx_hal_tim.o
    0x08002a0a   0x08002a0a   0x00000002   PAD
    0x08002a0c   0x08002a0c   0x000000c8   Code   RO         2219    i.HAL_TIM_PWM_Start  stm32f4xx_hal_tim.o
    0x08002ad4   0x08002ad4   0x00000014   Code   RO           14    i.HAL_TIM_PeriodElapsedCallback  main.o
    0x08002ae8   0x08002ae8   0x00000002   Code   RO         2230    i.HAL_TIM_TriggerCallback  stm32f4xx_hal_tim.o
    0x08002aea   0x08002aea   0x00000002   Code   RO         3121    i.HAL_UARTEx_RxEventCallback  stm32f4xx_hal_uart.o
    0x08002aec   0x08002aec   0x00000058   Code   RO         3133    i.HAL_UART_DMAStop  stm32f4xx_hal_uart.o
    0x08002b44   0x08002b44   0x00000002   Code   RO         3135    i.HAL_UART_ErrorCallback  stm32f4xx_hal_uart.o
    0x08002b46   0x08002b46   0x00000062   Code   RO         3139    i.HAL_UART_Init     stm32f4xx_hal_uart.o
    0x08002ba8   0x08002ba8   0x00000168   Code   RO          469    i.HAL_UART_MspInit  usart.o
    0x08002d10   0x08002d10   0x0000002a   Code   RO         3143    i.HAL_UART_Receive_DMA  stm32f4xx_hal_uart.o
    0x08002d3a   0x08002d3a   0x00000002   Code   RO         3145    i.HAL_UART_RxCpltCallback  stm32f4xx_hal_uart.o
    0x08002d3c   0x08002d3c   0x00000002   Code   RO         3146    i.HAL_UART_RxHalfCpltCallback  stm32f4xx_hal_uart.o
    0x08002d3e   0x08002d3e   0x00000002   Code   RO          523    i.HardFault_Handler  stm32f4xx_it.o
    0x08002d40   0x08002d40   0x0000000c   Code   RO         5690    i.Is_Error          supervise.o
    0x08002d4c   0x08002d4c   0x00000028   Code   RO         5638    i.KeyStateChange    remote.o
    0x08002d74   0x08002d74   0x000000a8   Code   RO         5821    i.Letdown3510Frictiongear  shoot.o
    0x08002e1c   0x08002e1c   0x00000010   Code   RO         5692    i.LostCounterFeed   supervise.o
    0x08002e2c   0x08002e2c   0x00000048   Code   RO          349    i.MX_CAN1_Init      can.o
    0x08002e74   0x08002e74   0x00000048   Code   RO          350    i.MX_CAN2_Init      can.o
    0x08002ebc   0x08002ebc   0x0000004c   Code   RO          396    i.MX_DMA_Init       dma.o
    0x08002f08   0x08002f08   0x00000070   Code   RO          265    i.MX_FREERTOS_Init  freertos.o
    0x08002f78   0x08002f78   0x000000d4   Code   RO          241    i.MX_GPIO_Init      gpio.o
    0x0800304c   0x0800304c   0x000000b0   Code   RO          423    i.MX_TIM5_Init      tim.o
    0x080030fc   0x080030fc   0x00000044   Code   RO          470    i.MX_USART1_UART_Init  usart.o
    0x08003140   0x08003140   0x00000038   Code   RO          471    i.MX_USART6_UART_Init  usart.o
    0x08003178   0x08003178   0x00000002   Code   RO          524    i.MemManage_Handler  stm32f4xx_it.o
    0x0800317a   0x0800317a   0x00000002   PAD
    0x0800317c   0x0800317c   0x00000070   Code   RO         5568    i.MotorEncoderProcess  motor.o
    0x080031ec   0x080031ec   0x0000002a   Code   RO         5569    i.MotorParamInit    motor.o
    0x08003216   0x08003216   0x0000005a   Code   RO         5570    i.MotorParamInitFW  motor.o
    0x08003270   0x08003270   0x00000002   Code   RO          525    i.NMI_Handler       stm32f4xx_it.o
    0x08003272   0x08003272   0x00000002   PAD
    0x08003274   0x08003274   0x000001bc   Code   RO         5476    i.PID_Calc          pid.o
    0x08003430   0x08003430   0x00000002   Code   RO         5785    i.PositionCtrl_MouseKey  position_ctrl.o
    0x08003432   0x08003432   0x00000002   PAD
    0x08003434   0x08003434   0x000000b8   Code   RO         5786    i.PositionCtrl_Remote  position_ctrl.o
    0x080034ec   0x080034ec   0x00000060   Code   RO         5735    i.PositionParamCalculate  position.o
    0x0800354c   0x0800354c   0x000000ec   Code   RO         5736    i.PositionParamChange  position.o
    0x08003638   0x08003638   0x00000080   Code   RO         5640    i.REMOTE_IDLE_Callback  remote.o
    0x080036b8   0x080036b8   0x000000a8   Code   RO         5822    i.Raise3510Frictiongear  shoot.o
    0x08003760   0x08003760   0x00000210   Code   RO         5823    i.RaiseFrictiongearSpeed  shoot.o
    0x08003970   0x08003970   0x00000078   Code   RO         6030    i.Referee_Data_Init  referee_solve.o
    0x080039e8   0x080039e8   0x00000128   Code   RO         6031    i.Referee_Data_Solve  referee_solve.o
    0x08003b10   0x08003b10   0x00000094   Code   RO         6082    i.Referee_IDLE_Callback  referee_usart.o
    0x08003ba4   0x08003ba4   0x00000104   Code   RO         6083    i.Referee_Unpack_FIFO_Data  referee_usart.o
    0x08003ca8   0x08003ca8   0x00000050   Code   RO         5824    i.Remain2006TwoFrictiongearPosition  shoot.o
    0x08003cf8   0x08003cf8   0x00000110   Code   RO         5825    i.Remain35083510FrictiongearSpeed  shoot.o
    0x08003e08   0x08003e08   0x000000b4   Code   RO         5641    i.RemoteData        remote.o
    0x08003ebc   0x08003ebc   0x00000020   Code   RO         5642    i.Remote_init       remote.o
    0x08003edc   0x08003edc   0x00000014   Code   RO         5938    i.ShootCtrl_MouseKey  shoot_ctrl.o
    0x08003ef0   0x08003ef0   0x0000002c   Code   RO         5939    i.ShootCtrl_Remote  shoot_ctrl.o
    0x08003f1c   0x08003f1c   0x000000bc   Code   RO         5826    i.ShootParamCalculate  shoot.o
    0x08003fd8   0x08003fd8   0x000001a8   Code   RO         5827    i.ShootParamChange  shoot.o
    0x08004180   0x08004180   0x00000010   Code   RO          266    i.StartPositionTask  freertos.o
    0x08004190   0x08004190   0x00000028   Code   RO          267    i.StartRefereeTask  freertos.o
    0x080041b8   0x080041b8   0x0000000c   Code   RO          268    i.StartShootTask    freertos.o
    0x080041c4   0x080041c4   0x00000010   Code   RO          269    i.StartUserCmdTask  freertos.o
    0x080041d4   0x080041d4   0x00000002   Code   RO          270    i.SuperviseTimer    freertos.o
    0x080041d6   0x080041d6   0x0000001a   Code   RO         4615    i.SysTick_Handler   cmsis_os2.o
    0x080041f0   0x080041f0   0x00000094   Code   RO           15    i.SystemClock_Config  main.o
    0x08004284   0x08004284   0x0000001c   Code   RO         3468    i.SystemInit        system_stm32f4xx.o
    0x080042a0   0x080042a0   0x0000000c   Code   RO          526    i.TIM8_TRG_COM_TIM14_IRQHandler  stm32f4xx_it.o
    0x080042ac   0x080042ac   0x000000c8   Code   RO         2232    i.TIM_Base_SetConfig  stm32f4xx_hal_tim.o
    0x08004374   0x08004374   0x0000001a   Code   RO         2233    i.TIM_CCxChannelCmd  stm32f4xx_hal_tim.o
    0x0800438e   0x0800438e   0x00000014   Code   RO         2243    i.TIM_ETR_SetConfig  stm32f4xx_hal_tim.o
    0x080043a2   0x080043a2   0x00000010   Code   RO         2244    i.TIM_ITRx_SetConfig  stm32f4xx_hal_tim.o
    0x080043b2   0x080043b2   0x00000002   PAD
    0x080043b4   0x080043b4   0x00000060   Code   RO         2245    i.TIM_OC1_SetConfig  stm32f4xx_hal_tim.o
    0x08004414   0x08004414   0x0000006c   Code   RO         2246    i.TIM_OC2_SetConfig  stm32f4xx_hal_tim.o
    0x08004480   0x08004480   0x00000068   Code   RO         2247    i.TIM_OC3_SetConfig  stm32f4xx_hal_tim.o
    0x080044e8   0x080044e8   0x00000050   Code   RO         2248    i.TIM_OC4_SetConfig  stm32f4xx_hal_tim.o
    0x08004538   0x08004538   0x00000022   Code   RO         2250    i.TIM_TI1_ConfigInputStage  stm32f4xx_hal_tim.o
    0x0800455a   0x0800455a   0x00000024   Code   RO         2252    i.TIM_TI2_ConfigInputStage  stm32f4xx_hal_tim.o
    0x0800457e   0x0800457e   0x00000018   Code   RO         4616    i.TimerCallback     cmsis_os2.o
    0x08004596   0x08004596   0x0000004a   Code   RO         3153    i.UART_DMAError     stm32f4xx_hal_uart.o
    0x080045e0   0x080045e0   0x0000005a   Code   RO         3154    i.UART_DMAReceiveCplt  stm32f4xx_hal_uart.o
    0x0800463a   0x0800463a   0x0000001a   Code   RO         3156    i.UART_DMARxHalfCplt  stm32f4xx_hal_uart.o
    0x08004654   0x08004654   0x00000030   Code   RO         3162    i.UART_EndRxTransfer  stm32f4xx_hal_uart.o
    0x08004684   0x08004684   0x00000012   Code   RO         3163    i.UART_EndTxTransfer  stm32f4xx_hal_uart.o
    0x08004696   0x08004696   0x00000002   PAD
    0x08004698   0x08004698   0x0000010c   Code   RO         3165    i.UART_SetConfig    stm32f4xx_hal_uart.o
    0x080047a4   0x080047a4   0x00000070   Code   RO         3166    i.UART_Start_Receive_DMA  stm32f4xx_hal_uart.o
    0x08004814   0x08004814   0x0000000c   Code   RO          527    i.USART1_IRQHandler  stm32f4xx_it.o
    0x08004820   0x08004820   0x00000004   Code   RO          528    i.USART6_IRQHandler  stm32f4xx_it.o
    0x08004824   0x08004824   0x000000c4   Code   RO         6084    i.USART6_Init       referee_usart.o
    0x080048e8   0x080048e8   0x00000002   Code   RO          529    i.UsageFault_Handler  stm32f4xx_it.o
    0x080048ea   0x080048ea   0x00000020   Code   RO         1750    i.__NVIC_SetPriority  stm32f4xx_hal_cortex.o
    0x0800490a   0x0800490a   0x00000014   Code   RO         6127    i.__hardfp_fabs     m_wm.l(fabs.o)
    0x0800491e   0x0800491e   0x0000000e   Code   RO         6213    i.__scatterload_copy  mc_w.l(handlers.o)
    0x0800492c   0x0800492c   0x00000002   Code   RO         6214    i.__scatterload_null  mc_w.l(handlers.o)
    0x0800492e   0x0800492e   0x0000000e   Code   RO         6215    i.__scatterload_zeroinit  mc_w.l(handlers.o)
    0x0800493c   0x0800493c   0x0000002c   Code   RO         5280    i.fifo_s_get        fifo.o
    0x08004968   0x08004968   0x00000016   Code   RO         5283    i.fifo_s_init       fifo.o
    0x0800497e   0x0800497e   0x0000007c   Code   RO         5289    i.fifo_s_puts       fifo.o
    0x080049fa   0x080049fa   0x00000004   Code   RO         5291    i.fifo_s_used       fifo.o
    0x080049fe   0x080049fe   0x00000002   PAD
    0x08004a00   0x08004a00   0x0000002c   Code   RO         5477    i.fsgn              pid.o
    0x08004a2c   0x08004a2c   0x0000002c   Code   RO         5971    i.get_CRC16_check_sum  crc8_crc16.o
    0x08004a58   0x08004a58   0x0000001c   Code   RO         5972    i.get_CRC8_check_sum  crc8_crc16.o
    0x08004a74   0x08004a74   0x0000004c   Code   RO           16    i.main              main.o
    0x08004ac0   0x08004ac0   0x0000001a   Code   RO         4617    i.osDelay           cmsis_os2.o
    0x08004ada   0x08004ada   0x00000002   PAD
    0x08004adc   0x08004adc   0x00000024   Code   RO         4631    i.osKernelInitialize  cmsis_os2.o
    0x08004b00   0x08004b00   0x00000038   Code   RO         4634    i.osKernelStart     cmsis_os2.o
    0x08004b38   0x08004b38   0x0000008a   Code   RO         4676    i.osThreadNew       cmsis_os2.o
    0x08004bc2   0x08004bc2   0x00000002   PAD
    0x08004bc4   0x08004bc4   0x00000078   Code   RO         4685    i.osTimerNew        cmsis_os2.o
    0x08004c3c   0x08004c3c   0x00000032   Code   RO         4686    i.osTimerStart      cmsis_os2.o
    0x08004c6e   0x08004c6e   0x00000002   PAD
    0x08004c70   0x08004c70   0x0000005c   Code   RO         4076    i.prvAddCurrentTaskToDelayedList  tasks.o
    0x08004ccc   0x08004ccc   0x000000d0   Code   RO         4077    i.prvAddNewTaskToReadyList  tasks.o
    0x08004d9c   0x08004d9c   0x00000058   Code   RO         4441    i.prvCheckForValidListAndQueue  timers.o
    0x08004df4   0x08004df4   0x00000026   Code   RO         3673    i.prvCopyDataFromQueue  queue.o
    0x08004e1a   0x08004e1a   0x0000006c   Code   RO         3674    i.prvCopyDataToQueue  queue.o
    0x08004e86   0x08004e86   0x00000034   Code   RO         4078    i.prvDeleteTCB      tasks.o
    0x08004eba   0x08004eba   0x00000002   PAD
    0x08004ebc   0x08004ebc   0x0000004c   Code   RO         5128    i.prvHeapInit       heap_4.o
    0x08004f08   0x08004f08   0x00000060   Code   RO         4079    i.prvIdleTask       tasks.o
    0x08004f68   0x08004f68   0x00000022   Code   RO         3676    i.prvInitialiseNewQueue  queue.o
    0x08004f8a   0x08004f8a   0x00000002   PAD
    0x08004f8c   0x08004f8c   0x000000b0   Code   RO         4080    i.prvInitialiseNewTask  tasks.o
    0x0800503c   0x0800503c   0x0000004e   Code   RO         4442    i.prvInitialiseNewTimer  timers.o
    0x0800508a   0x0800508a   0x00000002   PAD
    0x0800508c   0x0800508c   0x0000004c   Code   RO         5129    i.prvInsertBlockIntoFreeList  heap_4.o
    0x080050d8   0x080050d8   0x00000038   Code   RO         4443    i.prvInsertTimerInActiveList  timers.o
    0x08005110   0x08005110   0x0000001c   Code   RO         3677    i.prvIsQueueEmpty   queue.o
    0x0800512c   0x0800512c   0x000000fc   Code   RO         4444    i.prvProcessReceivedCommands  timers.o
    0x08005228   0x08005228   0x000000c0   Code   RO         4445    i.prvProcessTimerOrBlockTask  timers.o
    0x080052e8   0x080052e8   0x00000020   Code   RO         4082    i.prvResetNextTaskUnblockTime  tasks.o
    0x08005308   0x08005308   0x00000028   Code   RO         4446    i.prvSampleTimeNow  timers.o
    0x08005330   0x08005330   0x0000006c   Code   RO         4447    i.prvSwitchTimerLists  timers.o
    0x0800539c   0x0800539c   0x00000028   Code   RO         5184    i.prvTaskExitError  port.o
    0x080053c4   0x080053c4   0x00000024   Code   RO         4448    i.prvTimerTask      timers.o
    0x080053e8   0x080053e8   0x0000006a   Code   RO         3678    i.prvUnlockQueue    queue.o
    0x08005452   0x08005452   0x00000002   PAD
    0x08005454   0x08005454   0x000000dc   Code   RO         5130    i.pvPortMalloc      heap_4.o
    0x08005530   0x08005530   0x00000024   Code   RO         4449    i.pvTimerGetTimerID  timers.o
    0x08005554   0x08005554   0x0000002c   Code   RO         5185    i.pxPortInitialiseStack  port.o
    0x08005580   0x08005580   0x00000026   Code   RO         3633    i.uxListRemove      list.o
    0x080055a6   0x080055a6   0x00000002   PAD
    0x080055a8   0x080055a8   0x00000014   Code   RO         4688    i.vApplicationGetIdleTaskMemory  cmsis_os2.o
    0x080055bc   0x080055bc   0x00000018   Code   RO         4689    i.vApplicationGetTimerTaskMemory  cmsis_os2.o
    0x080055d4   0x080055d4   0x00000016   Code   RO         3634    i.vListInitialise   list.o
    0x080055ea   0x080055ea   0x00000006   Code   RO         3635    i.vListInitialiseItem  list.o
    0x080055f0   0x080055f0   0x00000030   Code   RO         3636    i.vListInsert       list.o
    0x08005620   0x08005620   0x00000018   Code   RO         3637    i.vListInsertEnd    list.o
    0x08005638   0x08005638   0x00000040   Code   RO         5187    i.vPortEnterCritical  port.o
    0x08005678   0x08005678   0x00000028   Code   RO         5188    i.vPortExitCritical  port.o
    0x080056a0   0x080056a0   0x00000064   Code   RO         5131    i.vPortFree         heap_4.o
    0x08005704   0x08005704   0x00000024   Code   RO         5189    i.vPortSetupTimerInterrupt  port.o
    0x08005728   0x08005728   0x00000054   Code   RO         5190    i.vPortValidateInterruptPriority  port.o
    0x0800577c   0x0800577c   0x00000028   Code   RO         3684    i.vQueueAddToRegistry  queue.o
    0x080057a4   0x080057a4   0x00000044   Code   RO         3688    i.vQueueWaitForMessageRestricted  queue.o
    0x080057e8   0x080057e8   0x0000004c   Code   RO         4095    i.vTaskDelay        tasks.o
    0x08005834   0x08005834   0x00000010   Code   RO         4100    i.vTaskInternalSetTimeOutState  tasks.o
    0x08005844   0x08005844   0x0000000c   Code   RO         4101    i.vTaskMissedYield  tasks.o
    0x08005850   0x08005850   0x00000030   Code   RO         4103    i.vTaskPlaceOnEventList  tasks.o
    0x08005880   0x08005880   0x00000038   Code   RO         4104    i.vTaskPlaceOnEventListRestricted  tasks.o
    0x080058b8   0x080058b8   0x00000088   Code   RO         4112    i.vTaskStartScheduler  tasks.o
    0x08005940   0x08005940   0x00000010   Code   RO         4114    i.vTaskSuspendAll   tasks.o
    0x08005950   0x08005950   0x00000064   Code   RO         4115    i.vTaskSwitchContext  tasks.o
    0x080059b4   0x080059b4   0x0000003c   Code   RO         5973    i.verify_CRC16_check_sum  crc8_crc16.o
    0x080059f0   0x080059f0   0x00000026   Code   RO         5974    i.verify_CRC8_check_sum  crc8_crc16.o
    0x08005a16   0x08005a16   0x00000002   PAD
    0x08005a18   0x08005a18   0x000000f4   Code   RO         5191    i.xPortStartScheduler  port.o
    0x08005b0c   0x08005b0c   0x0000002c   Code   RO         5192    i.xPortSysTickHandler  port.o
    0x08005b38   0x08005b38   0x00000066   Code   RO         3694    i.xQueueGenericCreateStatic  queue.o
    0x08005b9e   0x08005b9e   0x00000002   PAD
    0x08005ba0   0x08005ba0   0x00000088   Code   RO         3695    i.xQueueGenericReset  queue.o
    0x08005c28   0x08005c28   0x00000160   Code   RO         3696    i.xQueueGenericSend  queue.o
    0x08005d88   0x08005d88   0x000000be   Code   RO         3697    i.xQueueGenericSendFromISR  queue.o
    0x08005e46   0x08005e46   0x00000002   PAD
    0x08005e48   0x08005e48   0x00000138   Code   RO         3706    i.xQueueReceive     queue.o
    0x08005f80   0x08005f80   0x00000074   Code   RO         4117    i.xTaskCheckForTimeOut  tasks.o
    0x08005ff4   0x08005ff4   0x0000005a   Code   RO         4118    i.xTaskCreate       tasks.o
    0x0800604e   0x0800604e   0x00000056   Code   RO         4119    i.xTaskCreateStatic  tasks.o
    0x080060a4   0x080060a4   0x0000001c   Code   RO         4123    i.xTaskGetSchedulerState  tasks.o
    0x080060c0   0x080060c0   0x0000000c   Code   RO         4124    i.xTaskGetTickCount  tasks.o
    0x080060cc   0x080060cc   0x000000c8   Code   RO         4126    i.xTaskIncrementTick  tasks.o
    0x08006194   0x08006194   0x00000080   Code   RO         4129    i.xTaskPriorityDisinherit  tasks.o
    0x08006214   0x08006214   0x00000070   Code   RO         4131    i.xTaskRemoveFromEventList  tasks.o
    0x08006284   0x08006284   0x000000c4   Code   RO         4132    i.xTaskResumeAll    tasks.o
    0x08006348   0x08006348   0x00000034   Code   RO         4455    i.xTimerCreate      timers.o
    0x0800637c   0x0800637c   0x0000002e   Code   RO         4456    i.xTimerCreateStatic  timers.o
    0x080063aa   0x080063aa   0x00000002   PAD
    0x080063ac   0x080063ac   0x00000060   Code   RO         4457    i.xTimerCreateTimerTask  timers.o
    0x0800640c   0x0800640c   0x00000068   Code   RO         4458    i.xTimerGenericCommand  timers.o
    0x08006474   0x08006474   0x000000a0   Data   RO          271    .constdata          freertos.o
    0x08006514   0x08006514   0x00000008   Data   RO         1449    .constdata          stm32f4xx_hal_dma.o
    0x0800651c   0x0800651c   0x00000010   Data   RO         3469    .constdata          system_stm32f4xx.o
    0x0800652c   0x0800652c   0x00000008   Data   RO         3470    .constdata          system_stm32f4xx.o
    0x08006534   0x08006534   0x00000300   Data   RO         5976    .constdata          crc8_crc16.o
    0x08006834   0x08006834   0x00000044   Data   RO          272    .conststring        freertos.o
    0x08006878   0x08006878   0x00000020   Data   RO         6211    Region$$Table       anon$$obj.o


    Execution Region RW_IRAM2 (Exec base: 0x10000000, Load base: 0x080068c0, Size: 0x00000000, Max: 0x00010000, ABSOLUTE)

    **** No section assigned to this execution region ****


    Execution Region RW_IRAM1 (Exec base: 0x20000000, Load base: 0x08006898, Size: 0x00006bc8, Max: 0x00030000, ABSOLUTE, COMPRESSED[0x00000028])

    Exec Addr    Load Addr    Size         Type   Attr      Idx    E Section Name        Object

    0x20000000   COMPRESSED   0x00000014   Data   RW          274    .data               freertos.o
    0x20000014   COMPRESSED   0x00000004   Data   RW          352    .data               can.o
    0x20000018   COMPRESSED   0x0000000c   Data   RW         1896    .data               stm32f4xx_hal.o
    0x20000024   COMPRESSED   0x00000004   Data   RW         3471    .data               system_stm32f4xx.o
    0x20000028   COMPRESSED   0x0000003c   Data   RW         4135    .data               tasks.o
    0x20000064   COMPRESSED   0x00000014   Data   RW         4466    .data               timers.o
    0x20000078   COMPRESSED   0x00000004   Data   RW         4691    .data               cmsis_os2.o
    0x2000007c   COMPRESSED   0x00000020   Data   RW         5137    .data               heap_4.o
    0x2000009c   COMPRESSED   0x0000000c   Data   RW         5193    .data               port.o
    0x200000a8   COMPRESSED   0x00000010   Data   RW         5512    .data               bsp_can.o
    0x200000b8   COMPRESSED   0x0000004c   Data   RW         5587    .data               motor.o
    0x20000104   COMPRESSED   0x00000004   Data   RW         5695    .data               supervise.o
    0x20000108   COMPRESSED   0x00000010   Data   RW         5787    .data               position_ctrl.o
    0x20000118   COMPRESSED   0x00000020   Data   RW         5828    .data               shoot.o
    0x20000138   COMPRESSED   0x00000004   Data   RW         5902    .data               robot.o
    0x2000013c   COMPRESSED   0x00000002   Data   RW         5977    .data               crc8_crc16.o
    0x2000013e   COMPRESSED   0x0000002f   Data   RW         6036    .data               referee_solve.o
    0x2000016d   COMPRESSED   0x00000001   PAD
    0x2000016e   COMPRESSED   0x00000002   Data   RW         6088    .data               referee_usart.o
    0x20000170        -       0x00000050   Zero   RW          351    .bss                can.o
    0x200001c0        -       0x00000048   Zero   RW          424    .bss                tim.o
    0x20000208        -       0x000001a8   Zero   RW          472    .bss                usart.o
    0x200003b0        -       0x00000048   Zero   RW          653    .bss                stm32f4xx_hal_timebase_tim.o
    0x200003f8        -       0x00000040   Zero   RW         3710    .bss                queue.o
    0x20000438        -       0x000004c4   Zero   RW         4134    .bss                tasks.o
    0x200008fc        -       0x00000118   Zero   RW         4465    .bss                timers.o
    0x20000a14        -       0x000006b8   Zero   RW         4690    .bss                cmsis_os2.o
    0x200010cc        -       0x00003c00   Zero   RW         5136    .bss                heap_4.o
    0x20004ccc        -       0x00000110   Zero   RW         5571    .bss                motor.o
    0x20004ddc        -       0x00000110   Zero   RW         5572    .bss                motor.o
    0x20004eec        -       0x00000110   Zero   RW         5573    .bss                motor.o
    0x20004ffc        -       0x00000110   Zero   RW         5574    .bss                motor.o
    0x2000510c        -       0x00000110   Zero   RW         5575    .bss                motor.o
    0x2000521c        -       0x00000110   Zero   RW         5576    .bss                motor.o
    0x2000532c        -       0x00000110   Zero   RW         5577    .bss                motor.o
    0x2000543c        -       0x00000110   Zero   RW         5578    .bss                motor.o
    0x2000554c        -       0x00000110   Zero   RW         5579    .bss                motor.o
    0x2000565c        -       0x00000110   Zero   RW         5580    .bss                motor.o
    0x2000576c        -       0x00000110   Zero   RW         5581    .bss                motor.o
    0x2000587c        -       0x00000110   Zero   RW         5582    .bss                motor.o
    0x2000598c        -       0x00000110   Zero   RW         5583    .bss                motor.o
    0x20005a9c        -       0x00000110   Zero   RW         5584    .bss                motor.o
    0x20005bac        -       0x00000110   Zero   RW         5585    .bss                motor.o
    0x20005cbc        -       0x00000110   Zero   RW         5586    .bss                motor.o
    0x20005dcc        -       0x00000084   Zero   RW         5643    .bss                remote.o
    0x20005e50        -       0x00000030   Zero   RW         5694    .bss                supervise.o
    0x20005e80        -       0x0000003c   Zero   RW         5901    .bss                robot.o
    0x20005ebc        -       0x00000066   Zero   RW         6035    .bss                referee_solve.o
    0x20005f22   COMPRESSED   0x00000002   PAD
    0x20005f24        -       0x000004a1   Zero   RW         6086    .bss                referee_usart.o
    0x200063c5        -       0x00000400   Zero   RW         6087    .bss                referee_usart.o
    0x200067c5   COMPRESSED   0x00000003   PAD
    0x200067c8        -       0x00000400   Zero   RW            1    STACK               startup_stm32f427xx.o


==============================================================================

Image component sizes


      Code (inc. data)   RO Data    RW Data    ZI Data      Debug   Object Name

       660        120          0         16          0       5380   bsp_can.o
       396         44          0          4         80       2422   can.o
       520         26          0          4       1720      67547   cmsis_os2.o
       170         16        768          2          0       3587   crc8_crc16.o
        76          4          0          0          0        766   dma.o
         0          0          0          0          0      21856   event_groups.o
       194          0          0          0          0       9265   fifo.o
       198         38        228         20          0       5297   freertos.o
       212         16          0          0          0       1063   gpio.o
       472         24          0         32      15360       4795   heap_4.o
       138          0          0          0          0       3474   list.o
       248         24          0          0          0     771799   main.o
       364         18          0         76       4352       5322   motor.o
       488         10          0          0          0       6831   pid.o
       786         82          0         12          0      11365   port.o
       332         42          0          0          0       3417   position.o
       186         14          0         16          0       1290   position_ctrl.o
      1514         20          0          0         64      17224   queue.o
       416         30          0         47        102       2947   referee_solve.o
       604         62          0          2       2209       3047   referee_usart.o
       380         38          0          0        132       3884   remote.o
      1324        194          0          4         60       2845   robot.o
      1996        250          0         32          0       6418   shoot.o
        64         18          0          0          0        916   shoot_ctrl.o
        36          8        428          0       1024        824   startup_stm32f427xx.o
        80         14          0         12          0       8158   stm32f4xx_hal.o
      1656          6          0          0          0      13463   stm32f4xx_hal_can.o
       158         14          0          0          0      33098   stm32f4xx_hal_cortex.o
      1044         16          8          0          0       6595   stm32f4xx_hal_dma.o
       580         52          0          0          0       2815   stm32f4xx_hal_gpio.o
        56          4          0          0          0        842   stm32f4xx_hal_msp.o
      1412         86          0          0          0       5813   stm32f4xx_hal_rcc.o
      2008        136          0          0          0      16494   stm32f4xx_hal_tim.o
       148         28          0          0          0       2405   stm32f4xx_hal_tim_ex.o
       116         16          0          0         72       1388   stm32f4xx_hal_timebase_tim.o
       872         24          0          0          0       9301   stm32f4xx_hal_uart.o
       100         42          0          0          0       6423   stm32f4xx_it.o
         0          0          0          0          0        392   stream_buffer.o
        28         10          0          4         48       1517   supervise.o
        28          6         24          4          0       1119   system_stm32f4xx.o
      2084        168          0         60       1220      26588   tasks.o
       336         36          0          0         72       2368   tim.o
      1184         80          0         20        280      35743   timers.o
       484         52          0          0        424       2636   usart.o

    ----------------------------------------------------------------------
     24206       1888       1488        368      27224    1140739   Object Totals
         0          0         32          0          0          0   (incl. Generated)
        58          0          0          1          5          0   (incl. Padding)

    ----------------------------------------------------------------------

      Code (inc. data)   RO Data    RW Data    ZI Data      Debug   Library Member Name

        20          0          0          0          0        124   fabs.o
        86          0          0          0          0          0   __dczerorl2.o
         0          0          0          0          0          0   entry.o
         0          0          0          0          0          0   entry10a.o
         0          0          0          0          0          0   entry11a.o
         4          0          0          0          0          0   entry12b.o
         8          4          0          0          0          0   entry2.o
         4          0          0          0          0          0   entry5.o
         0          0          0          0          0          0   entry7b.o
         0          0          0          0          0          0   entry8b.o
         8          4          0          0          0          0   entry9a.o
        30          0          0          0          0          0   handlers.o
        36          8          0          0          0         68   init.o
         0          0          0          0          0          0   iusefp.o
        30          0          0          0          0         68   llshl.o
        32          0          0          0          0         68   llushr.o
        36          0          0          0          0         68   memcpya.o
        36          0          0          0          0        108   memseta.o
        98          0          0          0          0         92   uldiv.o
        56          0          0          0          0         88   d2f.o
       186          0          0          0          0        176   depilogue.o
        34          0          0          0          0         76   dflti.o
       228          0          0          0          0         96   dmul.o
        38          0          0          0          0         68   f2d.o
       110          0          0          0          0        168   fepilogue.o

    ----------------------------------------------------------------------
      1082         16          0          0          0       1268   Library Totals
         2          0          0          0          0          0   (incl. Padding)

    ----------------------------------------------------------------------

      Code (inc. data)   RO Data    RW Data    ZI Data      Debug   Library Name

        20          0          0          0          0        124   m_wm.l
       408         16          0          0          0        472   mc_w.l
       652          0          0          0          0        672   mf_w.l

    ----------------------------------------------------------------------
      1082         16          0          0          0       1268   Library Totals

    ----------------------------------------------------------------------

==============================================================================


      Code (inc. data)   RO Data    RW Data    ZI Data      Debug   

     25288       1904       1488        368      27224    1118723   Grand Totals
     25288       1904       1488         40      27224    1118723   ELF Image Totals (compressed)
     25288       1904       1488         40          0          0   ROM Totals

==============================================================================

    Total RO  Size (Code + RO Data)                26776 (  26.15kB)
    Total RW  Size (RW Data + ZI Data)             27592 (  26.95kB)
    Total ROM Size (Code + RO Data + RW Data)      26816 (  26.19kB)

==============================================================================

