Component: ARM Compiler 5.06 update 7 (build 960) Tool: armlink [4d3601]

==============================================================================

Section Cross References

    startup_stm32f427xx.o(RESET) refers to startup_stm32f427xx.o(STACK) for __initial_sp
    startup_stm32f427xx.o(RESET) refers to startup_stm32f427xx.o(.text) for Reset_Handler
    startup_stm32f427xx.o(RESET) refers to stm32f4xx_it.o(i.NMI_Handler) for NMI_Handler
    startup_stm32f427xx.o(RESET) refers to stm32f4xx_it.o(i.HardFault_Handler) for HardFault_Handler
    startup_stm32f427xx.o(RESET) refers to stm32f4xx_it.o(i.MemManage_Handler) for MemManage_Handler
    startup_stm32f427xx.o(RESET) refers to stm32f4xx_it.o(i.BusFault_Handler) for BusFault_Handler
    startup_stm32f427xx.o(RESET) refers to stm32f4xx_it.o(i.UsageFault_Handler) for UsageFault_Handler
    startup_stm32f427xx.o(RESET) refers to port.o(.emb_text) for SVC_Handler
    startup_stm32f427xx.o(RESET) refers to stm32f4xx_it.o(i.DebugMon_Handler) for DebugMon_Handler
    startup_stm32f427xx.o(RESET) refers to port.o(i.SysTick_Handler) for SysTick_Handler
    startup_stm32f427xx.o(RESET) refers to stm32f4xx_it.o(i.CAN1_RX0_IRQHandler) for CAN1_RX0_IRQHandler
    startup_stm32f427xx.o(RESET) refers to stm32f4xx_it.o(i.USART1_IRQHandler) for USART1_IRQHandler
    startup_stm32f427xx.o(RESET) refers to stm32f4xx_it.o(i.TIM8_BRK_TIM12_IRQHandler) for TIM8_BRK_TIM12_IRQHandler
    startup_stm32f427xx.o(RESET) refers to stm32f4xx_it.o(i.TIM8_TRG_COM_TIM14_IRQHandler) for TIM8_TRG_COM_TIM14_IRQHandler
    startup_stm32f427xx.o(RESET) refers to stm32f4xx_it.o(i.DMA2_Stream2_IRQHandler) for DMA2_Stream2_IRQHandler
    startup_stm32f427xx.o(RESET) refers to stm32f4xx_it.o(i.CAN2_RX0_IRQHandler) for CAN2_RX0_IRQHandler
    startup_stm32f427xx.o(.text) refers to system_stm32f4xx.o(i.SystemInit) for SystemInit
    startup_stm32f427xx.o(.text) refers to entry.o(.ARM.Collect$$$$00000000) for __main
    main.o(i.HAL_TIM_PeriodElapsedCallback) refers to stm32f4xx_hal.o(i.HAL_IncTick) for HAL_IncTick
    main.o(i.SystemClock_Config) refers to memseta.o(.text) for __aeabi_memclr4
    main.o(i.SystemClock_Config) refers to stm32f4xx_hal_rcc.o(i.HAL_RCC_OscConfig) for HAL_RCC_OscConfig
    main.o(i.SystemClock_Config) refers to stm32f4xx_hal_rcc.o(i.HAL_RCC_ClockConfig) for HAL_RCC_ClockConfig
    main.o(i.main) refers to stm32f4xx_hal.o(i.HAL_Init) for HAL_Init
    main.o(i.main) refers to main.o(i.SystemClock_Config) for SystemClock_Config
    main.o(i.main) refers to gpio.o(i.MX_GPIO_Init) for MX_GPIO_Init
    main.o(i.main) refers to dma.o(i.MX_DMA_Init) for MX_DMA_Init
    main.o(i.main) refers to can.o(i.MX_CAN1_Init) for MX_CAN1_Init
    main.o(i.main) refers to can.o(i.MX_CAN2_Init) for MX_CAN2_Init
    main.o(i.main) refers to usart.o(i.MX_USART1_UART_Init) for MX_USART1_UART_Init
    main.o(i.main) refers to tim.o(i.MX_TIM5_Init) for MX_TIM5_Init
    main.o(i.main) refers to remote.o(i.Remote_init) for Remote_init
    main.o(i.main) refers to bsp_can.o(i.CanFilterInit) for CanFilterInit
    main.o(i.main) refers to cmsis_os2.o(i.osKernelInitialize) for osKernelInitialize
    main.o(i.main) refers to freertos.o(i.MX_FREERTOS_Init) for MX_FREERTOS_Init
    main.o(i.main) refers to cmsis_os2.o(i.osKernelStart) for osKernelStart
    main.o(i.main) refers to can.o(.bss) for hcan1
    gpio.o(i.MX_GPIO_Init) refers to memseta.o(.text) for __aeabi_memclr4
    gpio.o(i.MX_GPIO_Init) refers to stm32f4xx_hal_gpio.o(i.HAL_GPIO_WritePin) for HAL_GPIO_WritePin
    gpio.o(i.MX_GPIO_Init) refers to stm32f4xx_hal_gpio.o(i.HAL_GPIO_Init) for HAL_GPIO_Init
    freertos.o(i.MX_FREERTOS_Init) refers to cmsis_os2.o(i.osTimerNew) for osTimerNew
    freertos.o(i.MX_FREERTOS_Init) refers to cmsis_os2.o(i.osTimerStart) for osTimerStart
    freertos.o(i.MX_FREERTOS_Init) refers to cmsis_os2.o(i.osThreadNew) for osThreadNew
    freertos.o(i.MX_FREERTOS_Init) refers to freertos.o(.constdata) for .constdata
    freertos.o(i.MX_FREERTOS_Init) refers to freertos.o(i.SuperviseTimer) for SuperviseTimer
    freertos.o(i.MX_FREERTOS_Init) refers to freertos.o(.data) for .data
    freertos.o(i.MX_FREERTOS_Init) refers to freertos.o(i.StartShootTask) for StartShootTask
    freertos.o(i.MX_FREERTOS_Init) refers to freertos.o(i.StartPositionTask) for StartPositionTask
    freertos.o(i.MX_FREERTOS_Init) refers to freertos.o(i.StartUserCmdTask) for StartUserCmdTask
    freertos.o(i.StartPositionTask) refers to position.o(i.PositionParamChange) for PositionParamChange
    freertos.o(i.StartPositionTask) refers to shoot.o(i.Remain35083510FrictiongearSpeed) for Remain35083510FrictiongearSpeed
    freertos.o(i.StartPositionTask) refers to cmsis_os2.o(i.osDelay) for osDelay
    freertos.o(i.StartShootTask) refers to shoot.o(i.ShootParamChange) for ShootParamChange
    freertos.o(i.StartShootTask) refers to cmsis_os2.o(i.osDelay) for osDelay
[...]
    i.vListInsert                            0x08004e44   Section        0  list.o(i.vListInsert)
    i.vListInsertEnd                         0x08004e74   Section        0  list.o(i.vListInsertEnd)
    i.vPortEnterCritical                     0x08004e8c   Section        0  port.o(i.vPortEnterCritical)
    i.vPortExitCritical                      0x08004ecc   Section        0  port.o(i.vPortExitCritical)
    i.vPortFree                              0x08004ef4   Section        0  heap_4.o(i.vPortFree)
    i.vPortSetupTimerInterrupt               0x08004f50   Section        0  port.o(i.vPortSetupTimerInterrupt)
    i.vPortValidateInterruptPriority         0x08004f74   Section        0  port.o(i.vPortValidateInterruptPriority)
    i.vQueueAddToRegistry                    0x08004fc8   Section        0  queue.o(i.vQueueAddToRegistry)
    i.vQueueWaitForMessageRestricted         0x08004ff0   Section        0  queue.o(i.vQueueWaitForMessageRestricted)
    i.vTaskDelay                             0x08005034   Section        0  tasks.o(i.vTaskDelay)
    i.vTaskInternalSetTimeOutState           0x08005080   Section        0  tasks.o(i.vTaskInternalSetTimeOutState)
    i.vTaskMissedYield                       0x08005090   Section        0  tasks.o(i.vTaskMissedYield)
    i.vTaskPlaceOnEventList                  0x0800509c   Section        0  tasks.o(i.vTaskPlaceOnEventList)
    i.vTaskPlaceOnEventListRestricted        0x080050cc   Section        0  tasks.o(i.vTaskPlaceOnEventListRestricted)
    i.vTaskStartScheduler                    0x08005104   Section        0  tasks.o(i.vTaskStartScheduler)
    i.vTaskSuspendAll                        0x0800518c   Section        0  tasks.o(i.vTaskSuspendAll)
    i.vTaskSwitchContext                     0x0800519c   Section        0  tasks.o(i.vTaskSwitchContext)
    i.xPortStartScheduler                    0x08005200   Section        0  port.o(i.xPortStartScheduler)
    i.xQueueGenericCreateStatic              0x080052f4   Section        0  queue.o(i.xQueueGenericCreateStatic)
    i.xQueueGenericReset                     0x0800535c   Section        0  queue.o(i.xQueueGenericReset)
    i.xQueueGenericSend                      0x080053e4   Section        0  queue.o(i.xQueueGenericSend)
    i.xQueueGenericSendFromISR               0x08005544   Section        0  queue.o(i.xQueueGenericSendFromISR)
    i.xQueueReceive                          0x08005600   Section        0  queue.o(i.xQueueReceive)
    i.xTaskCheckForTimeOut                   0x08005738   Section        0  tasks.o(i.xTaskCheckForTimeOut)
    i.xTaskCreate                            0x080057ac   Section        0  tasks.o(i.xTaskCreate)
    i.xTaskCreateStatic                      0x08005806   Section        0  tasks.o(i.xTaskCreateStatic)
    i.xTaskGetSchedulerState                 0x0800585c   Section        0  tasks.o(i.xTaskGetSchedulerState)
    i.xTaskGetTickCount                      0x08005878   Section        0  tasks.o(i.xTaskGetTickCount)
    i.xTaskIncrementTick                     0x08005884   Section        0  tasks.o(i.xTaskIncrementTick)
    i.xTaskPriorityDisinherit                0x0800594c   Section        0  tasks.o(i.xTaskPriorityDisinherit)
    i.xTaskRemoveFromEventList               0x080059cc   Section        0  tasks.o(i.xTaskRemoveFromEventList)
    i.xTaskResumeAll                         0x08005a3c   Section        0  tasks.o(i.xTaskResumeAll)
    i.xTimerCreate                           0x08005b00   Section        0  timers.o(i.xTimerCreate)
    i.xTimerCreateStatic                     0x08005b34   Section        0  timers.o(i.xTimerCreateStatic)
    i.xTimerCreateTimerTask                  0x08005b64   Section        0  timers.o(i.xTimerCreateTimerTask)
    i.xTimerGenericCommand                   0x08005bc4   Section        0  timers.o(i.xTimerGenericCommand)
    .constdata                               0x08005c2c   Section      124  freertos.o(.constdata)
    .constdata                               0x08005ca8   Section        8  stm32f4xx_hal_dma.o(.constdata)
    flagBitshiftOffset                       0x08005ca8   Data           8  stm32f4xx_hal_dma.o(.constdata)
    .constdata                               0x08005cb0   Section       16  system_stm32f4xx.o(.constdata)
    .constdata                               0x08005cc0   Section        8  system_stm32f4xx.o(.constdata)
    .conststring                             0x08005cc8   Section       56  freertos.o(.conststring)
    .data                                    0x20000000   Section       16  freertos.o(.data)
    .data                                    0x20000010   Section        4  can.o(.data)
    HAL_RCC_CAN1_CLK_ENABLED                 0x20000010   Data           4  can.o(.data)
    .data                                    0x20000014   Section       12  stm32f4xx_hal.o(.data)
    .data                                    0x20000020   Section        4  system_stm32f4xx.o(.data)
    .data                                    0x20000024   Section       60  tasks.o(.data)
    pxDelayedTaskList                        0x20000028   Data           4  tasks.o(.data)
    pxOverflowDelayedTaskList                0x2000002c   Data           4  tasks.o(.data)
    uxDeletedTasksWaitingCleanUp             0x20000030   Data           4  tasks.o(.data)
    uxCurrentNumberOfTasks                   0x20000034   Data           4  tasks.o(.data)
    xTickCount                               0x20000038   Data           4  tasks.o(.data)
    uxTopReadyPriority                       0x2000003c   Data           4  tasks.o(.data)
    xSchedulerRunning                        0x20000040   Data           4  tasks.o(.data)
    uxPendedTicks                            0x20000044   Data           4  tasks.o(.data)
    xYieldPending                            0x20000048   Data           4  tasks.o(.data)
    xNumOfOverflows                          0x2000004c   Data           4  tasks.o(.data)
    uxTaskNumber                             0x20000050   Data           4  tasks.o(.data)
    xNextTaskUnblockTime                     0x20000054   Data           4  tasks.o(.data)
    xIdleTaskHandle                          0x20000058   Data           4  tasks.o(.data)
    uxSchedulerSuspended                     0x2000005c   Data           4  tasks.o(.data)
    .data                                    0x20000060   Section       20  timers.o(.data)
    pxCurrentTimerList                       0x20000060   Data           4  timers.o(.data)
    pxOverflowTimerList                      0x20000064   Data           4  timers.o(.data)
    xTimerQueue                              0x20000068   Data           4  timers.o(.data)
    xTimerTaskHandle                         0x2000006c   Data           4  timers.o(.data)
    xLastTime                                0x20000070   Data           4  timers.o(.data)
    .data                                    0x20000074   Section        4  cmsis_os2.o(.data)
    KernelState                              0x20000074   Data           4  cmsis_os2.o(.data)
    .data                                    0x20000078   Section       24  heap_4.o(.data)
    pxEnd                                    0x20000078   Data           4  heap_4.o(.data)
    xFreeBytesRemaining                      0x2000007c   Data           4  heap_4.o(.data)
    xMinimumEverFreeBytesRemaining           0x20000080   Data           4  heap_4.o(.data)
    xBlockAllocatedBit                       0x20000084   Data           4  heap_4.o(.data)
    xStart                                   0x20000088   Data           8  heap_4.o(.data)
    .data                                    0x20000090   Section       12  port.o(.data)
    ucMaxSysCallPriority                     0x20000090   Data           1  port.o(.data)
    uxCriticalNesting                        0x20000094   Data           4  port.o(.data)
    ulMaxPRIGROUPValue                       0x20000098   Data           4  port.o(.data)
    .data                                    0x2000009c   Section       16  bsp_can.o(.data)
    .data                                    0x200000ac   Section       76  motor.o(.data)
    IsFirstCanData                           0x200000ac   Data           1  motor.o(.data)
    .data                                    0x200000f8   Section        4  supervise.o(.data)
    .data                                    0x20000100   Section        8  position_ctrl.o(.data)
    .data                                    0x20000108   Section       36  shoot.o(.data)
    .data                                    0x2000012c   Section        4  robot.o(.data)
    .bss                                     0x20000130   Section       80  can.o(.bss)
    .bss                                     0x20000180   Section      128  tim.o(.bss)
    .bss                                     0x20000200   Section      224  usart.o(.bss)
    .bss                                     0x200002e0   Section       64  stm32f4xx_hal_timebase_tim.o(.bss)
    .bss                                     0x20000320   Section       64  queue.o(.bss)
    .bss                                     0x20000360   Section     1220  tasks.o(.bss)
    pxReadyTasksLists                        0x20000360   Data        1120  tasks.o(.bss)
    xDelayedTaskList1                        0x200007c0   Data          20  tasks.o(.bss)
    xDelayedTaskList2                        0x200007d4   Data          20  tasks.o(.bss)
    xPendingReadyList                        0x200007e8   Data          20  tasks.o(.bss)
    xTasksWaitingTermination                 0x200007fc   Data          20  tasks.o(.bss)
    xSuspendedTaskList                       0x20000810   Data          20  tasks.o(.bss)
    .bss                                     0x20000824   Section      280  timers.o(.bss)
    xActiveTimerList1                        0x20000824   Data          20  timers.o(.bss)
    xActiveTimerList2                        0x20000838   Data          20  timers.o(.bss)
    xStaticTimerQueue                        0x2000084c   Data          80  timers.o(.bss)
    ucStaticTimerQueueStorage                0x2000089c   Data         160  timers.o(.bss)
    .bss                                     0x2000093c   Section     1720  cmsis_os2.o(.bss)
    Idle_TCB                                 0x2000093c   Data          92  cmsis_os2.o(.bss)
    Idle_Stack                               0x20000998   Data         512  cmsis_os2.o(.bss)
    Timer_TCB                                0x20000b98   Data          92  cmsis_os2.o(.bss)
    Timer_Stack                              0x20000bf4   Data        1024  cmsis_os2.o(.bss)
    .bss                                     0x20000ff4   Section    15360  heap_4.o(.bss)
    ucHeap                                   0x20000ff4   Data       15360  heap_4.o(.bss)
    .bss                                     0x20004bf4   Section      272  motor.o(.bss)
    .bss                                     0x20004d04   Section      272  motor.o(.bss)
    .bss                                     0x20004e14   Section      272  motor.o(.bss)
    .bss                                     0x20004f24   Section      272  motor.o(.bss)
    .bss                                     0x20005034   Section      272  motor.o(.bss)
    .bss                                     0x20005144   Section      272  motor.o(.bss)
    .bss                                     0x20005254   Section      272  motor.o(.bss)
    .bss                                     0x20005364   Section      272  motor.o(.bss)
    .bss                                     0x20005474   Section      272  motor.o(.bss)
    .bss                                     0x20005584   Section      272  motor.o(.bss)
    .bss                                     0x20005694   Section      272  motor.o(.bss)
    .bss                                     0x200057a4   Section      272  motor.o(.bss)
    .bss                                     0x200058b4   Section      272  motor.o(.bss)
    .bss                                     0x200059c4   Section      272  motor.o(.bss)
    .bss                                     0x20005ad4   Section      272  motor.o(.bss)
    .bss                                     0x20005be4   Section      272  motor.o(.bss)
    .bss                                     0x20005cf4   Section      132  remote.o(.bss)
    .bss                                     0x20005d78   Section       48  supervise.o(.bss)
    .bss                                     0x20005da8   Section       60  robot.o(.bss)
    STACK                                    0x20005de8   Section     1024  startup_stm32f427xx.o(STACK)

    Global Symbols

    Symbol Name                              Value     Ov Type        Size  Object(Section)

    BuildAttributes$$THM_ISAv4$E$P$D$K$B$S$7EM$VFPi3$EXTD16$VFPS$VFMA$PE$A:L22UL41UL21$X:L11$S22US41US21$IEEE1$IW$USESV6$~STKCKD$USESV7$~SHL$OTIME$ROPI$IEEEJ$EBA8$MICROLIB$REQ8$PRES8$EABIv2 0x00000000   Number         0  anon$$obj.o ABSOLUTE
    __ARM_use_no_argv                        0x00000000   Number         0  main.o ABSOLUTE
    __arm_fini_                               - Undefined Weak Reference
    __cpp_initialize__aeabi_                  - Undefined Weak Reference
    __cxa_finalize                            - Undefined Weak Reference
    _clock_init                               - Undefined Weak Reference
    _microlib_exit                            - Undefined Weak Reference
    __Vectors_Size                           0x000001ac   Number         0  startup_stm32f427xx.o ABSOLUTE
    __Vectors                                0x08000000   Data           4  startup_stm32f427xx.o(RESET)
    __Vectors_End                            0x080001ac   Data           0  startup_stm32f427xx.o(RESET)
    __main                                   0x080001ad   Thumb Code     0  entry.o(.ARM.Collect$$$$00000000)
    _main_stk                                0x080001ad   Thumb Code     0  entry2.o(.ARM.Collect$$$$00000001)
    _main_scatterload                        0x080001b1   Thumb Code     0  entry5.o(.ARM.Collect$$$$00000004)
    __main_after_scatterload                 0x080001b5   Thumb Code     0  entry5.o(.ARM.Collect$$$$00000004)
    _main_clock                              0x080001b5   Thumb Code     0  entry7b.o(.ARM.Collect$$$$00000008)
    _main_cpp_init                           0x080001b5   Thumb Code     0  entry8b.o(.ARM.Collect$$$$0000000A)
    _main_init                               0x080001b5   Thumb Code     0  entry9a.o(.ARM.Collect$$$$0000000B)
    __rt_lib_shutdown_fini                   0x080001bd   Thumb Code     0  entry12b.o(.ARM.Collect$$$$0000000E)
    __rt_final_cpp                           0x080001c1   Thumb Code     0  entry10a.o(.ARM.Collect$$$$0000000F)
    __rt_final_exit                          0x080001c1   Thumb Code     0  entry11a.o(.ARM.Collect$$$$00000011)
    SVC_Handler                              0x080001c5   Thumb Code    28  port.o(.emb_text)
    __asm___6_port_c_39a90d8d__prvStartFirstTask 0x080001e5   Thumb Code    36  port.o(.emb_text)
    __asm___6_port_c_39a90d8d__prvEnableVFP  0x0800020d   Thumb Code    16  port.o(.emb_text)
    PendSV_Handler                           0x08000221   Thumb Code    88  port.o(.emb_text)
    vPortGetIPSR                             0x0800027d   Thumb Code     6  port.o(.emb_text)
    Reset_Handler                            0x08000285   Thumb Code     8  startup_stm32f427xx.o(.text)
    ADC_IRQHandler                           0x0800029f   Thumb Code     0  startup_stm32f427xx.o(.text)
    CAN1_RX1_IRQHandler                      0x0800029f   Thumb Code     0  startup_stm32f427xx.o(.text)
    CAN1_SCE_IRQHandler                      0x0800029f   Thumb Code     0  startup_stm32f427xx.o(.text)
    CAN1_TX_IRQHandler                       0x0800029f   Thumb Code     0  startup_stm32f427xx.o(.text)
    CAN2_RX1_IRQHandler                      0x0800029f   Thumb Code     0  startup_stm32f427xx.o(.text)
    CAN2_SCE_IRQHandler                      0x0800029f   Thumb Code     0  startup_stm32f427xx.o(.text)
    CAN2_TX_IRQHandler                       0x0800029f   Thumb Code     0  startup_stm32f427xx.o(.text)
    DCMI_IRQHandler                          0x0800029f   Thumb Code     0  startup_stm32f427xx.o(.text)
    DMA1_Stream0_IRQHandler                  0x0800029f   Thumb Code     0  startup_stm32f427xx.o(.text)
    DMA1_Stream1_IRQHandler                  0x0800029f   Thumb Code     0  startup_stm32f427xx.o(.text)
    DMA1_Stream2_IRQHandler                  0x0800029f   Thumb Code     0  startup_stm32f427xx.o(.text)
    DMA1_Stream3_IRQHandler                  0x0800029f   Thumb Code     0  startup_stm32f427xx.o(.text)
    DMA1_Stream4_IRQHandler                  0x0800029f   Thumb Code     0  startup_stm32f427xx.o(.text)
    DMA1_Stream5_IRQHandler                  0x0800029f   Thumb Code     0  startup_stm32f427xx.o(.text)
    DMA1_Stream6_IRQHandler                  0x0800029f   Thumb Code     0  startup_stm32f427xx.o(.text)
    DMA1_Stream7_IRQHandler                  0x0800029f   Thumb Code     0  startup_stm32f427xx.o(.text)
    DMA2D_IRQHandler                         0x0800029f   Thumb Code     0  startup_stm32f427xx.o(.text)
    DMA2_Stream0_IRQHandler                  0x0800029f   Thumb Code     0  startup_stm32f427xx.o(.text)
    DMA2_Stream1_IRQHandler                  0x0800029f   Thumb Code     0  startup_stm32f427xx.o(.text)
    DMA2_Stream3_IRQHandler                  0x0800029f   Thumb Code     0  startup_stm32f427xx.o(.text)
    DMA2_Stream4_IRQHandler                  0x0800029f   Thumb Code     0  startup_stm32f427xx.o(.text)
    DMA2_Stream5_IRQHandler                  0x0800029f   Thumb Code     0  startup_stm32f427xx.o(.text)
    DMA2_Stream6_IRQHandler                  0x0800029f   Thumb Code     0  startup_stm32f427xx.o(.text)
    DMA2_Stream7_IRQHandler                  0x0800029f   Thumb Code     0  startup_stm32f427xx.o(.text)
    ETH_IRQHandler                           0x0800029f   Thumb Code     0  startup_stm32f427xx.o(.text)
    ETH_WKUP_IRQHandler                      0x0800029f   Thumb Code     0  startup_stm32f427xx.o(.text)
    EXTI0_IRQHandler                         0x0800029f   Thumb Code     0  startup_stm32f427xx.o(.text)
    EXTI15_10_IRQHandler                     0x0800029f   Thumb Code     0  startup_stm32f427xx.o(.text)
    EXTI1_IRQHandler                         0x0800029f   Thumb Code     0  startup_stm32f427xx.o(.text)
    EXTI2_IRQHandler                         0x0800029f   Thumb Code     0  startup_stm32f427xx.o(.text)
    EXTI3_IRQHandler                         0x0800029f   Thumb Code     0  startup_stm32f427xx.o(.text)
    EXTI4_IRQHandler                         0x0800029f   Thumb Code     0  startup_stm32f427xx.o(.text)
    EXTI9_5_IRQHandler                       0x0800029f   Thumb Code     0  startup_stm32f427xx.o(.text)
    FLASH_IRQHandler                         0x0800029f   Thumb Code     0  startup_stm32f427xx.o(.text)
    FMC_IRQHandler                           0x0800029f   Thumb Code     0  startup_stm32f427xx.o(.text)
    FPU_IRQHandler                           0x0800029f   Thumb Code     0  startup_stm32f427xx.o(.text)
    HASH_RNG_IRQHandler                      0x0800029f   Thumb Code     0  startup_stm32f427xx.o(.text)
    I2C1_ER_IRQHandler                       0x0800029f   Thumb Code     0  startup_stm32f427xx.o(.text)
    I2C1_EV_IRQHandler                       0x0800029f   Thumb Code     0  startup_stm32f427xx.o(.text)
    I2C2_ER_IRQHandler                       0x0800029f   Thumb Code     0  startup_stm32f427xx.o(.text)
    I2C2_EV_IRQHandler                       0x0800029f   Thumb Code     0  startup_stm32f427xx.o(.text)
    I2C3_ER_IRQHandler                       0x0800029f   Thumb Code     0  startup_stm32f427xx.o(.text)
    I2C3_EV_IRQHandler                       0x0800029f   Thumb Code     0  startup_stm32f427xx.o(.text)
    OTG_FS_IRQHandler                        0x0800029f   Thumb Code     0  startup_stm32f427xx.o(.text)
    OTG_FS_WKUP_IRQHandler                   0x0800029f   Thumb Code     0  startup_stm32f427xx.o(.text)
    OTG_HS_EP1_IN_IRQHandler                 0x0800029f   Thumb Code     0  startup_stm32f427xx.o(.text)
    OTG_HS_EP1_OUT_IRQHandler                0x0800029f   Thumb Code     0  startup_stm32f427xx.o(.text)
    OTG_HS_IRQHandler                        0x0800029f   Thumb Code     0  startup_stm32f427xx.o(.text)
    OTG_HS_WKUP_IRQHandler                   0x0800029f   Thumb Code     0  startup_stm32f427xx.o(.text)
    PVD_IRQHandler                           0x0800029f   Thumb Code     0  startup_stm32f427xx.o(.text)
    RCC_IRQHandler                           0x0800029f   Thumb Code     0  startup_stm32f427xx.o(.text)
    RTC_Alarm_IRQHandler                     0x0800029f   Thumb Code     0  startup_stm32f427xx.o(.text)
    RTC_WKUP_IRQHandler                      0x0800029f   Thumb Code     0  startup_stm32f427xx.o(.text)
    SAI1_IRQHandler                          0x0800029f   Thumb Code     0  startup_stm32f427xx.o(.text)
    SDIO_IRQHandler                          0x0800029f   Thumb Code     0  startup_stm32f427xx.o(.text)
    SPI1_IRQHandler                          0x0800029f   Thumb Code     0  startup_stm32f427xx.o(.text)
    SPI2_IRQHandler                          0x0800029f   Thumb Code     0  startup_stm32f427xx.o(.text)
    SPI3_IRQHandler                          0x0800029f   Thumb Code     0  startup_stm32f427xx.o(.text)
    SPI4_IRQHandler                          0x0800029f   Thumb Code     0  startup_stm32f427xx.o(.text)
    SPI5_IRQHandler                          0x0800029f   Thumb Code     0  startup_stm32f427xx.o(.text)
    SPI6_IRQHandler                          0x0800029f   Thumb Code     0  startup_stm32f427xx.o(.text)
    TAMP_STAMP_IRQHandler                    0x0800029f   Thumb Code     0  startup_stm32f427xx.o(.text)
    TIM1_BRK_TIM9_IRQHandler                 0x0800029f   Thumb Code     0  startup_stm32f427xx.o(.text)
    TIM1_CC_IRQHandler                       0x0800029f   Thumb Code     0  startup_stm32f427xx.o(.text)
    TIM1_TRG_COM_TIM11_IRQHandler            0x0800029f   Thumb Code     0  startup_stm32f427xx.o(.text)
    TIM1_UP_TIM10_IRQHandler                 0x0800029f   Thumb Code     0  startup_stm32f427xx.o(.text)
    TIM2_IRQHandler                          0x0800029f   Thumb Code     0  startup_stm32f427xx.o(.text)
    TIM3_IRQHandler                          0x0800029f   Thumb Code     0  startup_stm32f427xx.o(.text)
    TIM4_IRQHandler                          0x0800029f   Thumb Code     0  startup_stm32f427xx.o(.text)
    TIM5_IRQHandler                          0x0800029f   Thumb Code     0  startup_stm32f427xx.o(.text)
    TIM6_DAC_IRQHandler                      0x0800029f   Thumb Code     0  startup_stm32f427xx.o(.text)
    TIM7_IRQHandler                          0x0800029f   Thumb Code     0  startup_stm32f427xx.o(.text)
    TIM8_CC_IRQHandler                       0x0800029f   Thumb Code     0  startup_stm32f427xx.o(.text)
    TIM8_UP_TIM13_IRQHandler                 0x0800029f   Thumb Code     0  startup_stm32f427xx.o(.text)
    UART4_IRQHandler                         0x0800029f   Thumb Code     0  startup_stm32f427xx.o(.text)
    UART5_IRQHandler                         0x0800029f   Thumb Code     0  startup_stm32f427xx.o(.text)
    UART7_IRQHandler                         0x0800029f   Thumb Code     0  startup_stm32f427xx.o(.text)
    UART8_IRQHandler                         0x0800029f   Thumb Code     0  startup_stm32f427xx.o(.text)
    USART2_IRQHandler                        0x0800029f   Thumb Code     0  startup_stm32f427xx.o(.text)
    USART3_IRQHandler                        0x0800029f   Thumb Code     0  startup_stm32f427xx.o(.text)
    USART6_IRQHandler                        0x0800029f   Thumb Code     0  startup_stm32f427xx.o(.text)
    WWDG_IRQHandler                          0x0800029f   Thumb Code     0  startup_stm32f427xx.o(.text)
    __aeabi_uldivmod                         0x080002a9   Thumb Code    98  uldiv.o(.text)
    __aeabi_memcpy                           0x0800030b   Thumb Code    36  memcpya.o(.text)
    __aeabi_memcpy4                          0x0800030b   Thumb Code     0  memcpya.o(.text)
    __aeabi_memcpy8                          0x0800030b   Thumb Code     0  memcpya.o(.text)
    __aeabi_memset                           0x0800032f   Thumb Code    14  memseta.o(.text)
    __aeabi_memset4                          0x0800032f   Thumb Code     0  memseta.o(.text)
    __aeabi_memset8                          0x0800032f   Thumb Code     0  memseta.o(.text)
    __aeabi_memclr                           0x0800033d   Thumb Code     4  memseta.o(.text)
    __aeabi_memclr4                          0x0800033d   Thumb Code     0  memseta.o(.text)
    __aeabi_memclr8                          0x0800033d   Thumb Code     0  memseta.o(.text)
    memset                                   0x08000341   Thumb Code    18  memseta.o(.text)
    __aeabi_dmul                             0x08000353   Thumb Code   228  dmul.o(.text)
    __aeabi_i2d                              0x08000437   Thumb Code    34  dflti.o(.text)
    __aeabi_f2d                              0x08000459   Thumb Code    38  f2d.o(.text)
    __aeabi_d2f                              0x0800047f   Thumb Code    56  d2f.o(.text)
    __aeabi_llsl                             0x080004b7   Thumb Code    30  llshl.o(.text)
    _ll_shift_l                              0x080004b7   Thumb Code     0  llshl.o(.text)
    __aeabi_llsr                             0x080004d5   Thumb Code    32  llushr.o(.text)
    _ll_ushift_r                             0x080004d5   Thumb Code     0  llushr.o(.text)
    __I$use$fp                               0x080004f5   Thumb Code     0  iusefp.o(.text)
    _float_round                             0x080004f5   Thumb Code    18  fepilogue.o(.text)
    _float_epilogue                          0x08000507   Thumb Code    92  fepilogue.o(.text)
    _double_round                            0x08000563   Thumb Code    30  depilogue.o(.text)
    _double_epilogue                         0x08000581   Thumb Code   156  depilogue.o(.text)
    __scatterload                            0x0800061d   Thumb Code    28  init.o(.text)
    __scatterload_rt2                        0x0800061d   Thumb Code     0  init.o(.text)
    __decompress                             0x08000641   Thumb Code     0  __dczerorl.o(.text)
    __decompress0                            0x08000641   Thumb Code    58  __dczerorl.o(.text)
    ActParamInit                             0x0800067d   Thumb Code    44  robot.o(i.ActParamInit)
    AutoShoot                                0x080006b5   Thumb Code    84  shoot.o(i.AutoShoot)
    BusFault_Handler                         0x08000715   Thumb Code     2  stm32f4xx_it.o(i.BusFault_Handler)
    CAN1_RX0_IRQHandler                      0x08000719   Thumb Code     6  stm32f4xx_it.o(i.CAN1_RX0_IRQHandler)
    CAN2_RX0_IRQHandler                      0x08000725   Thumb Code     6  stm32f4xx_it.o(i.CAN2_RX0_IRQHandler)
    Can1DataReceive                          0x08000731   Thumb Code   130  bsp_can.o(i.Can1DataReceive)
    Can2DataReceive                          0x080007d5   Thumb Code   130  bsp_can.o(i.Can2DataReceive)
    CanFilterInit                            0x08000879   Thumb Code   188  bsp_can.o(i.CanFilterInit)
    CanTransmit_1234                         0x0800093d   Thumb Code    56  motor.o(i.CanTransmit_1234)
    CanTransmit_5678                         0x08000979   Thumb Code    56  motor.o(i.CanTransmit_5678)
    ChangeDart                               0x080009b5   Thumb Code    50  shoot.o(i.ChangeDart)
    DMA2_Stream2_IRQHandler                  0x080009f1   Thumb Code     6  stm32f4xx_it.o(i.DMA2_Stream2_IRQHandler)
    DartParamInit                            0x08000aa1   Thumb Code   782  robot.o(i.DartParamInit)
    DartStateChange                          0x08000e25   Thumb Code   254  robot.o(i.DartStateChange)
    DebugMon_Handler                         0x08000f5d   Thumb Code     2  stm32f4xx_it.o(i.DebugMon_Handler)
    Error_Handler                            0x08000f5f   Thumb Code     4  main.o(i.Error_Handler)
    HAL_CAN_ActivateNotification             0x08000f63   Thumb Code    36  stm32f4xx_hal_can.o(i.HAL_CAN_ActivateNotification)
    HAL_CAN_AddTxMessage                     0x08000f87   Thumb Code   220  stm32f4xx_hal_can.o(i.HAL_CAN_AddTxMessage)
    HAL_CAN_ConfigFilter                     0x08001065   Thumb Code   262  stm32f4xx_hal_can.o(i.HAL_CAN_ConfigFilter)
    HAL_CAN_ErrorCallback                    0x08001171   Thumb Code     2  stm32f4xx_hal_can.o(i.HAL_CAN_ErrorCallback)
    HAL_CAN_GetRxMessage                     0x08001173   Thumb Code   232  stm32f4xx_hal_can.o(i.HAL_CAN_GetRxMessage)
    HAL_CAN_IRQHandler                       0x0800125b   Thumb Code   508  stm32f4xx_hal_can.o(i.HAL_CAN_IRQHandler)
    HAL_CAN_Init                             0x08001457   Thumb Code   282  stm32f4xx_hal_can.o(i.HAL_CAN_Init)
    HAL_CAN_MspInit                          0x08001571   Thumb Code   228  can.o(i.HAL_CAN_MspInit)
    HAL_CAN_RxFifo0FullCallback              0x0800166d   Thumb Code     2  stm32f4xx_hal_can.o(i.HAL_CAN_RxFifo0FullCallback)
    HAL_CAN_RxFifo0MsgPendingCallback        0x08001671   Thumb Code    56  bsp_can.o(i.HAL_CAN_RxFifo0MsgPendingCallback)
    HAL_CAN_RxFifo1FullCallback              0x080016b5   Thumb Code     2  stm32f4xx_hal_can.o(i.HAL_CAN_RxFifo1FullCallback)
    HAL_CAN_RxFifo1MsgPendingCallback        0x080016b9   Thumb Code    56  bsp_can.o(i.HAL_CAN_RxFifo1MsgPendingCallback)
    HAL_CAN_SleepCallback                    0x080016fd   Thumb Code     2  stm32f4xx_hal_can.o(i.HAL_CAN_SleepCallback)
    HAL_CAN_Start                            0x08001701   Thumb Code    88  stm32f4xx_hal_can.o(i.HAL_CAN_Start)
    HAL_CAN_TxMailbox0AbortCallback          0x08001759   Thumb Code     2  stm32f4xx_hal_can.o(i.HAL_CAN_TxMailbox0AbortCallback)
    HAL_CAN_TxMailbox0CompleteCallback       0x0800175b   Thumb Code     2  stm32f4xx_hal_can.o(i.HAL_CAN_TxMailbox0CompleteCallback)
    HAL_CAN_TxMailbox1AbortCallback          0x0800175d   Thumb Code     2  stm32f4xx_hal_can.o(i.HAL_CAN_TxMailbox1AbortCallback)
    HAL_CAN_TxMailbox1CompleteCallback       0x0800175f   Thumb Code     2  stm32f4xx_hal_can.o(i.HAL_CAN_TxMailbox1CompleteCallback)
    HAL_CAN_TxMailbox2AbortCallback          0x08001761   Thumb Code     2  stm32f4xx_hal_can.o(i.HAL_CAN_TxMailbox2AbortCallback)
    HAL_CAN_TxMailbox2CompleteCallback       0x08001763   Thumb Code     2  stm32f4xx_hal_can.o(i.HAL_CAN_TxMailbox2CompleteCallback)
    HAL_CAN_WakeUpFromRxMsgCallback          0x08001765   Thumb Code     2  stm32f4xx_hal_can.o(i.HAL_CAN_WakeUpFromRxMsgCallback)
    HAL_DMA_Abort                            0x08001767   Thumb Code   142  stm32f4xx_hal_dma.o(i.HAL_DMA_Abort)
    HAL_DMA_IRQHandler                       0x080017f5   Thumb Code   412  stm32f4xx_hal_dma.o(i.HAL_DMA_IRQHandler)
    HAL_DMA_Init                             0x08001995   Thumb Code   206  stm32f4xx_hal_dma.o(i.HAL_DMA_Init)
    HAL_DMA_Start_IT                         0x08001a69   Thumb Code   110  stm32f4xx_hal_dma.o(i.HAL_DMA_Start_IT)
    HAL_GPIO_Init                            0x08001ad9   Thumb Code   414  stm32f4xx_hal_gpio.o(i.HAL_GPIO_Init)
    HAL_GPIO_WritePin                        0x08001cad   Thumb Code    10  stm32f4xx_hal_gpio.o(i.HAL_GPIO_WritePin)
    HAL_GetTick                              0x08001cb9   Thumb Code     6  stm32f4xx_hal.o(i.HAL_GetTick)
    HAL_IncTick                              0x08001cc5   Thumb Code    12  stm32f4xx_hal.o(i.HAL_IncTick)
    HAL_Init                                 0x08001cd5   Thumb Code    48  stm32f4xx_hal.o(i.HAL_Init)
    HAL_InitTick                             0x08001d09   Thumb Code   100  stm32f4xx_hal_timebase_tim.o(i.HAL_InitTick)
    HAL_MspInit                              0x08001d7d   Thumb Code    52  stm32f4xx_hal_msp.o(i.HAL_MspInit)
    HAL_NVIC_EnableIRQ                       0x08001db5   Thumb Code    26  stm32f4xx_hal_cortex.o(i.HAL_NVIC_EnableIRQ)
    HAL_NVIC_SetPriority                     0x08001dd1   Thumb Code    60  stm32f4xx_hal_cortex.o(i.HAL_NVIC_SetPriority)
    HAL_NVIC_SetPriorityGrouping             0x08001e11   Thumb Code    26  stm32f4xx_hal_cortex.o(i.HAL_NVIC_SetPriorityGrouping)
    HAL_RCC_ClockConfig                      0x08001e35   Thumb Code   288  stm32f4xx_hal_rcc.o(i.HAL_RCC_ClockConfig)
    HAL_RCC_GetClockConfig                   0x08001f69   Thumb Code    54  stm32f4xx_hal_rcc.o(i.HAL_RCC_GetClockConfig)
    HAL_RCC_GetPCLK1Freq                     0x08001fa9   Thumb Code    20  stm32f4xx_hal_rcc.o(i.HAL_RCC_GetPCLK1Freq)
    HAL_RCC_GetPCLK2Freq                     0x08001fc9   Thumb Code    20  stm32f4xx_hal_rcc.o(i.HAL_RCC_GetPCLK2Freq)
    HAL_RCC_GetSysClockFreq                  0x08001fe9   Thumb Code    88  stm32f4xx_hal_rcc.o(i.HAL_RCC_GetSysClockFreq)
    HAL_RCC_OscConfig                        0x0800204d   Thumb Code   840  stm32f4xx_hal_rcc.o(i.HAL_RCC_OscConfig)
    HAL_TIMEx_BreakCallback                  0x080023a9   Thumb Code     2  stm32f4xx_hal_tim_ex.o(i.HAL_TIMEx_BreakCallback)
    HAL_TIMEx_CommutCallback                 0x080023ab   Thumb Code     2  stm32f4xx_hal_tim_ex.o(i.HAL_TIMEx_CommutCallback)
    HAL_TIMEx_MasterConfigSynchronization    0x080023ad   Thumb Code   116  stm32f4xx_hal_tim_ex.o(i.HAL_TIMEx_MasterConfigSynchronization)
    HAL_TIM_Base_Init                        0x0800243d   Thumb Code    54  stm32f4xx_hal_tim.o(i.HAL_TIM_Base_Init)
    HAL_TIM_Base_MspInit                     0x08002475   Thumb Code    72  tim.o(i.HAL_TIM_Base_MspInit)
    HAL_TIM_Base_Start_IT                    0x080024c9   Thumb Code    34  stm32f4xx_hal_tim.o(i.HAL_TIM_Base_Start_IT)
    HAL_TIM_ConfigClockSource                0x080024eb   Thumb Code   214  stm32f4xx_hal_tim.o(i.HAL_TIM_ConfigClockSource)
    HAL_TIM_IC_CaptureCallback               0x080025c1   Thumb Code     2  stm32f4xx_hal_tim.o(i.HAL_TIM_IC_CaptureCallback)
    HAL_TIM_IRQHandler                       0x080025c3   Thumb Code   358  stm32f4xx_hal_tim.o(i.HAL_TIM_IRQHandler)
    HAL_TIM_MspPostInit                      0x08002729   Thumb Code   104  tim.o(i.HAL_TIM_MspPostInit)
    HAL_TIM_OC_DelayElapsedCallback          0x080027a1   Thumb Code     2  stm32f4xx_hal_tim.o(i.HAL_TIM_OC_DelayElapsedCallback)
    HAL_TIM_PWM_ConfigChannel                0x080027a3   Thumb Code   208  stm32f4xx_hal_tim.o(i.HAL_TIM_PWM_ConfigChannel)
    HAL_TIM_PWM_Init                         0x08002873   Thumb Code    54  stm32f4xx_hal_tim.o(i.HAL_TIM_PWM_Init)
    HAL_TIM_PWM_MspInit                      0x080028a9   Thumb Code     2  stm32f4xx_hal_tim.o(i.HAL_TIM_PWM_MspInit)
    HAL_TIM_PWM_PulseFinishedCallback        0x080028ab   Thumb Code     2  stm32f4xx_hal_tim.o(i.HAL_TIM_PWM_PulseFinishedCallback)
    HAL_TIM_PWM_Start                        0x080028ad   Thumb Code    58  stm32f4xx_hal_tim.o(i.HAL_TIM_PWM_Start)
    HAL_TIM_PeriodElapsedCallback            0x080028f1   Thumb Code    14  main.o(i.HAL_TIM_PeriodElapsedCallback)
    HAL_TIM_TriggerCallback                  0x08002905   Thumb Code     2  stm32f4xx_hal_tim.o(i.HAL_TIM_TriggerCallback)
    HAL_UART_DMAStop                         0x08002907   Thumb Code    88  stm32f4xx_hal_uart.o(i.HAL_UART_DMAStop)
    HAL_UART_ErrorCallback                   0x0800295f   Thumb Code     2  stm32f4xx_hal_uart.o(i.HAL_UART_ErrorCallback)
    HAL_UART_Init                            0x08002961   Thumb Code    98  stm32f4xx_hal_uart.o(i.HAL_UART_Init)
    HAL_UART_MspInit                         0x080029c5   Thumb Code   216  usart.o(i.HAL_UART_MspInit)
    HAL_UART_Receive_DMA                     0x08002ab9   Thumb Code   138  stm32f4xx_hal_uart.o(i.HAL_UART_Receive_DMA)
    HAL_UART_RxCpltCallback                  0x08002b51   Thumb Code     2  stm32f4xx_hal_uart.o(i.HAL_UART_RxCpltCallback)
    HAL_UART_RxHalfCpltCallback              0x08002b53   Thumb Code     2  stm32f4xx_hal_uart.o(i.HAL_UART_RxHalfCpltCallback)
    HardFault_Handler                        0x08002b55   Thumb Code     2  stm32f4xx_it.o(i.HardFault_Handler)
    Is_Error                                 0x08002b59   Thumb Code     8  supervise.o(i.Is_Error)
    KeyStateChange                           0x08002b65   Thumb Code    34  remote.o(i.KeyStateChange)
    Letdown3510Frictiongear                  0x08002b8d   Thumb Code   146  shoot.o(i.Letdown3510Frictiongear)
    LostCounterFeed                          0x08002c35   Thumb Code    10  supervise.o(i.LostCounterFeed)
    MX_CAN1_Init                             0x08002c45   Thumb Code    62  can.o(i.MX_CAN1_Init)
    MX_CAN2_Init                             0x08002c8d   Thumb Code    62  can.o(i.MX_CAN2_Init)
    MX_DMA_Init                              0x08002cd5   Thumb Code    40  dma.o(i.MX_DMA_Init)
    MX_FREERTOS_Init                         0x08002d01   Thumb Code    68  freertos.o(i.MX_FREERTOS_Init)
    MX_GPIO_Init                             0x08002d5d   Thumb Code   150  gpio.o(i.MX_GPIO_Init)
    MX_TIM5_Init                             0x08002dfd   Thumb Code   166  tim.o(i.MX_TIM5_Init)
    MX_USART1_UART_Init                      0x08002ead   Thumb Code    54  usart.o(i.MX_USART1_UART_Init)
    MemManage_Handler                        0x08002ef1   Thumb Code     2  stm32f4xx_it.o(i.MemManage_Handler)
    MotorEncoderProcess                      0x08002ef5   Thumb Code   102  motor.o(i.MotorEncoderProcess)
    MotorParamInit                           0x08002f65   Thumb Code    42  motor.o(i.MotorParamInit)
    MotorParamInitFW                         0x08002f8f   Thumb Code    90  motor.o(i.MotorParamInitFW)
    NMI_Handler                              0x08002fe9   Thumb Code     2  stm32f4xx_it.o(i.NMI_Handler)
    PID_Calc                                 0x08002fed   Thumb Code   440  pid.o(i.PID_Calc)
    PositionCtrl_MouseKey                    0x080031a9   Thumb Code     2  position_ctrl.o(i.PositionCtrl_MouseKey)
    PositionCtrl_Remote                      0x080031ad   Thumb Code   158  position_ctrl.o(i.PositionCtrl_Remote)
    PositionParamCalculate                   0x0800325d   Thumb Code    84  position.o(i.PositionParamCalculate)
    PositionParamChange                      0x080032bd   Thumb Code   248  position.o(i.PositionParamChange)
    REMOTE_IDLE_Callback                     0x080033d1   Thumb Code   112  remote.o(i.REMOTE_IDLE_Callback)
    Raise3510Frictiongear                    0x08003451   Thumb Code   146  shoot.o(i.Raise3510Frictiongear)
    RaiseFrictiongearSpeed                   0x080034f9   Thumb Code   474  shoot.o(i.RaiseFrictiongearSpeed)
    Remain2006TwoFrictiongearPosition        0x08003709   Thumb Code    66  shoot.o(i.Remain2006TwoFrictiongearPosition)
    Remain35083510FrictiongearSpeed          0x08003759   Thumb Code   232  shoot.o(i.Remain35083510FrictiongearSpeed)
    RemoteData                               0x08003869   Thumb Code   174  remote.o(i.RemoteData)
    Remote_init                              0x0800391d   Thumb Code    22  remote.o(i.Remote_init)
    ShootCtrl_MouseKey                       0x0800393d   Thumb Code     2  shoot_ctrl.o(i.ShootCtrl_MouseKey)
    ShootCtrl_Remote                         0x08003941   Thumb Code    34  shoot_ctrl.o(i.ShootCtrl_Remote)
    ShootParamCalculate                      0x0800396d   Thumb Code   162  shoot.o(i.ShootParamCalculate)
    ShootParamChange                         0x08003a29   Thumb Code   396  shoot.o(i.ShootParamChange)
    StartPositionTask                        0x08003be9   Thumb Code    16  freertos.o(i.StartPositionTask)
    StartShootTask                           0x08003bf9   Thumb Code    12  freertos.o(i.StartShootTask)
    StartUserCmdTask                         0x08003c05   Thumb Code    16  freertos.o(i.StartUserCmdTask)
    SuperviseTimer                           0x08003c15   Thumb Code     2  freertos.o(i.SuperviseTimer)
    SysTick_Handler                          0x08003c19   Thumb Code    38  port.o(i.SysTick_Handler)
    SystemClock_Config                       0x08003c45   Thumb Code   140  main.o(i.SystemClock_Config)
    SystemInit                               0x08003cd9   Thumb Code    22  system_stm32f4xx.o(i.SystemInit)
    TIM8_BRK_TIM12_IRQHandler                0x08003cf5   Thumb Code     6  stm32f4xx_it.o(i.TIM8_BRK_TIM12_IRQHandler)
    TIM8_TRG_COM_TIM14_IRQHandler            0x08003d01   Thumb Code     6  stm32f4xx_it.o(i.TIM8_TRG_COM_TIM14_IRQHandler)
    TIM_Base_SetConfig                       0x08003d0d   Thumb Code   156  stm32f4xx_hal_tim.o(i.TIM_Base_SetConfig)
    TIM_CCxChannelCmd                        0x08003dd5   Thumb Code    26  stm32f4xx_hal_tim.o(i.TIM_CCxChannelCmd)
    TIM_ETR_SetConfig                        0x08003def   Thumb Code    20  stm32f4xx_hal_tim.o(i.TIM_ETR_SetConfig)
    TIM_OC2_SetConfig                        0x08003e75   Thumb Code    98  stm32f4xx_hal_tim.o(i.TIM_OC2_SetConfig)
    USART1_IRQHandler                        0x080041dd   Thumb Code     6  stm32f4xx_it.o(i.USART1_IRQHandler)
    UsageFault_Handler                       0x080041e9   Thumb Code     2  stm32f4xx_it.o(i.UsageFault_Handler)
    __hardfp_fabs                            0x0800420b   Thumb Code    20  fabs.o(i.__hardfp_fabs)
    __scatterload_copy                       0x0800421f   Thumb Code    14  handlers.o(i.__scatterload_copy)
    __scatterload_null                       0x0800422d   Thumb Code     2  handlers.o(i.__scatterload_null)
    __scatterload_zeroinit                   0x0800422f   Thumb Code    14  handlers.o(i.__scatterload_zeroinit)
    fsgn                                     0x0800423d   Thumb Code    38  pid.o(i.fsgn)
    main                                     0x08004269   Thumb Code    62  main.o(i.main)
    osDelay                                  0x080042b1   Thumb Code    46  cmsis_os2.o(i.osDelay)
    osKernelInitialize                       0x080042e5   Thumb Code    48  cmsis_os2.o(i.osKernelInitialize)
    osKernelStart                            0x08004319   Thumb Code    56  cmsis_os2.o(i.osKernelStart)
    osThreadNew                              0x08004355   Thumb Code   158  cmsis_os2.o(i.osThreadNew)
    osTimerNew                               0x080043f9   Thumb Code   124  cmsis_os2.o(i.osTimerNew)
    osTimerStart                             0x0800447d   Thumb Code    70  cmsis_os2.o(i.osTimerStart)
    pvPortMalloc                             0x08004cad   Thumb Code   210  heap_4.o(i.pvPortMalloc)
    pvTimerGetTimerID                        0x08004d85   Thumb Code    36  timers.o(i.pvTimerGetTimerID)
    pxPortInitialiseStack                    0x08004da9   Thumb Code    40  port.o(i.pxPortInitialiseStack)
    uxListRemove                             0x08004dd5   Thumb Code    38  list.o(i.uxListRemove)
    vApplicationGetIdleTaskMemory            0x08004dfd   Thumb Code    16  cmsis_os2.o(i.vApplicationGetIdleTaskMemory)
    vApplicationGetTimerTaskMemory           0x08004e11   Thumb Code    18  cmsis_os2.o(i.vApplicationGetTimerTaskMemory)
    vListInitialise                          0x08004e29   Thumb Code    22  list.o(i.vListInitialise)
    vListInitialiseItem                      0x08004e3f   Thumb Code     6  list.o(i.vListInitialiseItem)
    vListInsert                              0x08004e45   Thumb Code    48  list.o(i.vListInsert)
    vListInsertEnd                           0x08004e75   Thumb Code    24  list.o(i.vListInsertEnd)
    vPortEnterCritical                       0x08004e8d   Thumb Code    54  port.o(i.vPortEnterCritical)
    vPortExitCritical                        0x08004ecd   Thumb Code    34  port.o(i.vPortExitCritical)
    vPortFree                                0x08004ef5   Thumb Code    88  heap_4.o(i.vPortFree)
    vPortSetupTimerInterrupt                 0x08004f51   Thumb Code    32  port.o(i.vPortSetupTimerInterrupt)
    vPortValidateInterruptPriority           0x08004f75   Thumb Code    74  port.o(i.vPortValidateInterruptPriority)
    vQueueAddToRegistry                      0x08004fc9   Thumb Code    34  queue.o(i.vQueueAddToRegistry)
    vQueueWaitForMessageRestricted           0x08004ff1   Thumb Code    68  queue.o(i.vQueueWaitForMessageRestricted)
    vTaskDelay                               0x08005035   Thumb Code    66  tasks.o(i.vTaskDelay)
    vTaskInternalSetTimeOutState             0x08005081   Thumb Code    12  tasks.o(i.vTaskInternalSetTimeOutState)
    vTaskMissedYield                         0x08005091   Thumb Code     8  tasks.o(i.vTaskMissedYield)
    vTaskPlaceOnEventList                    0x0800509d   Thumb Code    44  tasks.o(i.vTaskPlaceOnEventList)
    vTaskPlaceOnEventListRestricted          0x080050cd   Thumb Code    52  tasks.o(i.vTaskPlaceOnEventListRestricted)
    vTaskStartScheduler                      0x08005105   Thumb Code   118  tasks.o(i.vTaskStartScheduler)
    vTaskSuspendAll                          0x0800518d   Thumb Code    10  tasks.o(i.vTaskSuspendAll)
    vTaskSwitchContext                       0x0800519d   Thumb Code    90  tasks.o(i.vTaskSwitchContext)
    xPortStartScheduler                      0x08005201   Thumb Code   222  port.o(i.xPortStartScheduler)
    xQueueGenericCreateStatic                0x080052f5   Thumb Code   102  queue.o(i.xQueueGenericCreateStatic)
    xQueueGenericReset                       0x0800535d   Thumb Code   132  queue.o(i.xQueueGenericReset)
    xQueueGenericSend                        0x080053e5   Thumb Code   346  queue.o(i.xQueueGenericSend)
    xQueueGenericSendFromISR                 0x08005545   Thumb Code   188  queue.o(i.xQueueGenericSendFromISR)
    xQueueReceive                            0x08005601   Thumb Code   308  queue.o(i.xQueueReceive)
    xTaskCheckForTimeOut                     0x08005739   Thumb Code   112  tasks.o(i.xTaskCheckForTimeOut)
    xTaskCreate                              0x080057ad   Thumb Code    90  tasks.o(i.xTaskCreate)
    xTaskCreateStatic                        0x08005807   Thumb Code    86  tasks.o(i.xTaskCreateStatic)
    xTaskGetSchedulerState                   0x0800585d   Thumb Code    22  tasks.o(i.xTaskGetSchedulerState)
    xTaskGetTickCount                        0x08005879   Thumb Code     6  tasks.o(i.xTaskGetTickCount)
    xTaskIncrementTick                       0x08005885   Thumb Code   190  tasks.o(i.xTaskIncrementTick)
    xTaskPriorityDisinherit                  0x0800594d   Thumb Code   118  tasks.o(i.xTaskPriorityDisinherit)
    xTaskRemoveFromEventList                 0x080059cd   Thumb Code    98  tasks.o(i.xTaskRemoveFromEventList)
    xTaskResumeAll                           0x08005a3d   Thumb Code   182  tasks.o(i.xTaskResumeAll)
    xTimerCreate                             0x08005b01   Thumb Code    52  timers.o(i.xTimerCreate)
    xTimerCreateStatic                       0x08005b35   Thumb Code    46  timers.o(i.xTimerCreateStatic)
    xTimerCreateTimerTask                    0x08005b65   Thumb Code    78  timers.o(i.xTimerCreateTimerTask)
    xTimerGenericCommand                     0x08005bc5   Thumb Code    98  timers.o(i.xTimerGenericCommand)
    ShootTask_attributes                     0x08005c2c   Data          36  freertos.o(.constdata)
    PositionTask_attributes                  0x08005c50   Data          36  freertos.o(.constdata)
    UserCmdTask_attributes                   0x08005c74   Data          36  freertos.o(.constdata)
    Supervise_Timer_attributes               0x08005c98   Data          16  freertos.o(.constdata)
    AHBPrescTable                            0x08005cb0   Data          16  system_stm32f4xx.o(.constdata)
    APBPrescTable                            0x08005cc0   Data           8  system_stm32f4xx.o(.constdata)
    Region$$Table$$Base                      0x08005d00   Number         0  anon$$obj.o(Region$$Table)
    Region$$Table$$Limit                     0x08005d20   Number         0  anon$$obj.o(Region$$Table)
    ShootTaskHandle                          0x20000000   Data           4  freertos.o(.data)
    PositionTaskHandle                       0x20000004   Data           4  freertos.o(.data)
    UserCmdTaskHandle                        0x20000008   Data           4  freertos.o(.data)
    Supervise_TimerHandle                    0x2000000c   Data           4  freertos.o(.data)
    uwTickFreq                               0x20000014   Data           1  stm32f4xx_hal.o(.data)
    uwTickPrio                               0x20000018   Data           4  stm32f4xx_hal.o(.data)
    uwTick                                   0x2000001c   Data           4  stm32f4xx_hal.o(.data)
    SystemCoreClock                          0x20000020   Data           4  system_stm32f4xx.o(.data)
    pxCurrentTCB                             0x20000024   Data           4  tasks.o(.data)
    CanRecvData_FIFO0                        0x2000009c   Data           8  bsp_can.o(.data)
    CanRecvData_FIFO1                        0x200000a4   Data           8  bsp_can.o(.data)
    TxMessage1_4                             0x200000b0   Data          24  motor.o(.data)
    TxMessage5_8                             0x200000c8   Data          24  motor.o(.data)
    TxMessage9_12                            0x200000e0   Data          24  motor.o(.data)
    lost_err                                 0x200000f8   Data           4  supervise.o(.data)
    transform                                0x20000100   Data           8  position_ctrl.o(.data)
    dart_strike_flag                         0x20000108   Data           4  shoot.o(.data)
    change_dart_flag                         0x2000010c   Data           4  shoot.o(.data)
    raise_frictiongear_speed_flag            0x20000110   Data           4  shoot.o(.data)
    letdown_3510frictiongear_flag            0x20000114   Data           4  shoot.o(.data)
    letdown_3510frictiongear_count           0x20000118   Data           4  shoot.o(.data)
    raise_3510frictiongear_flag              0x2000011c   Data           4  shoot.o(.data)
    raise_3510frictiongear_count             0x20000120   Data           4  shoot.o(.data)
    raise_3510frictiongear_waiting_flag      0x20000124   Data           4  shoot.o(.data)
    speed_error                              0x20000128   Data           4  shoot.o(.data)
    auto_flag                                0x2000012c   Data           4  robot.o(.data)
    hcan1                                    0x20000130   Data          40  can.o(.bss)
    hcan2                                    0x20000158   Data          40  can.o(.bss)
    htim5                                    0x20000180   Data          64  tim.o(.bss)
    htim12                                   0x200001c0   Data          64  tim.o(.bss)
    huart1                                   0x20000200   Data          64  usart.o(.bss)
    huart3                                   0x20000240   Data          64  usart.o(.bss)
    hdma_usart1_rx                           0x20000280   Data          96  usart.o(.bss)
    htim14                                   0x200002e0   Data          64  stm32f4xx_hal_timebase_tim.o(.bss)
    xQueueRegistry                           0x20000320   Data          64  queue.o(.bss)
    can1_motor_1                             0x20004bf4   Data         272  motor.o(.bss)
    can1_motor_2                             0x20004d04   Data         272  motor.o(.bss)
    can1_motor_3                             0x20004e14   Data         272  motor.o(.bss)
    can1_motor_4                             0x20004f24   Data         272  motor.o(.bss)
    can1_motor_5                             0x20005034   Data         272  motor.o(.bss)
    can1_motor_6                             0x20005144   Data         272  motor.o(.bss)
    can1_motor_7                             0x20005254   Data         272  motor.o(.bss)
    can1_motor_9                             0x20005364   Data         272  motor.o(.bss)
    can2_motor_1                             0x20005474   Data         272  motor.o(.bss)
    can2_motor_2                             0x20005584   Data         272  motor.o(.bss)
    can2_motor_3                             0x20005694   Data         272  motor.o(.bss)
    can2_motor_4                             0x200057a4   Data         272  motor.o(.bss)
    can2_motor_5                             0x200058b4   Data         272  motor.o(.bss)
    can2_motor_6                             0x200059c4   Data         272  motor.o(.bss)
    can2_motor_7                             0x20005ad4   Data         272  motor.o(.bss)
    can2_motor_9                             0x20005be4   Data         272  motor.o(.bss)
    rc_data                                  0x20005cf4   Data          18  remote.o(.bss)
    Remote                                   0x20005d08   Data         112  remote.o(.bss)
    lost_counter                             0x20005d78   Data          48  supervise.o(.bss)
    dart                                     0x20005da8   Data          60  robot.o(.bss)
    __initial_sp                             0x200061e8   Data           0  startup_stm32f427xx.o(STACK)



==============================================================================

Memory Map of the image

  Image Entry point : 0x080001ad

  Load Region LR_IROM1 (Base: 0x08000000, Size: 0x00005e50, Max: 0x00200000, ABSOLUTE, COMPRESSED[0x00005d48])

    Execution Region ER_IROM1 (Exec base: 0x08000000, Load base: 0x08000000, Size: 0x00005d20, Max: 0x00200000, ABSOLUTE)

    Exec Addr    Load Addr    Size         Type   Attr      Idx    E Section Name        Object

    0x08000000   0x08000000   0x000001ac   Data   RO            3    RESET               startup_stm32f427xx.o
    0x080001ac   0x080001ac   0x00000000   Code   RO         5762  * .ARM.Collect$$$$00000000  mc_w.l(entry.o)
    0x080001ac   0x080001ac   0x00000004   Code   RO         5811    .ARM.Collect$$$$00000001  mc_w.l(entry2.o)
    0x080001b0   0x080001b0   0x00000004   Code   RO         5814    .ARM.Collect$$$$00000004  mc_w.l(entry5.o)
    0x080001b4   0x080001b4   0x00000000   Code   RO         5816    .ARM.Collect$$$$00000008  mc_w.l(entry7b.o)
    0x080001b4   0x080001b4   0x00000000   Code   RO         5818    .ARM.Collect$$$$0000000A  mc_w.l(entry8b.o)
    0x080001b4   0x080001b4   0x00000008   Code   RO         5819    .ARM.Collect$$$$0000000B  mc_w.l(entry9a.o)
    0x080001bc   0x080001bc   0x00000004   Code   RO         5826    .ARM.Collect$$$$0000000E  mc_w.l(entry12b.o)
    0x080001c0   0x080001c0   0x00000000   Code   RO         5821    .ARM.Collect$$$$0000000F  mc_w.l(entry10a.o)
    0x080001c0   0x080001c0   0x00000000   Code   RO         5823    .ARM.Collect$$$$00000011  mc_w.l(entry11a.o)
    0x080001c0   0x080001c0   0x00000004   Code   RO         5812    .ARM.Collect$$$$00002712  mc_w.l(entry2.o)
    0x080001c4   0x080001c4   0x000000be   Code   RO         4976    .emb_text           port.o
    0x08000282   0x08000282   0x00000002   PAD
    0x08000284   0x08000284   0x00000024   Code   RO            4    .text               startup_stm32f427xx.o
    0x080002a8   0x080002a8   0x00000062   Code   RO         5765    .text               mc_w.l(uldiv.o)
    0x0800030a   0x0800030a   0x00000024   Code   RO         5767    .text               mc_w.l(memcpya.o)
    0x0800032e   0x0800032e   0x00000024   Code   RO         5771    .text               mc_w.l(memseta.o)
    0x08000352   0x08000352   0x000000e4   Code   RO         5803    .text               mf_w.l(dmul.o)
    0x08000436   0x08000436   0x00000022   Code   RO         5805    .text               mf_w.l(dflti.o)
    0x08000458   0x08000458   0x00000026   Code   RO         5807    .text               mf_w.l(f2d.o)
    0x0800047e   0x0800047e   0x00000038   Code   RO         5809    .text               mf_w.l(d2f.o)
    0x080004b6   0x080004b6   0x0000001e   Code   RO         5827    .text               mc_w.l(llshl.o)
    0x080004d4   0x080004d4   0x00000020   Code   RO         5829    .text               mc_w.l(llushr.o)
    0x080004f4   0x080004f4   0x00000000   Code   RO         5833    .text               mc_w.l(iusefp.o)
    0x080004f4   0x080004f4   0x0000006e   Code   RO         5834    .text               mf_w.l(fepilogue.o)
    0x08000562   0x08000562   0x000000ba   Code   RO         5836    .text               mf_w.l(depilogue.o)
    0x0800061c   0x0800061c   0x00000024   Code   RO         5838    .text               mc_w.l(init.o)
    0x08000640   0x08000640   0x0000003a   Code   RO         5848    .text               mc_w.l(__dczerorl.o)
    0x0800067a   0x0800067a   0x00000002   PAD
    0x0800067c   0x0800067c   0x00000038   Code   RO         5688    i.ActParamInit      robot.o
    0x080006b4   0x080006b4   0x00000060   Code   RO         5612    i.AutoShoot         shoot.o
    0x08000714   0x08000714   0x00000002   Code   RO          506    i.BusFault_Handler  stm32f4xx_it.o
    0x08000716   0x08000716   0x00000002   PAD
    0x08000718   0x08000718   0x0000000c   Code   RO          507    i.CAN1_RX0_IRQHandler  stm32f4xx_it.o
    0x08000724   0x08000724   0x0000000c   Code   RO          508    i.CAN2_RX0_IRQHandler  stm32f4xx_it.o
    0x08000730   0x08000730   0x000000a4   Code   RO         5300    i.Can1DataReceive   bsp_can.o
    0x080007d4   0x080007d4   0x000000a4   Code   RO         5301    i.Can2DataReceive   bsp_can.o
    0x08000878   0x08000878   0x000000c4   Code   RO         5302    i.CanFilterInit     bsp_can.o
    0x0800093c   0x0800093c   0x0000003c   Code   RO         5358    i.CanTransmit_1234  motor.o
    0x08000978   0x08000978   0x0000003c   Code   RO         5359    i.CanTransmit_5678  motor.o
    0x080009b4   0x080009b4   0x0000003c   Code   RO         5613    i.ChangeDart        shoot.o
    0x080009f0   0x080009f0   0x0000000c   Code   RO          509    i.DMA2_Stream2_IRQHandler  stm32f4xx_it.o
    0x080009fc   0x080009fc   0x00000028   Code   RO         1412    i.DMA_CalcBaseAndBitshift  stm32f4xx_hal_dma.o
    0x08000a24   0x08000a24   0x00000054   Code   RO         1413    i.DMA_CheckFifoParam  stm32f4xx_hal_dma.o
    0x08000a78   0x08000a78   0x00000028   Code   RO         1414    i.DMA_SetConfig     stm32f4xx_hal_dma.o
    0x08000aa0   0x08000aa0   0x00000384   Code   RO         5689    i.DartParamInit     robot.o
    0x08000e24   0x08000e24   0x00000138   Code   RO         5690    i.DartStateChange   robot.o
    0x08000f5c   0x08000f5c   0x00000002   Code   RO          510    i.DebugMon_Handler  stm32f4xx_it.o
    0x08000f5e   0x08000f5e   0x00000004   Code   RO           13    i.Error_Handler     main.o
    0x08000f62   0x08000f62   0x00000024   Code   RO          668    i.HAL_CAN_ActivateNotification  stm32f4xx_hal_can.o
    0x08000f86   0x08000f86   0x000000dc   Code   RO          669    i.HAL_CAN_AddTxMessage  stm32f4xx_hal_can.o
    0x08001062   0x08001062   0x00000002   PAD
    0x08001064   0x08001064   0x0000010c   Code   RO          670    i.HAL_CAN_ConfigFilter  stm32f4xx_hal_can.o
    0x08001170   0x08001170   0x00000002   Code   RO          673    i.HAL_CAN_ErrorCallback  stm32f4xx_hal_can.o
    0x08001172   0x08001172   0x000000e8   Code   RO          676    i.HAL_CAN_GetRxMessage  stm32f4xx_hal_can.o
    0x0800125a   0x0800125a   0x000001fc   Code   RO          680    i.HAL_CAN_IRQHandler  stm32f4xx_hal_can.o
    0x08001456   0x08001456   0x0000011a   Code   RO          681    i.HAL_CAN_Init      stm32f4xx_hal_can.o
    0x08001570   0x08001570   0x000000fc   Code   RO          332    i.HAL_CAN_MspInit   can.o
    0x0800166c   0x0800166c   0x00000002   Code   RO          688    i.HAL_CAN_RxFifo0FullCallback  stm32f4xx_hal_can.o
    0x0800166e   0x0800166e   0x00000002   PAD
    0x08001670   0x08001670   0x00000044   Code   RO         5303    i.HAL_CAN_RxFifo0MsgPendingCallback  bsp_can.o
    0x080016b4   0x080016b4   0x00000002   Code   RO          690    i.HAL_CAN_RxFifo1FullCallback  stm32f4xx_hal_can.o
    0x080016b6   0x080016b6   0x00000002   PAD
    0x080016b8   0x080016b8   0x00000044   Code   RO         5304    i.HAL_CAN_RxFifo1MsgPendingCallback  bsp_can.o
    0x080016fc   0x080016fc   0x00000002   Code   RO          692    i.HAL_CAN_SleepCallback  stm32f4xx_hal_can.o
    0x080016fe   0x080016fe   0x00000002   PAD
    0x08001700   0x08001700   0x00000058   Code   RO          693    i.HAL_CAN_Start     stm32f4xx_hal_can.o
    0x08001758   0x08001758   0x00000002   Code   RO          695    i.HAL_CAN_TxMailbox0AbortCallback  stm32f4xx_hal_can.o
    0x0800175a   0x0800175a   0x00000002   Code   RO          696    i.HAL_CAN_TxMailbox0CompleteCallback  stm32f4xx_hal_can.o
    0x0800175c   0x0800175c   0x00000002   Code   RO          697    i.HAL_CAN_TxMailbox1AbortCallback  stm32f4xx_hal_can.o
    0x0800175e   0x0800175e   0x00000002   Code   RO          698    i.HAL_CAN_TxMailbox1CompleteCallback  stm32f4xx_hal_can.o
    0x08001760   0x08001760   0x00000002   Code   RO          699    i.HAL_CAN_TxMailbox2AbortCallback  stm32f4xx_hal_can.o
    0x08001762   0x08001762   0x00000002   Code   RO          700    i.HAL_CAN_TxMailbox2CompleteCallback  stm32f4xx_hal_can.o
    0x08001764   0x08001764   0x00000002   Code   RO          702    i.HAL_CAN_WakeUpFromRxMsgCallback  stm32f4xx_hal_can.o
    0x08001766   0x08001766   0x0000008e   Code   RO         1415    i.HAL_DMA_Abort     stm32f4xx_hal_dma.o
    0x080017f4   0x080017f4   0x000001a0   Code   RO         1420    i.HAL_DMA_IRQHandler  stm32f4xx_hal_dma.o
    0x08001994   0x08001994   0x000000d4   Code   RO         1421    i.HAL_DMA_Init      stm32f4xx_hal_dma.o
    0x08001a68   0x08001a68   0x0000006e   Code   RO         1425    i.HAL_DMA_Start_IT  stm32f4xx_hal_dma.o
    0x08001ad6   0x08001ad6   0x00000002   PAD
    0x08001ad8   0x08001ad8   0x000001d4   Code   RO         1308    i.HAL_GPIO_Init     stm32f4xx_hal_gpio.o
    0x08001cac   0x08001cac   0x0000000a   Code   RO         1312    i.HAL_GPIO_WritePin  stm32f4xx_hal_gpio.o
    0x08001cb6   0x08001cb6   0x00000002   PAD
    0x08001cb8   0x08001cb8   0x0000000c   Code   RO         1860    i.HAL_GetTick       stm32f4xx_hal.o
    0x08001cc4   0x08001cc4   0x00000010   Code   RO         1866    i.HAL_IncTick       stm32f4xx_hal.o
    0x08001cd4   0x08001cd4   0x00000034   Code   RO         1867    i.HAL_Init          stm32f4xx_hal.o
    0x08001d08   0x08001d08   0x00000074   Code   RO          628    i.HAL_InitTick      stm32f4xx_hal_timebase_tim.o
    0x08001d7c   0x08001d7c   0x00000038   Code   RO          604    i.HAL_MspInit       stm32f4xx_hal_msp.o
    0x08001db4   0x08001db4   0x0000001a   Code   RO         1715    i.HAL_NVIC_EnableIRQ  stm32f4xx_hal_cortex.o
    0x08001dce   0x08001dce   0x00000002   PAD
    0x08001dd0   0x08001dd0   0x00000040   Code   RO         1721    i.HAL_NVIC_SetPriority  stm32f4xx_hal_cortex.o
    0x08001e10   0x08001e10   0x00000024   Code   RO         1722    i.HAL_NVIC_SetPriorityGrouping  stm32f4xx_hal_cortex.o
    0x08001e34   0x08001e34   0x00000134   Code   RO          902    i.HAL_RCC_ClockConfig  stm32f4xx_hal_rcc.o
    0x08001f68   0x08001f68   0x00000040   Code   RO          906    i.HAL_RCC_GetClockConfig  stm32f4xx_hal_rcc.o
    0x08001fa8   0x08001fa8   0x00000020   Code   RO          909    i.HAL_RCC_GetPCLK1Freq  stm32f4xx_hal_rcc.o
    0x08001fc8   0x08001fc8   0x00000020   Code   RO          910    i.HAL_RCC_GetPCLK2Freq  stm32f4xx_hal_rcc.o
    0x08001fe8   0x08001fe8   0x00000064   Code   RO          911    i.HAL_RCC_GetSysClockFreq  stm32f4xx_hal_rcc.o
    0x0800204c   0x0800204c   0x0000035c   Code   RO          914    i.HAL_RCC_OscConfig  stm32f4xx_hal_rcc.o
    0x080023a8   0x080023a8   0x00000002   Code   RO         2792    i.HAL_TIMEx_BreakCallback  stm32f4xx_hal_tim_ex.o
    0x080023aa   0x080023aa   0x00000002   Code   RO         2793    i.HAL_TIMEx_CommutCallback  stm32f4xx_hal_tim_ex.o
    0x080023ac   0x080023ac   0x00000090   Code   RO         2810    i.HAL_TIMEx_MasterConfigSynchronization  stm32f4xx_hal_tim_ex.o
    0x0800243c   0x0800243c   0x00000036   Code   RO         2117    i.HAL_TIM_Base_Init  stm32f4xx_hal_tim.o
    0x08002472   0x08002472   0x00000002   PAD
    0x08002474   0x08002474   0x00000054   Code   RO          405    i.HAL_TIM_Base_MspInit  tim.o
    0x080024c8   0x080024c8   0x00000022   Code   RO         2122    i.HAL_TIM_Base_Start_IT  stm32f4xx_hal_tim.o
    0x080024ea   0x080024ea   0x000000d6   Code   RO         2126    i.HAL_TIM_ConfigClockSource  stm32f4xx_hal_tim.o
    0x080025c0   0x080025c0   0x00000002   Code   RO         2146    i.HAL_TIM_IC_CaptureCallback  stm32f4xx_hal_tim.o
    0x080025c2   0x080025c2   0x00000166   Code   RO         2160    i.HAL_TIM_IRQHandler  stm32f4xx_hal_tim.o
    0x08002728   0x08002728   0x00000078   Code   RO          406    i.HAL_TIM_MspPostInit  tim.o
    0x080027a0   0x080027a0   0x00000002   Code   RO         2163    i.HAL_TIM_OC_DelayElapsedCallback  stm32f4xx_hal_tim.o
    0x080027a2   0x080027a2   0x000000d0   Code   RO         2184    i.HAL_TIM_PWM_ConfigChannel  stm32f4xx_hal_tim.o
    0x08002872   0x08002872   0x00000036   Code   RO         2187    i.HAL_TIM_PWM_Init  stm32f4xx_hal_tim.o
    0x080028a8   0x080028a8   0x00000002   Code   RO         2189    i.HAL_TIM_PWM_MspInit  stm32f4xx_hal_tim.o
    0x080028aa   0x080028aa   0x00000002   Code   RO         2190    i.HAL_TIM_PWM_PulseFinishedCallback  stm32f4xx_hal_tim.o
    0x080028ac   0x080028ac   0x00000044   Code   RO         2192    i.HAL_TIM_PWM_Start  stm32f4xx_hal_tim.o
    0x080028f0   0x080028f0   0x00000014   Code   RO           14    i.HAL_TIM_PeriodElapsedCallback  main.o
    0x08002904   0x08002904   0x00000002   Code   RO         2203    i.HAL_TIM_TriggerCallback  stm32f4xx_hal_tim.o
    0x08002906   0x08002906   0x00000058   Code   RO         3062    i.HAL_UART_DMAStop  stm32f4xx_hal_uart.o
    0x0800295e   0x0800295e   0x00000002   Code   RO         3064    i.HAL_UART_ErrorCallback  stm32f4xx_hal_uart.o
    0x08002960   0x08002960   0x00000062   Code   RO         3068    i.HAL_UART_Init     stm32f4xx_hal_uart.o
    0x080029c2   0x080029c2   0x00000002   PAD
    0x080029c4   0x080029c4   0x000000f4   Code   RO          459    i.HAL_UART_MspInit  usart.o
    0x08002ab8   0x08002ab8   0x00000098   Code   RO         3072    i.HAL_UART_Receive_DMA  stm32f4xx_hal_uart.o
    0x08002b50   0x08002b50   0x00000002   Code   RO         3074    i.HAL_UART_RxCpltCallback  stm32f4xx_hal_uart.o
    0x08002b52   0x08002b52   0x00000002   Code   RO         3075    i.HAL_UART_RxHalfCpltCallback  stm32f4xx_hal_uart.o
    0x08002b54   0x08002b54   0x00000002   Code   RO          511    i.HardFault_Handler  stm32f4xx_it.o
    0x08002b56   0x08002b56   0x00000002   PAD
    0x08002b58   0x08002b58   0x0000000c   Code   RO         5483    i.Is_Error          supervise.o
    0x08002b64   0x08002b64   0x00000028   Code   RO         5431    i.KeyStateChange    remote.o
    0x08002b8c   0x08002b8c   0x000000a8   Code   RO         5614    i.Letdown3510Frictiongear  shoot.o
    0x08002c34   0x08002c34   0x00000010   Code   RO         5485    i.LostCounterFeed   supervise.o
    0x08002c44   0x08002c44   0x00000048   Code   RO          333    i.MX_CAN1_Init      can.o
    0x08002c8c   0x08002c8c   0x00000048   Code   RO          334    i.MX_CAN2_Init      can.o
    0x08002cd4   0x08002cd4   0x0000002c   Code   RO          380    i.MX_DMA_Init       dma.o
    0x08002d00   0x08002d00   0x0000005c   Code   RO          256    i.MX_FREERTOS_Init  freertos.o
    0x08002d5c   0x08002d5c   0x000000a0   Code   RO          232    i.MX_GPIO_Init      gpio.o
    0x08002dfc   0x08002dfc   0x000000b0   Code   RO          408    i.MX_TIM5_Init      tim.o
    0x08002eac   0x08002eac   0x00000044   Code   RO          460    i.MX_USART1_UART_Init  usart.o
    0x08002ef0   0x08002ef0   0x00000002   Code   RO          512    i.MemManage_Handler  stm32f4xx_it.o
    0x08002ef2   0x08002ef2   0x00000002   PAD
    0x08002ef4   0x08002ef4   0x00000070   Code   RO         5361    i.MotorEncoderProcess  motor.o
    0x08002f64   0x08002f64   0x0000002a   Code   RO         5362    i.MotorParamInit    motor.o
    0x08002f8e   0x08002f8e   0x0000005a   Code   RO         5363    i.MotorParamInitFW  motor.o
    0x08002fe8   0x08002fe8   0x00000002   Code   RO          513    i.NMI_Handler       stm32f4xx_it.o
    0x08002fea   0x08002fea   0x00000002   PAD
    0x08002fec   0x08002fec   0x000001bc   Code   RO         5269    i.PID_Calc          pid.o
    0x080031a8   0x080031a8   0x00000002   Code   RO         5578    i.PositionCtrl_MouseKey  position_ctrl.o
    0x080031aa   0x080031aa   0x00000002   PAD
    0x080031ac   0x080031ac   0x000000b0   Code   RO         5579    i.PositionCtrl_Remote  position_ctrl.o
    0x0800325c   0x0800325c   0x00000060   Code   RO         5528    i.PositionParamCalculate  position.o
    0x080032bc   0x080032bc   0x00000114   Code   RO         5529    i.PositionParamChange  position.o
    0x080033d0   0x080033d0   0x00000080   Code   RO         5433    i.REMOTE_IDLE_Callback  remote.o
    0x08003450   0x08003450   0x000000a8   Code   RO         5615    i.Raise3510Frictiongear  shoot.o
    0x080034f8   0x080034f8   0x00000210   Code   RO         5616    i.RaiseFrictiongearSpeed  shoot.o
    0x08003708   0x08003708   0x00000050   Code   RO         5617    i.Remain2006TwoFrictiongearPosition  shoot.o
    0x08003758   0x08003758   0x00000110   Code   RO         5618    i.Remain35083510FrictiongearSpeed  shoot.o
    0x08003868   0x08003868   0x000000b4   Code   RO         5434    i.RemoteData        remote.o
    0x0800391c   0x0800391c   0x00000020   Code   RO         5435    i.Remote_init       remote.o
    0x0800393c   0x0800393c   0x00000002   Code   RO         5728    i.ShootCtrl_MouseKey  shoot_ctrl.o
    0x0800393e   0x0800393e   0x00000002   PAD
    0x08003940   0x08003940   0x0000002c   Code   RO         5729    i.ShootCtrl_Remote  shoot_ctrl.o
    0x0800396c   0x0800396c   0x000000bc   Code   RO         5619    i.ShootParamCalculate  shoot.o
    0x08003a28   0x08003a28   0x000001c0   Code   RO         5620    i.ShootParamChange  shoot.o
    0x08003be8   0x08003be8   0x00000010   Code   RO          257    i.StartPositionTask  freertos.o
    0x08003bf8   0x08003bf8   0x0000000c   Code   RO          258    i.StartShootTask    freertos.o
    0x08003c04   0x08003c04   0x00000010   Code   RO          259    i.StartUserCmdTask  freertos.o
    0x08003c14   0x08003c14   0x00000002   Code   RO          260    i.SuperviseTimer    freertos.o
    0x08003c16   0x08003c16   0x00000002   PAD
    0x08003c18   0x08003c18   0x0000002c   Code   RO         4977    i.SysTick_Handler   port.o
    0x08003c44   0x08003c44   0x00000094   Code   RO           15    i.SystemClock_Config  main.o
    0x08003cd8   0x08003cd8   0x0000001c   Code   RO         3370    i.SystemInit        system_stm32f4xx.o
    0x08003cf4   0x08003cf4   0x0000000c   Code   RO          514    i.TIM8_BRK_TIM12_IRQHandler  stm32f4xx_it.o
    0x08003d00   0x08003d00   0x0000000c   Code   RO          515    i.TIM8_TRG_COM_TIM14_IRQHandler  stm32f4xx_it.o
    0x08003d0c   0x08003d0c   0x000000c8   Code   RO         2205    i.TIM_Base_SetConfig  stm32f4xx_hal_tim.o
    0x08003dd4   0x08003dd4   0x0000001a   Code   RO         2206    i.TIM_CCxChannelCmd  stm32f4xx_hal_tim.o
    0x08003dee   0x08003dee   0x00000014   Code   RO         2216    i.TIM_ETR_SetConfig  stm32f4xx_hal_tim.o
    0x08003e02   0x08003e02   0x00000010   Code   RO         2217    i.TIM_ITRx_SetConfig  stm32f4xx_hal_tim.o
    0x08003e12   0x08003e12   0x00000002   PAD
    0x08003e14   0x08003e14   0x00000060   Code   RO         2218    i.TIM_OC1_SetConfig  stm32f4xx_hal_tim.o
    0x08003e74   0x08003e74   0x0000006c   Code   RO         2219    i.TIM_OC2_SetConfig  stm32f4xx_hal_tim.o
    0x08003ee0   0x08003ee0   0x00000068   Code   RO         2220    i.TIM_OC3_SetConfig  stm32f4xx_hal_tim.o
    0x08003f48   0x08003f48   0x00000050   Code   RO         2221    i.TIM_OC4_SetConfig  stm32f4xx_hal_tim.o
    0x08003f98   0x08003f98   0x00000022   Code   RO         2223    i.TIM_TI1_ConfigInputStage  stm32f4xx_hal_tim.o
    0x08003fba   0x08003fba   0x00000024   Code   RO         2225    i.TIM_TI2_ConfigInputStage  stm32f4xx_hal_tim.o
    0x08003fde   0x08003fde   0x00000018   Code   RO         4496    i.TimerCallback     cmsis_os2.o
    0x08003ff6   0x08003ff6   0x0000004a   Code   RO         3082    i.UART_DMAError     stm32f4xx_hal_uart.o
    0x08004040   0x08004040   0x0000003c   Code   RO         3083    i.UART_DMAReceiveCplt  stm32f4xx_hal_uart.o
    0x0800407c   0x0800407c   0x0000000a   Code   RO         3085    i.UART_DMARxHalfCplt  stm32f4xx_hal_uart.o
    0x08004086   0x08004086   0x0000001c   Code   RO         3091    i.UART_EndRxTransfer  stm32f4xx_hal_uart.o
    0x080040a2   0x080040a2   0x00000012   Code   RO         3092    i.UART_EndTxTransfer  stm32f4xx_hal_uart.o
    0x080040b4   0x080040b4   0x00000128   Code   RO         3094    i.UART_SetConfig    stm32f4xx_hal_uart.o
    0x080041dc   0x080041dc   0x0000000c   Code   RO          516    i.USART1_IRQHandler  stm32f4xx_it.o
    0x080041e8   0x080041e8   0x00000002   Code   RO          517    i.UsageFault_Handler  stm32f4xx_it.o
    0x080041ea   0x080041ea   0x00000020   Code   RO         1728    i.__NVIC_SetPriority  stm32f4xx_hal_cortex.o
    0x0800420a   0x0800420a   0x00000014   Code   RO         5756    i.__hardfp_fabs     m_wm.l(fabs.o)
    0x0800421e   0x0800421e   0x0000000e   Code   RO         5842    i.__scatterload_copy  mc_w.l(handlers.o)
    0x0800422c   0x0800422c   0x00000002   Code   RO         5843    i.__scatterload_null  mc_w.l(handlers.o)
    0x0800422e   0x0800422e   0x0000000e   Code   RO         5844    i.__scatterload_zeroinit  mc_w.l(handlers.o)
    0x0800423c   0x0800423c   0x0000002c   Code   RO         5270    i.fsgn              pid.o
    0x08004268   0x08004268   0x00000048   Code   RO           16    i.main              main.o
    0x080042b0   0x080042b0   0x00000034   Code   RO         4497    i.osDelay           cmsis_os2.o
    0x080042e4   0x080042e4   0x00000034   Code   RO         4511    i.osKernelInitialize  cmsis_os2.o
    0x08004318   0x08004318   0x0000003c   Code   RO         4514    i.osKernelStart     cmsis_os2.o
    0x08004354   0x08004354   0x000000a4   Code   RO         4547    i.osThreadNew       cmsis_os2.o
    0x080043f8   0x080043f8   0x00000084   Code   RO         4556    i.osTimerNew        cmsis_os2.o
    0x0800447c   0x0800447c   0x0000004c   Code   RO         4557    i.osTimerStart      cmsis_os2.o
    0x080044c8   0x080044c8   0x0000005c   Code   RO         3978    i.prvAddCurrentTaskToDelayedList  tasks.o
    0x08004524   0x08004524   0x000000d0   Code   RO         3979    i.prvAddNewTaskToReadyList  tasks.o
    0x080045f4   0x080045f4   0x00000058   Code   RO         4331    i.prvCheckForValidListAndQueue  timers.o
    0x0800464c   0x0800464c   0x00000026   Code   RO         3575    i.prvCopyDataFromQueue  queue.o
    0x08004672   0x08004672   0x0000006c   Code   RO         3576    i.prvCopyDataToQueue  queue.o
    0x080046de   0x080046de   0x00000034   Code   RO         3980    i.prvDeleteTCB      tasks.o
    0x08004712   0x08004712   0x00000002   PAD
    0x08004714   0x08004714   0x0000004c   Code   RO         4927    i.prvHeapInit       heap_4.o
    0x08004760   0x08004760   0x00000060   Code   RO         3981    i.prvIdleTask       tasks.o
    0x080047c0   0x080047c0   0x00000022   Code   RO         3578    i.prvInitialiseNewQueue  queue.o
    0x080047e2   0x080047e2   0x00000002   PAD
    0x080047e4   0x080047e4   0x000000b0   Code   RO         3982    i.prvInitialiseNewTask  tasks.o
    0x08004894   0x08004894   0x0000004e   Code   RO         4332    i.prvInitialiseNewTimer  timers.o
    0x080048e2   0x080048e2   0x00000002   PAD
    0x080048e4   0x080048e4   0x0000004c   Code   RO         4928    i.prvInsertBlockIntoFreeList  heap_4.o
    0x08004930   0x08004930   0x00000038   Code   RO         4333    i.prvInsertTimerInActiveList  timers.o
    0x08004968   0x08004968   0x0000001c   Code   RO         3579    i.prvIsQueueEmpty   queue.o
    0x08004984   0x08004984   0x000000fc   Code   RO         4334    i.prvProcessReceivedCommands  timers.o
    0x08004a80   0x08004a80   0x000000c0   Code   RO         4335    i.prvProcessTimerOrBlockTask  timers.o
    0x08004b40   0x08004b40   0x00000020   Code   RO         3984    i.prvResetNextTaskUnblockTime  tasks.o
    0x08004b60   0x08004b60   0x00000028   Code   RO         4336    i.prvSampleTimeNow  timers.o
    0x08004b88   0x08004b88   0x0000006c   Code   RO         4337    i.prvSwitchTimerLists  timers.o
    0x08004bf4   0x08004bf4   0x00000028   Code   RO         4978    i.prvTaskExitError  port.o
    0x08004c1c   0x08004c1c   0x00000024   Code   RO         4338    i.prvTimerTask      timers.o
    0x08004c40   0x08004c40   0x0000006a   Code   RO         3580    i.prvUnlockQueue    queue.o
    0x08004caa   0x08004caa   0x00000002   PAD
    0x08004cac   0x08004cac   0x000000d8   Code   RO         4929    i.pvPortMalloc      heap_4.o
    0x08004d84   0x08004d84   0x00000024   Code   RO         4339    i.pvTimerGetTimerID  timers.o
    0x08004da8   0x08004da8   0x0000002c   Code   RO         4979    i.pxPortInitialiseStack  port.o
    0x08004dd4   0x08004dd4   0x00000026   Code   RO         3535    i.uxListRemove      list.o
    0x08004dfa   0x08004dfa   0x00000002   PAD
    0x08004dfc   0x08004dfc   0x00000014   Code   RO         4559    i.vApplicationGetIdleTaskMemory  cmsis_os2.o
    0x08004e10   0x08004e10   0x00000018   Code   RO         4560    i.vApplicationGetTimerTaskMemory  cmsis_os2.o
    0x08004e28   0x08004e28   0x00000016   Code   RO         3536    i.vListInitialise   list.o
    0x08004e3e   0x08004e3e   0x00000006   Code   RO         3537    i.vListInitialiseItem  list.o
    0x08004e44   0x08004e44   0x00000030   Code   RO         3538    i.vListInsert       list.o
    0x08004e74   0x08004e74   0x00000018   Code   RO         3539    i.vListInsertEnd    list.o
    0x08004e8c   0x08004e8c   0x00000040   Code   RO         4981    i.vPortEnterCritical  port.o
    0x08004ecc   0x08004ecc   0x00000028   Code   RO         4982    i.vPortExitCritical  port.o
    0x08004ef4   0x08004ef4   0x0000005c   Code   RO         4930    i.vPortFree         heap_4.o
    0x08004f50   0x08004f50   0x00000024   Code   RO         4983    i.vPortSetupTimerInterrupt  port.o
    0x08004f74   0x08004f74   0x00000054   Code   RO         4984    i.vPortValidateInterruptPriority  port.o
    0x08004fc8   0x08004fc8   0x00000028   Code   RO         3586    i.vQueueAddToRegistry  queue.o
    0x08004ff0   0x08004ff0   0x00000044   Code   RO         3590    i.vQueueWaitForMessageRestricted  queue.o
    0x08005034   0x08005034   0x0000004c   Code   RO         3996    i.vTaskDelay        tasks.o
    0x08005080   0x08005080   0x00000010   Code   RO         4001    i.vTaskInternalSetTimeOutState  tasks.o
    0x08005090   0x08005090   0x0000000c   Code   RO         4002    i.vTaskMissedYield  tasks.o
    0x0800509c   0x0800509c   0x00000030   Code   RO         4004    i.vTaskPlaceOnEventList  tasks.o
    0x080050cc   0x080050cc   0x00000038   Code   RO         4005    i.vTaskPlaceOnEventListRestricted  tasks.o
    0x08005104   0x08005104   0x00000088   Code   RO         4013    i.vTaskStartScheduler  tasks.o
    0x0800518c   0x0800518c   0x00000010   Code   RO         4015    i.vTaskSuspendAll   tasks.o
    0x0800519c   0x0800519c   0x00000064   Code   RO         4016    i.vTaskSwitchContext  tasks.o
    0x08005200   0x08005200   0x000000f4   Code   RO         4985    i.xPortStartScheduler  port.o
    0x080052f4   0x080052f4   0x00000066   Code   RO         3596    i.xQueueGenericCreateStatic  queue.o
    0x0800535a   0x0800535a   0x00000002   PAD
    0x0800535c   0x0800535c   0x00000088   Code   RO         3597    i.xQueueGenericReset  queue.o
    0x080053e4   0x080053e4   0x00000160   Code   RO         3598    i.xQueueGenericSend  queue.o
    0x08005544   0x08005544   0x000000bc   Code   RO         3599    i.xQueueGenericSendFromISR  queue.o
    0x08005600   0x08005600   0x00000138   Code   RO         3608    i.xQueueReceive     queue.o
    0x08005738   0x08005738   0x00000074   Code   RO         4017    i.xTaskCheckForTimeOut  tasks.o
    0x080057ac   0x080057ac   0x0000005a   Code   RO         4018    i.xTaskCreate       tasks.o
    0x08005806   0x08005806   0x00000056   Code   RO         4019    i.xTaskCreateStatic  tasks.o
    0x0800585c   0x0800585c   0x0000001c   Code   RO         4023    i.xTaskGetSchedulerState  tasks.o
    0x08005878   0x08005878   0x0000000c   Code   RO         4024    i.xTaskGetTickCount  tasks.o
    0x08005884   0x08005884   0x000000c8   Code   RO         4026    i.xTaskIncrementTick  tasks.o
    0x0800594c   0x0800594c   0x00000080   Code   RO         4029    i.xTaskPriorityDisinherit  tasks.o
    0x080059cc   0x080059cc   0x00000070   Code   RO         4031    i.xTaskRemoveFromEventList  tasks.o
    0x08005a3c   0x08005a3c   0x000000c4   Code   RO         4032    i.xTaskResumeAll    tasks.o
    0x08005b00   0x08005b00   0x00000034   Code   RO         4344    i.xTimerCreate      timers.o
    0x08005b34   0x08005b34   0x0000002e   Code   RO         4345    i.xTimerCreateStatic  timers.o
    0x08005b62   0x08005b62   0x00000002   PAD
    0x08005b64   0x08005b64   0x00000060   Code   RO         4346    i.xTimerCreateTimerTask  timers.o
    0x08005bc4   0x08005bc4   0x00000068   Code   RO         4347    i.xTimerGenericCommand  timers.o
    0x08005c2c   0x08005c2c   0x0000007c   Data   RO          261    .constdata          freertos.o
    0x08005ca8   0x08005ca8   0x00000008   Data   RO         1427    .constdata          stm32f4xx_hal_dma.o
    0x08005cb0   0x08005cb0   0x00000010   Data   RO         3371    .constdata          system_stm32f4xx.o
    0x08005cc0   0x08005cc0   0x00000008   Data   RO         3372    .constdata          system_stm32f4xx.o
    0x08005cc8   0x08005cc8   0x00000038   Data   RO          262    .conststring        freertos.o
    0x08005d00   0x08005d00   0x00000020   Data   RO         5840    Region$$Table       anon$$obj.o


    Execution Region RW_IRAM2 (Exec base: 0x10000000, Load base: 0x08005d48, Size: 0x00000000, Max: 0x00010000, ABSOLUTE)

    **** No section assigned to this execution region ****


    Execution Region RW_IRAM1 (Exec base: 0x20000000, Load base: 0x08005d20, Size: 0x000061e8, Max: 0x00030000, ABSOLUTE, COMPRESSED[0x00000028])

    Exec Addr    Load Addr    Size         Type   Attr      Idx    E Section Name        Object

    0x20000000   COMPRESSED   0x00000010   Data   RW          264    .data               freertos.o
    0x20000010   COMPRESSED   0x00000004   Data   RW          336    .data               can.o
    0x20000014   COMPRESSED   0x0000000c   Data   RW         1874    .data               stm32f4xx_hal.o
    0x20000020   COMPRESSED   0x00000004   Data   RW         3373    .data               system_stm32f4xx.o
    0x20000024   COMPRESSED   0x0000003c   Data   RW         4035    .data               tasks.o
    0x20000060   COMPRESSED   0x00000014   Data   RW         4355    .data               timers.o
    0x20000074   COMPRESSED   0x00000004   Data   RW         4562    .data               cmsis_os2.o
    0x20000078   COMPRESSED   0x00000018   Data   RW         4935    .data               heap_4.o
    0x20000090   COMPRESSED   0x0000000c   Data   RW         4986    .data               port.o
    0x2000009c   COMPRESSED   0x00000010   Data   RW         5305    .data               bsp_can.o
    0x200000ac   COMPRESSED   0x0000004c   Data   RW         5380    .data               motor.o
    0x200000f8   COMPRESSED   0x00000004   Data   RW         5488    .data               supervise.o
    0x200000fc   COMPRESSED   0x00000004   PAD
    0x20000100   COMPRESSED   0x00000008   Data   RW         5580    .data               position_ctrl.o
    0x20000108   COMPRESSED   0x00000024   Data   RW         5621    .data               shoot.o
    0x2000012c   COMPRESSED   0x00000004   Data   RW         5692    .data               robot.o
    0x20000130        -       0x00000050   Zero   RW          335    .bss                can.o
    0x20000180        -       0x00000080   Zero   RW          409    .bss                tim.o
    0x20000200        -       0x000000e0   Zero   RW          462    .bss                usart.o
    0x200002e0        -       0x00000040   Zero   RW          631    .bss                stm32f4xx_hal_timebase_tim.o
    0x20000320        -       0x00000040   Zero   RW         3612    .bss                queue.o
    0x20000360        -       0x000004c4   Zero   RW         4034    .bss                tasks.o
    0x20000824        -       0x00000118   Zero   RW         4354    .bss                timers.o
    0x2000093c        -       0x000006b8   Zero   RW         4561    .bss                cmsis_os2.o
    0x20000ff4        -       0x00003c00   Zero   RW         4934    .bss                heap_4.o
    0x20004bf4        -       0x00000110   Zero   RW         5364    .bss                motor.o
    0x20004d04        -       0x00000110   Zero   RW         5365    .bss                motor.o
    0x20004e14        -       0x00000110   Zero   RW         5366    .bss                motor.o
    0x20004f24        -       0x00000110   Zero   RW         5367    .bss                motor.o
    0x20005034        -       0x00000110   Zero   RW         5368    .bss                motor.o
    0x20005144        -       0x00000110   Zero   RW         5369    .bss                motor.o
    0x20005254        -       0x00000110   Zero   RW         5370    .bss                motor.o
    0x20005364        -       0x00000110   Zero   RW         5371    .bss                motor.o
    0x20005474        -       0x00000110   Zero   RW         5372    .bss                motor.o
    0x20005584        -       0x00000110   Zero   RW         5373    .bss                motor.o
    0x20005694        -       0x00000110   Zero   RW         5374    .bss                motor.o
    0x200057a4        -       0x00000110   Zero   RW         5375    .bss                motor.o
    0x200058b4        -       0x00000110   Zero   RW         5376    .bss                motor.o
    0x200059c4        -       0x00000110   Zero   RW         5377    .bss                motor.o
    0x20005ad4        -       0x00000110   Zero   RW         5378    .bss                motor.o
    0x20005be4        -       0x00000110   Zero   RW         5379    .bss                motor.o
    0x20005cf4        -       0x00000084   Zero   RW         5436    .bss                remote.o
    0x20005d78        -       0x00000030   Zero   RW         5487    .bss                supervise.o
    0x20005da8        -       0x0000003c   Zero   RW         5691    .bss                robot.o
    0x20005de4   COMPRESSED   0x00000004   PAD
    0x20005de8        -       0x00000400   Zero   RW            1    STACK               startup_stm32f427xx.o


==============================================================================

Image component sizes


      Code (inc. data)   RO Data    RW Data    ZI Data      Debug   Object Name

       660        120          0         16          0       5580   bsp_can.o
       396         44          0          4         80       2534   can.o
       604         44          0          4       1720      33422   cmsis_os2.o
        44          4          0          0          0        802   dma.o
         0          0          0          0          0      20896   event_groups.o
       138         24        180         16          0       3813   freertos.o
       160         10          0          0          0       1055   gpio.o
       460         24          0         24      15360       4851   heap_4.o
       138          0          0          0          0       3622   list.o
       244         24          0          0          0     762591   main.o
       364         18          0         76       4352       5494   motor.o
       488         10          0          0          0       6931   pid.o
       786         82          0         12          0      11741   port.o
       372         40          0          0          0       3401   position.o
       178         18          0          8          0       1294   position_ctrl.o
      1512         20          0          0         64      17576   queue.o
       380         38          0          0        132       4064   remote.o
      1268        188          0          4         60       2746   robot.o
      2008        252          0         36          0       6551   shoot.o
        46         10          0          0          0        960   shoot_ctrl.o
        36          8        428          0       1024        848   startup_stm32f427xx.o
        80         14          0         12          0       8310   stm32f4xx_hal.o
      1656          6          0          0          0      13947   stm32f4xx_hal_can.o
       158         14          0          0          0      33222   stm32f4xx_hal_cortex.o
      1044         16          8          0          0       6799   stm32f4xx_hal_dma.o
       478         54          0          0          0       2448   stm32f4xx_hal_gpio.o
        56          4          0          0          0        894   stm32f4xx_hal_msp.o
      1396         86          0          0          0       5973   stm32f4xx_hal_rcc.o
      1720         90          0          0          0      16814   stm32f4xx_hal_tim.o
       148         28          0          0          0       2505   stm32f4xx_hal_tim_ex.o
       116         16          0          0         64       1460   stm32f4xx_hal_timebase_tim.o
       830         24          0          0          0       8387   stm32f4xx_hal_uart.o
        84         36          0          0          0       5811   stm32f4xx_it.o
         0          0          0          0          0        392   stream_buffer.o
        28         10          0          4         48       1617   supervise.o
        28          6         24          4          0       1191   system_stm32f4xx.o
      2084        170          0         60       1220      27252   tasks.o
       380         38          0          0        128       2611   tim.o
      1184         80          0         20        280      36167   timers.o
       312         42          0          0        224       2020   usart.o

    ----------------------------------------------------------------------
     22114       1712        672        304      24760    1078592   Object Totals
         0          0         32          0          0          0   (incl. Generated)
        50          0          0          4          4          0   (incl. Padding)

    ----------------------------------------------------------------------

      Code (inc. data)   RO Data    RW Data    ZI Data      Debug   Library Member Name

        20          0          0          0          0        124   fabs.o
        58          0          0          0          0          0   __dczerorl.o
         0          0          0          0          0          0   entry.o
         0          0          0          0          0          0   entry10a.o
         0          0          0          0          0          0   entry11a.o
         4          0          0          0          0          0   entry12b.o
         8          4          0          0          0          0   entry2.o
         4          0          0          0          0          0   entry5.o
         0          0          0          0          0          0   entry7b.o
         0          0          0          0          0          0   entry8b.o
         8          4          0          0          0          0   entry9a.o
        30          0          0          0          0          0   handlers.o
        36          8          0          0          0         68   init.o
         0          0          0          0          0          0   iusefp.o
        30          0          0          0          0         68   llshl.o
        32          0          0          0          0         68   llushr.o
        36          0          0          0          0         68   memcpya.o
        36          0          0          0          0        108   memseta.o
        98          0          0          0          0         92   uldiv.o
        56          0          0          0          0         88   d2f.o
       186          0          0          0          0        176   depilogue.o
        34          0          0          0          0         76   dflti.o
       228          0          0          0          0         96   dmul.o
        38          0          0          0          0         68   f2d.o
       110          0          0          0          0        168   fepilogue.o

    ----------------------------------------------------------------------
      1054         16          0          0          0       1268   Library Totals
         2          0          0          0          0          0   (incl. Padding)

    ----------------------------------------------------------------------

      Code (inc. data)   RO Data    RW Data    ZI Data      Debug   Library Name

        20          0          0          0          0        124   m_wm.l
       380         16          0          0          0        472   mc_w.l
       652          0          0          0          0        672   mf_w.l

    ----------------------------------------------------------------------
      1054         16          0          0          0       1268   Library Totals

    ----------------------------------------------------------------------

==============================================================================


      Code (inc. data)   RO Data    RW Data    ZI Data      Debug   

     23168       1728        672        304      24760    1058576   Grand Totals
     23168       1728        672         40      24760    1058576   ELF Image Totals (compressed)
     23168       1728        672         40          0          0   ROM Totals

==============================================================================

    Total RO  Size (Code + RO Data)                23840 (  23.28kB)
    Total RW  Size (RW Data + ZI Data)             25064 (  24.48kB)
    Total ROM Size (Code + RO Data + RW Data)      23880 (  23.32kB)

==============================================================================

